#
# There is insufficient memory for the Java Runtime Environment to continue.
# Native memory allocation (mmap) failed to map 182452224 bytes. Error detail: G1 virtual space
# Possible reasons:
#   The system is out of physical RAM or swap space
#   This process is running with CompressedOops enabled, and the Java Heap may be blocking the growth of the native heap
# Possible solutions:
#   Reduce memory load on the system
#   Increase physical memory or swap space
#   Check if swap backing store is full
#   Decrease Java heap size (-Xmx/-Xms)
#   Decrease number of Java threads
#   Decrease Java thread stack sizes (-Xss)
#   Set larger code cache with -XX:ReservedCodeCacheSize=
#   JVM is running with Zero Based Compressed Oops mode in which the Java heap is
#     placed in the first 32GB address space. The Java Heap base address is the
#     maximum limit for the native heap growth. Please use -XX:HeapBaseMinAddress
#     to set the Java Heap base and to place the Java Heap above 32GB virtual address.
# This output file may be truncated or incomplete.
#
#  Out of Memory Error (os_windows.cpp:3710), pid=65044, tid=4184
#
# JRE version: OpenJDK Runtime Environment Microsoft-10800295 (17.0.14+7) (build 17.0.14+7-LTS)
# Java VM: OpenJDK 64-Bit Server VM Microsoft-10800295 (17.0.14+7-LTS, mixed mode, emulated-client, sharing, tiered, compressed oops, compressed class ptrs, g1 gc, windows-amd64)
# No core dump will be written. Minidumps are not enabled by default on client versions of Windows
#

---------------  S U M M A R Y ------------

Command Line: -XX:TieredStopAtLevel=1 -Dspring.output.ansi.enabled=always -javaagent:D:\IntelliJ IDEA 2026.1\lib\idea_rt.jar=65175 -Dfile.encoding=UTF-8 com.atguigu.daijia.ServiceMqApplication

Host: 12th Gen Intel(R) Core(TM) i7-12700H, 20 cores, 15G,  Windows 11 , 64 bit Build 26100 (10.0.26100.8246)
Time: Fri Apr 24 01:15:02 2026  Windows 11 , 64 bit Build 26100 (10.0.26100.8246) elapsed time: 10.697913 seconds (0d 0h 0m 10s)

---------------  T H R E A D  ---------------

Current thread (0x000001ad1baad510):  VMThread "VM Thread" [stack: 0x0000008122500000,0x0000008122600000] [id=4184]

Stack: [0x0000008122500000,0x0000008122600000]
Native frames: (J=compiled Java code, j=interpreted, Vv=VM code, C=native code)
V  [jvm.dll+0x6886b9]
V  [jvm.dll+0x83f6f8]
V  [jvm.dll+0x8411a3]
V  [jvm.dll+0x841813]
V  [jvm.dll+0x2495cf]
V  [jvm.dll+0x6855f9]
V  [jvm.dll+0x679a8a]
V  [jvm.dll+0x30afc7]
V  [jvm.dll+0x312536]
V  [jvm.dll+0x362eee]
V  [jvm.dll+0x36312d]
V  [jvm.dll+0x2e225c]
V  [jvm.dll+0x2e0609]
V  [jvm.dll+0x2dfd6c]
V  [jvm.dll+0x32291b]
V  [jvm.dll+0x84604d]
V  [jvm.dll+0x846d83]
V  [jvm.dll+0x8472af]
V  [jvm.dll+0x847694]
V  [jvm.dll+0x84775e]
V  [jvm.dll+0x7ef2ac]
V  [jvm.dll+0x687597]
C  [ucrtbase.dll+0x37b0]
C  [KERNEL32.DLL+0x2e8d7]
C  [ntdll.dll+0x8c3fc]

VM_Operation (0x0000008121ffcbe0): G1CollectForAllocation, mode: safepoint, requested by thread 0x000001ad04a8b650


---------------  P R O C E S S  ---------------

Threads class SMR info:
_java_thread_list=0x000001ad644e8a30, length=83, elements={
0x000001ad04a8b650, 0x000001ad1bab55d0, 0x000001ad1bab6d00, 0x000001ad1bad2a80,
0x000001ad1bad5450, 0x000001ad1bada9a0, 0x000001ad1badbed0, 0x000001ad1bae00e0,
0x000001ad1bae1dd0, 0x000001ad1c740a60, 0x000001ad1c740f40, 0x000001ad1c741460,
0x000001ad1c8df230, 0x000001ad1c8e5770, 0x000001ad1c8e5c90, 0x000001ad1cab8730,
0x000001ad62524fa0, 0x000001ad62f77fe0, 0x000001ad62f7aaa0, 0x000001ad62f73a40,
0x000001ad62f74330, 0x000001ad62fa6080, 0x000001ad62fa6560, 0x000001ad63001010,
0x000001ad630b7e00, 0x000001ad630b5a90, 0x000001ad630b5fa0, 0x000001ad630b8310,
0x000001ad630b73e0, 0x000001ad630b64b0, 0x000001ad630b8820, 0x000001ad630b69c0,
0x000001ad630b5070, 0x000001ad630b5580, 0x000001ad630b6ed0, 0x000001ad630b78f0,
0x000001ad634d3f00, 0x000001ad634d5850, 0x000001ad634d39f0, 0x000001ad634d4410,
0x000001ad634d25b0, 0x000001ad634d20a0, 0x000001ad634d5d60, 0x000001ad634d6270,
0x000001ad634d4e30, 0x000001ad634d5340, 0x000001ad634d2ac0, 0x000001ad634d34e0,
0x000001ad634d2fd0, 0x000001ad634d71a0, 0x000001ad634d9a20, 0x000001ad634d9510,
0x000001ad634d6780, 0x000001ad634d9000, 0x000001ad634d8af0, 0x000001ad634d6c90,
0x000001ad634d76b0, 0x000001ad634d7bc0, 0x000001ad634d80d0, 0x000001ad634d85e0,
0x000001ad64297aa0, 0x000001ad64297fb0, 0x000001ad6429a830, 0x000001ad64297080,
0x000001ad642984c0, 0x000001ad642989d0, 0x000001ad64299e10, 0x000001ad64299900,
0x000001ad64298ee0, 0x000001ad64297590, 0x000001ad642993f0, 0x000001ad6429a320,
0x000001ad64c6ed80, 0x000001ad64c6f290, 0x000001ad64c6e870, 0x000001ad64c6f7a0,
0x000001ad64c710f0, 0x000001ad64c70be0, 0x000001ad64c6fcb0, 0x000001ad64c701c0,
0x000001ad64c706d0, 0x000001ad64c71600, 0x000001ad64c71b10
}

Java Threads: ( => current thread )
  0x000001ad04a8b650 JavaThread "main" [_thread_blocked, id=50508, stack(0x0000008121f00000,0x0000008122000000)]
  0x000001ad1bab55d0 JavaThread "Reference Handler" daemon [_thread_blocked, id=66548, stack(0x0000008122600000,0x0000008122700000)]
  0x000001ad1bab6d00 JavaThread "Finalizer" daemon [_thread_blocked, id=42392, stack(0x0000008122700000,0x0000008122800000)]
  0x000001ad1bad2a80 JavaThread "Signal Dispatcher" daemon [_thread_blocked, id=53416, stack(0x0000008122800000,0x0000008122900000)]
  0x000001ad1bad5450 JavaThread "Attach Listener" daemon [_thread_blocked, id=57700, stack(0x0000008122900000,0x0000008122a00000)]
  0x000001ad1bada9a0 JavaThread "Service Thread" daemon [_thread_blocked, id=27528, stack(0x0000008122a00000,0x0000008122b00000)]
  0x000001ad1badbed0 JavaThread "Monitor Deflation Thread" daemon [_thread_blocked, id=44484, stack(0x0000008122b00000,0x0000008122c00000)]
  0x000001ad1bae00e0 JavaThread "C1 CompilerThread0" daemon [_thread_blocked, id=54840, stack(0x0000008122c00000,0x0000008122d00000)]
  0x000001ad1bae1dd0 JavaThread "Sweeper thread" daemon [_thread_blocked, id=54196, stack(0x0000008122d00000,0x0000008122e00000)]
  0x000001ad1c740a60 JavaThread "Common-Cleaner" daemon [_thread_blocked, id=41272, stack(0x0000008122e00000,0x0000008122f00000)]
  0x000001ad1c740f40 JavaThread "C1 CompilerThread1" daemon [_thread_blocked, id=34336, stack(0x0000008122f00000,0x0000008123000000)]
  0x000001ad1c741460 JavaThread "C1 CompilerThread2" daemon [_thread_blocked, id=29220, stack(0x0000008123000000,0x0000008123100000)]
  0x000001ad1c8df230 JavaThread "C1 CompilerThread3" daemon [_thread_blocked, id=21212, stack(0x0000008123100000,0x0000008123200000)]
  0x000001ad1c8e5770 JavaThread "C1 CompilerThread4" daemon [_thread_blocked, id=32636, stack(0x0000008123200000,0x0000008123300000)]
  0x000001ad1c8e5c90 JavaThread "C1 CompilerThread5" daemon [_thread_blocked, id=3388, stack(0x0000008123300000,0x0000008123400000)]
  0x000001ad1cab8730 JavaThread "Monitor Ctrl-Break" daemon [_thread_in_native, id=50328, stack(0x0000008123400000,0x0000008123500000)]
  0x000001ad62524fa0 JavaThread "Notification Thread" daemon [_thread_blocked, id=61672, stack(0x0000008123500000,0x0000008123600000)]
  0x000001ad62f77fe0 JavaThread "com.alibaba.nacos.client.auth.ram.identify.watcher.0" daemon [_thread_blocked, id=58452, stack(0x0000008123c00000,0x0000008123d00000)]
  0x000001ad62f7aaa0 JavaThread "com.alibaba.nacos.client.Worker" daemon [_thread_blocked, id=36588, stack(0x0000008123e00000,0x0000008123f00000)]
  0x000001ad62f73a40 JavaThread "com.alibaba.nacos.client.Worker" daemon [_thread_blocked, id=49528, stack(0x0000008123f00000,0x0000008124000000)]
  0x000001ad62f74330 JavaThread "com.alibaba.nacos.client.Worker" daemon [_thread_blocked, id=17264, stack(0x0000008124000000,0x0000008124100000)]
  0x000001ad62fa6080 JavaThread "nacos.publisher-com.alibaba.nacos.common.notify.SlowEvent" daemon [_thread_blocked, id=55172, stack(0x0000008124100000,0x0000008124200000)]
  0x000001ad62fa6560 JavaThread "com.alibaba.nacos.client.remote.worker" daemon [_thread_blocked, id=39284, stack(0x0000008124200000,0x0000008124300000)]
  0x000001ad63001010 JavaThread "com.alibaba.nacos.client.remote.worker" daemon [_thread_blocked, id=44772, stack(0x0000008124300000,0x0000008124400000)]
  0x000001ad630b7e00 JavaThread "grpc-nio-worker-ELG-1-1" daemon [_thread_in_native, id=27740, stack(0x0000008124f00000,0x0000008125000000)]
  0x000001ad630b5a90 JavaThread "grpc-default-executor-0" daemon [_thread_blocked, id=45560, stack(0x0000008125000000,0x0000008125100000)]
  0x000001ad630b5fa0 JavaThread "nacos-grpc-client-executor-localhost-0" daemon [_thread_blocked, id=64160, stack(0x0000008125100000,0x0000008125200000)]
  0x000001ad630b8310 JavaThread "nacos-grpc-client-executor-localhost-1" daemon [_thread_blocked, id=58244, stack(0x0000008125200000,0x0000008125300000)]
  0x000001ad630b73e0 JavaThread "grpc-nio-worker-ELG-1-2" daemon [_thread_in_native, id=66176, stack(0x0000008125300000,0x0000008125400000)]
  0x000001ad630b64b0 JavaThread "nacos-grpc-client-executor-localhost-2" daemon [_thread_blocked, id=25280, stack(0x0000008125500000,0x0000008125600000)]
  0x000001ad630b8820 JavaThread "nacos-grpc-client-executor-localhost-3" daemon [_thread_blocked, id=10980, stack(0x0000008125600000,0x0000008125700000)]
  0x000001ad630b69c0 JavaThread "nacos-grpc-client-executor-localhost-4" daemon [_thread_blocked, id=21364, stack(0x0000008125700000,0x0000008125800000)]
  0x000001ad630b5070 JavaThread "nacos-grpc-client-executor-localhost-5" daemon [_thread_blocked, id=40068, stack(0x0000008125800000,0x0000008125900000)]
  0x000001ad630b5580 JavaThread "nacos-grpc-client-executor-localhost-6" daemon [_thread_blocked, id=27864, stack(0x0000008125900000,0x0000008125a00000)]
  0x000001ad630b6ed0 JavaThread "nacos-grpc-client-executor-localhost-7" daemon [_thread_blocked, id=45412, stack(0x0000008125a00000,0x0000008125b00000)]
  0x000001ad630b78f0 JavaThread "nacos-grpc-client-executor-localhost-8" daemon [_thread_blocked, id=40392, stack(0x0000008125b00000,0x0000008125c00000)]
  0x000001ad634d3f00 JavaThread "nacos-grpc-client-executor-localhost-9" daemon [_thread_blocked, id=46436, stack(0x0000008125c00000,0x0000008125d00000)]
  0x000001ad634d5850 JavaThread "nacos-grpc-client-executor-localhost-10" daemon [_thread_blocked, id=63096, stack(0x0000008125d00000,0x0000008125e00000)]
  0x000001ad634d39f0 JavaThread "nacos-grpc-client-executor-localhost-11" daemon [_thread_blocked, id=36412, stack(0x0000008125e00000,0x0000008125f00000)]
  0x000001ad634d4410 JavaThread "nacos-grpc-client-executor-localhost-12" daemon [_thread_blocked, id=2792, stack(0x0000008125f00000,0x0000008126000000)]
  0x000001ad634d25b0 JavaThread "nacos-grpc-client-executor-localhost-13" daemon [_thread_blocked, id=9376, stack(0x0000008126000000,0x0000008126100000)]
  0x000001ad634d20a0 JavaThread "nacos-grpc-client-executor-localhost-14" daemon [_thread_blocked, id=54560, stack(0x0000008126100000,0x0000008126200000)]
  0x000001ad634d5d60 JavaThread "nacos-grpc-client-executor-localhost-15" daemon [_thread_blocked, id=24132, stack(0x0000008126200000,0x0000008126300000)]
  0x000001ad634d6270 JavaThread "Catalina-utility-1" [_thread_blocked, id=23056, stack(0x0000008126300000,0x0000008126400000)]
  0x000001ad634d4e30 JavaThread "Catalina-utility-2" [_thread_blocked, id=43508, stack(0x0000008126400000,0x0000008126500000)]
  0x000001ad634d5340 JavaThread "container-0" [_thread_blocked, id=35608, stack(0x0000008126500000,0x0000008126600000)]
  0x000001ad634d2ac0 JavaThread "Thread-11" daemon [_thread_in_native, id=22004, stack(0x0000008126600000,0x0000008126700000)]
  0x000001ad634d34e0 JavaThread "lettuce-timer-3-1" daemon [_thread_blocked, id=47072, stack(0x0000008126700000,0x0000008126800000)]
  0x000001ad634d2fd0 JavaThread "com.alibaba.nacos.client.Worker" daemon [_thread_blocked, id=25996, stack(0x0000008126800000,0x0000008126900000)]
  0x000001ad634d71a0 JavaThread "redisson-netty-4-1" [_thread_in_native, id=27920, stack(0x0000008126900000,0x0000008126a00000)]
  0x000001ad634d9a20 JavaThread "redisson-netty-4-2" [_thread_in_native, id=32772, stack(0x0000008126a00000,0x0000008126b00000)]
  0x000001ad634d9510 JavaThread "redisson-netty-4-3" [_thread_in_native, id=2596, stack(0x0000008126b00000,0x0000008126c00000)]
  0x000001ad634d6780 JavaThread "redisson-netty-4-4" [_thread_in_native, id=51888, stack(0x0000008126c00000,0x0000008126d00000)]
  0x000001ad634d9000 JavaThread "redisson-timer-6-1" [_thread_blocked, id=45856, stack(0x0000008126d00000,0x0000008126e00000)]
  0x000001ad634d8af0 JavaThread "redisson-netty-4-5" [_thread_in_native, id=43548, stack(0x0000008126e00000,0x0000008126f00000)]
  0x000001ad634d6c90 JavaThread "redisson-netty-4-6" [_thread_in_native, id=49920, stack(0x0000008126f00000,0x0000008127000000)]
  0x000001ad634d76b0 JavaThread "redisson-netty-4-7" [_thread_in_native, id=56116, stack(0x0000008127000000,0x0000008127100000)]
  0x000001ad634d7bc0 JavaThread "redisson-netty-4-8" [_thread_in_native, id=41672, stack(0x0000008127100000,0x0000008127200000)]
  0x000001ad634d80d0 JavaThread "redisson-netty-4-9" [_thread_in_native, id=48132, stack(0x0000008127200000,0x0000008127300000)]
  0x000001ad634d85e0 JavaThread "redisson-netty-4-10" [_thread_in_native, id=66380, stack(0x0000008127300000,0x0000008127400000)]
  0x000001ad64297aa0 JavaThread "redisson-netty-4-11" [_thread_in_native, id=28876, stack(0x0000008127400000,0x0000008127500000)]
  0x000001ad64297fb0 JavaThread "redisson-netty-4-12" [_thread_in_native, id=62116, stack(0x0000008127500000,0x0000008127600000)]
  0x000001ad6429a830 JavaThread "redisson-netty-4-13" [_thread_in_native, id=4448, stack(0x0000008127600000,0x0000008127700000)]
  0x000001ad64297080 JavaThread "redisson-netty-4-14" [_thread_in_native, id=24156, stack(0x0000008127700000,0x0000008127800000)]
  0x000001ad642984c0 JavaThread "redisson-netty-4-15" [_thread_in_native, id=54316, stack(0x0000008127800000,0x0000008127900000)]
  0x000001ad642989d0 JavaThread "redisson-netty-4-16" [_thread_in_native, id=35376, stack(0x0000008127900000,0x0000008127a00000)]
  0x000001ad64299e10 JavaThread "redisson-netty-4-17" [_thread_in_native, id=40680, stack(0x0000008127a00000,0x0000008127b00000)]
  0x000001ad64299900 JavaThread "redisson-netty-4-18" [_thread_in_native, id=21268, stack(0x0000008127b00000,0x0000008127c00000)]
  0x000001ad64298ee0 JavaThread "redisson-netty-4-19" [_thread_in_native, id=27932, stack(0x0000008127c00000,0x0000008127d00000)]
  0x000001ad64297590 JavaThread "redisson-netty-4-20" [_thread_in_native, id=42080, stack(0x0000008127d00000,0x0000008127e00000)]
  0x000001ad642993f0 JavaThread "redisson-netty-4-21" [_thread_in_native, id=60052, stack(0x0000008127e00000,0x0000008127f00000)]
  0x000001ad6429a320 JavaThread "redisson-netty-4-22" [_thread_in_native, id=62488, stack(0x0000008127f00000,0x0000008128000000)]
  0x000001ad64c6ed80 JavaThread "redisson-netty-4-23" [_thread_in_native, id=64220, stack(0x0000008128000000,0x0000008128100000)]
  0x000001ad64c6f290 JavaThread "redisson-netty-4-24" [_thread_in_native, id=42300, stack(0x0000008128100000,0x0000008128200000)]
  0x000001ad64c6e870 JavaThread "redisson-netty-4-25" [_thread_in_native, id=55752, stack(0x0000008128200000,0x0000008128300000)]
  0x000001ad64c6f7a0 JavaThread "redisson-netty-4-26" [_thread_in_native, id=63060, stack(0x0000008128300000,0x0000008128400000)]
  0x000001ad64c710f0 JavaThread "redisson-netty-4-27" [_thread_in_native, id=27256, stack(0x0000008128400000,0x0000008128500000)]
  0x000001ad64c70be0 JavaThread "redisson-netty-4-28" [_thread_in_native, id=10804, stack(0x0000008128500000,0x0000008128600000)]
  0x000001ad64c6fcb0 JavaThread "redisson-netty-4-29" [_thread_in_native, id=41988, stack(0x0000008128600000,0x0000008128700000)]
  0x000001ad64c701c0 JavaThread "redisson-netty-4-30" [_thread_in_native, id=60816, stack(0x0000008128700000,0x0000008128800000)]
  0x000001ad64c706d0 JavaThread "redisson-netty-4-31" [_thread_in_native, id=42680, stack(0x0000008128800000,0x0000008128900000)]
  0x000001ad64c71600 JavaThread "redisson-netty-4-32" [_thread_in_native, id=58468, stack(0x0000008128900000,0x0000008128a00000)]
  0x000001ad64c71b10 JavaThread "spring.cloud.inetutils" daemon [_thread_blocked, id=56864, stack(0x0000008128a00000,0x0000008128b00000)]

Other Threads:
=>0x000001ad1baad510 VMThread "VM Thread" [stack: 0x0000008122500000,0x0000008122600000] [id=4184]
  0x000001ad04a8bf20 WatcherThread [stack: 0x0000008123600000,0x0000008123700000] [id=52968]
  0x000001ad04af7600 GCTaskThread "GC Thread#0" [stack: 0x0000008122000000,0x0000008122100000] [id=62020]
  0x000001ad627a0fd0 GCTaskThread "GC Thread#1" [stack: 0x0000008123700000,0x0000008123800000] [id=8228]
  0x000001ad62636df0 GCTaskThread "GC Thread#2" [stack: 0x0000008123800000,0x0000008123900000] [id=30676]
  0x000001ad62788040 GCTaskThread "GC Thread#3" [stack: 0x0000008123900000,0x0000008123a00000] [id=59376]
  0x000001ad627ae3d0 GCTaskThread "GC Thread#4" [stack: 0x0000008123a00000,0x0000008123b00000] [id=53464]
  0x000001ad627aeea0 GCTaskThread "GC Thread#5" [stack: 0x0000008123b00000,0x0000008123c00000] [id=63568]
  0x000001ad62aa7280 GCTaskThread "GC Thread#6" [stack: 0x0000008123d00000,0x0000008123e00000] [id=37092]
  0x000001ad630c34d0 GCTaskThread "GC Thread#7" [stack: 0x0000008124400000,0x0000008124500000] [id=46312]
  0x000001ad630c47b0 GCTaskThread "GC Thread#8" [stack: 0x0000008124500000,0x0000008124600000] [id=60464]
  0x000001ad630c4a70 GCTaskThread "GC Thread#9" [stack: 0x0000008124600000,0x0000008124700000] [id=62164]
  0x000001ad630c4d30 GCTaskThread "GC Thread#10" [stack: 0x0000008124700000,0x0000008124800000] [id=6316]
  0x000001ad630c6010 GCTaskThread "GC Thread#11" [stack: 0x0000008124800000,0x0000008124900000] [id=30836]
  0x000001ad630c80f0 GCTaskThread "GC Thread#12" [stack: 0x0000008124900000,0x0000008124a00000] [id=58480]
  0x000001ad630c78b0 GCTaskThread "GC Thread#13" [stack: 0x0000008124a00000,0x0000008124b00000] [id=54856]
  0x000001ad630c7b70 GCTaskThread "GC Thread#14" [stack: 0x0000008124b00000,0x0000008124c00000] [id=50280]
  0x000001ad04b08e20 ConcurrentGCThread "G1 Main Marker" [stack: 0x0000008122100000,0x0000008122200000] [id=28180]
  0x000001ad04b0a850 ConcurrentGCThread "G1 Conc#0" [stack: 0x0000008122200000,0x0000008122300000] [id=57032]
  0x000001ad630c8bf0 ConcurrentGCThread "G1 Conc#1" [stack: 0x0000008124c00000,0x0000008124d00000] [id=66308]
  0x000001ad630c83b0 ConcurrentGCThread "G1 Conc#2" [stack: 0x0000008124d00000,0x0000008124e00000] [id=48140]
  0x000001ad630c8eb0 ConcurrentGCThread "G1 Conc#3" [stack: 0x0000008124e00000,0x0000008124f00000] [id=50528]
  0x000001ad1b9e8670 ConcurrentGCThread "G1 Refine#0" [stack: 0x0000008122300000,0x0000008122400000] [id=12576]
  0x000001ad69490900 ConcurrentGCThread "G1 Refine#1" [stack: 0x000000812a700000,0x000000812a800000] [id=61256]
  0x000001ad1b9ebf60 ConcurrentGCThread "G1 Service" [stack: 0x0000008122400000,0x0000008122500000] [id=19800]

Threads with active compile tasks:

VM state: at safepoint (normal execution)

VM Mutex/Monitor currently owned by a thread:  ([mutex/lock_event])
[0x000001ad04a86ac0] Threads_lock - owner thread: 0x000001ad1baad510
[0x000001ad04a87d50] Heap_lock - owner thread: 0x000001ad04a8b650

Heap address: 0x0000000704000000, size: 4032 MB, Compressed Oops mode: Zero based, Oop shift amount: 3

CDS archive(s) mapped at: [0x000001ad1d000000-0x000001ad1dbb0000-0x000001ad1dbb0000), size 12255232, SharedBaseAddress: 0x000001ad1d000000, ArchiveRelocationMode: 1.
Compressed class space mapped at: 0x000001ad1e000000-0x000001ad5e000000, reserved size: 1073741824
Narrow klass base: 0x000001ad1d000000, Narrow klass shift: 0, Narrow klass range: 0x100000000

GC Precious Log:
 CPUs: 20 total, 20 available
 Memory: 16124M
 Large Page Support: Disabled
 NUMA Support: Disabled
 Compressed Oops: Enabled (Zero based)
 Heap Region Size: 2M
 Heap Min Capacity: 8M
 Heap Initial Capacity: 252M
 Heap Max Capacity: 4032M
 Pre-touch: Disabled
 Parallel Workers: 15
 Concurrent Workers: 4
 Concurrent Refinement Workers: 15
 Periodic GC: Disabled

Heap:
 garbage-first heap   total 258048K, used 107266K [0x0000000704000000, 0x0000000800000000)
  region size 2048K, 2 young (4096K), 2 survivors (4096K)
 Metaspace       used 65009K, committed 65472K, reserved 1114112K
  class space    used 8959K, committed 9152K, reserved 1048576K

Heap Regions: E=young(eden), S=young(survivor), O=old, HS=humongous(starts), HC=humongous(continues), CS=collection set, F=free, OA=open archive, CA=closed archive, TAMS=top-at-mark-start (previous, next)
|   0|0x0000000704000000, 0x0000000704200000, 0x0000000704200000|100%| O|  |TAMS 0x0000000704200000, 0x0000000704200000| Untracked 
|   1|0x0000000704200000, 0x0000000704400000, 0x0000000704400000|100%| O|  |TAMS 0x0000000704400000, 0x0000000704400000| Untracked 
|   2|0x0000000704400000, 0x0000000704600000, 0x0000000704600000|100%| O|  |TAMS 0x0000000704600000, 0x0000000704600000| Untracked 
|   3|0x0000000704600000, 0x0000000704800000, 0x0000000704800000|100%| O|  |TAMS 0x0000000704800000, 0x0000000704800000| Untracked 
|   4|0x0000000704800000, 0x0000000704a00000, 0x0000000704a00000|100%| O|  |TAMS 0x0000000704800000, 0x0000000704a00000| Untracked 
|   5|0x0000000704a00000, 0x0000000704c00000, 0x0000000704c00000|100%| O|  |TAMS 0x0000000704c00000, 0x0000000704c00000| Untracked 
|   6|0x0000000704c00000, 0x0000000704e00000, 0x0000000704e00000|100%| O|  |TAMS 0x0000000704e00000, 0x0000000704e00000| Untracked 
|   7|0x0000000704e00000, 0x0000000705000000, 0x0000000705000000|100%| O|  |TAMS 0x0000000705000000, 0x0000000705000000| Untracked 
|   8|0x0000000705000000, 0x0000000705200000, 0x0000000705200000|100%| O|  |TAMS 0x0000000705200000, 0x0000000705200000| Untracked 
|   9|0x0000000705200000, 0x0000000705400000, 0x0000000705400000|100%| O|  |TAMS 0x0000000705400000, 0x0000000705400000| Untracked 
|  10|0x0000000705400000, 0x0000000705600000, 0x0000000705600000|100%| O|  |TAMS 0x0000000705600000, 0x0000000705600000| Untracked 
|  11|0x0000000705600000, 0x0000000705800000, 0x0000000705800000|100%| O|  |TAMS 0x0000000705800000, 0x0000000705800000| Untracked 
|  12|0x0000000705800000, 0x0000000705a00000, 0x0000000705a00000|100%| O|  |TAMS 0x0000000705a00000, 0x0000000705a00000| Untracked 
|  13|0x0000000705a00000, 0x0000000705c00000, 0x0000000705c00000|100%| O|  |TAMS 0x0000000705c00000, 0x0000000705c00000| Untracked 
|  14|0x0000000705c00000, 0x0000000705e00000, 0x0000000705e00000|100%| O|  |TAMS 0x0000000705e00000, 0x0000000705e00000| Untracked 
|  15|0x0000000705e00000, 0x0000000706000000, 0x0000000706000000|100%| O|  |TAMS 0x0000000706000000, 0x0000000706000000| Untracked 
|  16|0x0000000706000000, 0x0000000706200000, 0x0000000706200000|100%| O|  |TAMS 0x0000000706200000, 0x0000000706200000| Untracked 
|  17|0x0000000706200000, 0x0000000706400000, 0x0000000706400000|100%| O|  |TAMS 0x0000000706400000, 0x0000000706400000| Untracked 
|  18|0x0000000706400000, 0x0000000706600000, 0x0000000706600000|100%| O|  |TAMS 0x0000000706600000, 0x0000000706600000| Untracked 
|  19|0x0000000706600000, 0x0000000706800000, 0x0000000706800000|100%| O|  |TAMS 0x0000000706800000, 0x0000000706800000| Untracked 
|  20|0x0000000706800000, 0x0000000706a00000, 0x0000000706a00000|100%| O|  |TAMS 0x0000000706a00000, 0x0000000706a00000| Untracked 
|  21|0x0000000706a00000, 0x0000000706c00000, 0x0000000706c00000|100%| O|  |TAMS 0x0000000706c00000, 0x0000000706c00000| Untracked 
|  22|0x0000000706c00000, 0x0000000706e00000, 0x0000000706e00000|100%| O|  |TAMS 0x0000000706e00000, 0x0000000706e00000| Untracked 
|  23|0x0000000706e00000, 0x0000000707000000, 0x0000000707000000|100%| O|  |TAMS 0x0000000707000000, 0x0000000707000000| Untracked 
|  24|0x0000000707000000, 0x0000000707200000, 0x0000000707200000|100%| O|  |TAMS 0x0000000707200000, 0x0000000707200000| Untracked 
|  25|0x0000000707200000, 0x0000000707400000, 0x0000000707400000|100%| O|  |TAMS 0x0000000707200000, 0x0000000707400000| Untracked 
|  26|0x0000000707400000, 0x0000000707600000, 0x0000000707600000|100%| O|  |TAMS 0x0000000707431800, 0x0000000707600000| Untracked 
|  27|0x0000000707600000, 0x0000000707800000, 0x0000000707800000|100%| O|  |TAMS 0x0000000707600000, 0x0000000707800000| Untracked 
|  28|0x0000000707800000, 0x0000000707a00000, 0x0000000707a00000|100%| O|  |TAMS 0x0000000707800000, 0x0000000707a00000| Untracked 
|  29|0x0000000707a00000, 0x0000000707c00000, 0x0000000707c00000|100%| O|  |TAMS 0x0000000707a00000, 0x0000000707c00000| Untracked 
|  30|0x0000000707c00000, 0x0000000707e00000, 0x0000000707e00000|100%| O|  |TAMS 0x0000000707c00000, 0x0000000707e00000| Untracked 
|  31|0x0000000707e00000, 0x0000000708000000, 0x0000000708000000|100%| O|  |TAMS 0x0000000707e00000, 0x0000000708000000| Untracked 
|  32|0x0000000708000000, 0x0000000708200000, 0x0000000708200000|100%| O|  |TAMS 0x0000000708000000, 0x0000000708200000| Untracked 
|  33|0x0000000708200000, 0x0000000708400000, 0x0000000708400000|100%| O|  |TAMS 0x0000000708200000, 0x0000000708400000| Untracked 
|  34|0x0000000708400000, 0x0000000708600000, 0x0000000708600000|100%| O|  |TAMS 0x0000000708400000, 0x0000000708600000| Untracked 
|  35|0x0000000708600000, 0x0000000708800000, 0x0000000708800000|100%| O|  |TAMS 0x0000000708600000, 0x0000000708800000| Untracked 
|  36|0x0000000708800000, 0x0000000708a00000, 0x0000000708a00000|100%| O|  |TAMS 0x0000000708800000, 0x0000000708a00000| Untracked 
|  37|0x0000000708a00000, 0x0000000708c00000, 0x0000000708c00000|100%| O|  |TAMS 0x0000000708a00000, 0x0000000708c00000| Untracked 
|  38|0x0000000708c00000, 0x0000000708e00000, 0x0000000708e00000|100%| O|  |TAMS 0x0000000708c00000, 0x0000000708e00000| Untracked 
|  39|0x0000000708e00000, 0x0000000709000000, 0x0000000709000000|100%| O|  |TAMS 0x0000000708e00000, 0x0000000709000000| Untracked 
|  40|0x0000000709000000, 0x0000000709200000, 0x0000000709200000|100%| O|  |TAMS 0x0000000709000000, 0x0000000709200000| Untracked 
|  41|0x0000000709200000, 0x0000000709400000, 0x0000000709400000|100%| O|  |TAMS 0x0000000709200000, 0x0000000709400000| Untracked 
|  42|0x0000000709400000, 0x0000000709600000, 0x0000000709600000|100%| O|  |TAMS 0x0000000709400000, 0x0000000709600000| Untracked 
|  43|0x0000000709600000, 0x0000000709800000, 0x0000000709800000|100%| O|  |TAMS 0x0000000709600000, 0x0000000709800000| Untracked 
|  44|0x0000000709800000, 0x0000000709a00000, 0x0000000709a00000|100%| O|  |TAMS 0x0000000709800000, 0x0000000709a00000| Untracked 
|  45|0x0000000709a00000, 0x0000000709c00000, 0x0000000709c00000|100%| O|  |TAMS 0x0000000709a00000, 0x0000000709c00000| Untracked 
|  46|0x0000000709c00000, 0x0000000709e00000, 0x0000000709e00000|100%| O|  |TAMS 0x0000000709c00000, 0x0000000709e00000| Untracked 
|  47|0x0000000709e00000, 0x000000070a000000, 0x000000070a000000|100%| O|  |TAMS 0x0000000709e00000, 0x0000000709ecf600| Untracked 
|  48|0x000000070a000000, 0x000000070a200000, 0x000000070a200000|100%| O|  |TAMS 0x000000070a000000, 0x000000070a000000| Untracked 
|  49|0x000000070a200000, 0x000000070a400000, 0x000000070a400000|100%| O|  |TAMS 0x000000070a200000, 0x000000070a200000| Untracked 
|  50|0x000000070a400000, 0x000000070a600000, 0x000000070a600000|100%| O|  |TAMS 0x000000070a400000, 0x000000070a400000| Untracked 
|  51|0x000000070a600000, 0x000000070a62c608, 0x000000070a800000|  8%| O|  |TAMS 0x000000070a600000, 0x000000070a600000| Untracked 
|  52|0x000000070a800000, 0x000000070a800000, 0x000000070aa00000|  0%| F|  |TAMS 0x000000070a800000, 0x000000070a800000| Untracked 
|  53|0x000000070aa00000, 0x000000070aa00000, 0x000000070ac00000|  0%| F|  |TAMS 0x000000070aa00000, 0x000000070aa00000| Untracked 
|  54|0x000000070ac00000, 0x000000070ac00000, 0x000000070ae00000|  0%| F|  |TAMS 0x000000070ac00000, 0x000000070ac00000| Untracked 
|  55|0x000000070ae00000, 0x000000070ae00000, 0x000000070b000000|  0%| F|  |TAMS 0x000000070ae00000, 0x000000070ae00000| Untracked 
|  56|0x000000070b000000, 0x000000070b000000, 0x000000070b200000|  0%| F|  |TAMS 0x000000070b000000, 0x000000070b000000| Untracked 
|  57|0x000000070b200000, 0x000000070b200000, 0x000000070b400000|  0%| F|  |TAMS 0x000000070b200000, 0x000000070b200000| Untracked 
|  58|0x000000070b400000, 0x000000070b400000, 0x000000070b600000|  0%| F|  |TAMS 0x000000070b400000, 0x000000070b400000| Untracked 
|  59|0x000000070b600000, 0x000000070b600000, 0x000000070b800000|  0%| F|  |TAMS 0x000000070b600000, 0x000000070b600000| Untracked 
|  60|0x000000070b800000, 0x000000070b800000, 0x000000070ba00000|  0%| F|  |TAMS 0x000000070b800000, 0x000000070b800000| Untracked 
|  61|0x000000070ba00000, 0x000000070ba00000, 0x000000070bc00000|  0%| F|  |TAMS 0x000000070ba00000, 0x000000070ba00000| Untracked 
|  62|0x000000070bc00000, 0x000000070bc00000, 0x000000070be00000|  0%| F|  |TAMS 0x000000070bc00000, 0x000000070bc00000| Untracked 
|  63|0x000000070be00000, 0x000000070be00000, 0x000000070c000000|  0%| F|  |TAMS 0x000000070be00000, 0x000000070be00000| Untracked 
|  64|0x000000070c000000, 0x000000070c000000, 0x000000070c200000|  0%| F|  |TAMS 0x000000070c000000, 0x000000070c000000| Untracked 
|  65|0x000000070c200000, 0x000000070c200000, 0x000000070c400000|  0%| F|  |TAMS 0x000000070c200000, 0x000000070c200000| Untracked 
|  66|0x000000070c400000, 0x000000070c400000, 0x000000070c600000|  0%| F|  |TAMS 0x000000070c400000, 0x000000070c400000| Untracked 
|  67|0x000000070c600000, 0x000000070c600000, 0x000000070c800000|  0%| F|  |TAMS 0x000000070c600000, 0x000000070c600000| Untracked 
|  68|0x000000070c800000, 0x000000070c800000, 0x000000070ca00000|  0%| F|  |TAMS 0x000000070c800000, 0x000000070c800000| Untracked 
|  69|0x000000070ca00000, 0x000000070ca00000, 0x000000070cc00000|  0%| F|  |TAMS 0x000000070ca00000, 0x000000070ca00000| Untracked 
|  70|0x000000070cc00000, 0x000000070cc00000, 0x000000070ce00000|  0%| F|  |TAMS 0x000000070cc00000, 0x000000070cc00000| Untracked 
|  71|0x000000070ce00000, 0x000000070ce00000, 0x000000070d000000|  0%| F|  |TAMS 0x000000070ce00000, 0x000000070ce00000| Untracked 
|  72|0x000000070d000000, 0x000000070d000000, 0x000000070d200000|  0%| F|  |TAMS 0x000000070d000000, 0x000000070d000000| Untracked 
|  73|0x000000070d200000, 0x000000070d294498, 0x000000070d400000| 28%| S|CS|TAMS 0x000000070d200000, 0x000000070d200000| Complete 
|  74|0x000000070d400000, 0x000000070d600000, 0x000000070d600000|100%| S|CS|TAMS 0x000000070d400000, 0x000000070d400000| Complete 
|  75|0x000000070d600000, 0x000000070d600000, 0x000000070d800000|  0%| F|  |TAMS 0x000000070d600000, 0x000000070d600000| Untracked 
|  76|0x000000070d800000, 0x000000070d800000, 0x000000070da00000|  0%| F|  |TAMS 0x000000070d800000, 0x000000070d800000| Untracked 
|  77|0x000000070da00000, 0x000000070da00000, 0x000000070dc00000|  0%| F|  |TAMS 0x000000070da00000, 0x000000070da00000| Untracked 
|  78|0x000000070dc00000, 0x000000070dc00000, 0x000000070de00000|  0%| F|  |TAMS 0x000000070dc00000, 0x000000070dc00000| Untracked 
|  79|0x000000070de00000, 0x000000070de00000, 0x000000070e000000|  0%| F|  |TAMS 0x000000070de00000, 0x000000070de00000| Untracked 
|  80|0x000000070e000000, 0x000000070e000000, 0x000000070e200000|  0%| F|  |TAMS 0x000000070e000000, 0x000000070e000000| Untracked 
|  81|0x000000070e200000, 0x000000070e200000, 0x000000070e400000|  0%| F|  |TAMS 0x000000070e200000, 0x000000070e200000| Untracked 
|  82|0x000000070e400000, 0x000000070e400000, 0x000000070e600000|  0%| F|  |TAMS 0x000000070e400000, 0x000000070e400000| Untracked 
|  83|0x000000070e600000, 0x000000070e600000, 0x000000070e800000|  0%| F|  |TAMS 0x000000070e600000, 0x000000070e600000| Untracked 
|  84|0x000000070e800000, 0x000000070e800000, 0x000000070ea00000|  0%| F|  |TAMS 0x000000070e800000, 0x000000070e800000| Untracked 
|  85|0x000000070ea00000, 0x000000070ea00000, 0x000000070ec00000|  0%| F|  |TAMS 0x000000070ea00000, 0x000000070ea00000| Untracked 
|  86|0x000000070ec00000, 0x000000070ec00000, 0x000000070ee00000|  0%| F|  |TAMS 0x000000070ec00000, 0x000000070ec00000| Untracked 
|  87|0x000000070ee00000, 0x000000070ee00000, 0x000000070f000000|  0%| F|  |TAMS 0x000000070ee00000, 0x000000070ee00000| Untracked 
|  88|0x000000070f000000, 0x000000070f000000, 0x000000070f200000|  0%| F|  |TAMS 0x000000070f000000, 0x000000070f000000| Untracked 
|  89|0x000000070f200000, 0x000000070f200000, 0x000000070f400000|  0%| F|  |TAMS 0x000000070f200000, 0x000000070f200000| Untracked 
|  90|0x000000070f400000, 0x000000070f400000, 0x000000070f600000|  0%| F|  |TAMS 0x000000070f400000, 0x000000070f400000| Untracked 
|  91|0x000000070f600000, 0x000000070f600000, 0x000000070f800000|  0%| F|  |TAMS 0x000000070f600000, 0x000000070f600000| Untracked 
|  92|0x000000070f800000, 0x000000070f800000, 0x000000070fa00000|  0%| F|  |TAMS 0x000000070f800000, 0x000000070f800000| Untracked 
|  93|0x000000070fa00000, 0x000000070fa00000, 0x000000070fc00000|  0%| F|  |TAMS 0x000000070fa00000, 0x000000070fa00000| Untracked 
|  94|0x000000070fc00000, 0x000000070fc00000, 0x000000070fe00000|  0%| F|  |TAMS 0x000000070fc00000, 0x000000070fc00000| Untracked 
|  95|0x000000070fe00000, 0x000000070fe00000, 0x0000000710000000|  0%| F|  |TAMS 0x000000070fe00000, 0x000000070fe00000| Untracked 
|  96|0x0000000710000000, 0x0000000710000000, 0x0000000710200000|  0%| F|  |TAMS 0x0000000710000000, 0x0000000710000000| Untracked 
|  97|0x0000000710200000, 0x0000000710200000, 0x0000000710400000|  0%| F|  |TAMS 0x0000000710200000, 0x0000000710200000| Untracked 
|  98|0x0000000710400000, 0x0000000710400000, 0x0000000710600000|  0%| F|  |TAMS 0x0000000710400000, 0x0000000710400000| Untracked 
|  99|0x0000000710600000, 0x0000000710600000, 0x0000000710800000|  0%| F|  |TAMS 0x0000000710600000, 0x0000000710600000| Untracked 
| 100|0x0000000710800000, 0x0000000710800000, 0x0000000710a00000|  0%| F|  |TAMS 0x0000000710800000, 0x0000000710800000| Untracked 
| 101|0x0000000710a00000, 0x0000000710a00000, 0x0000000710c00000|  0%| F|  |TAMS 0x0000000710a00000, 0x0000000710a00000| Untracked 
| 102|0x0000000710c00000, 0x0000000710c00000, 0x0000000710e00000|  0%| F|  |TAMS 0x0000000710c00000, 0x0000000710c00000| Untracked 
| 103|0x0000000710e00000, 0x0000000710e00000, 0x0000000711000000|  0%| F|  |TAMS 0x0000000710e00000, 0x0000000710e00000| Untracked 
| 104|0x0000000711000000, 0x0000000711000000, 0x0000000711200000|  0%| F|  |TAMS 0x0000000711000000, 0x0000000711000000| Untracked 
| 105|0x0000000711200000, 0x0000000711200000, 0x0000000711400000|  0%| F|  |TAMS 0x0000000711200000, 0x0000000711200000| Untracked 
| 106|0x0000000711400000, 0x0000000711400000, 0x0000000711600000|  0%| F|  |TAMS 0x0000000711400000, 0x0000000711400000| Untracked 
| 107|0x0000000711600000, 0x0000000711600000, 0x0000000711800000|  0%| F|  |TAMS 0x0000000711600000, 0x0000000711600000| Untracked 
| 108|0x0000000711800000, 0x0000000711800000, 0x0000000711a00000|  0%| F|  |TAMS 0x0000000711800000, 0x0000000711800000| Untracked 
| 109|0x0000000711a00000, 0x0000000711a00000, 0x0000000711c00000|  0%| F|  |TAMS 0x0000000711a00000, 0x0000000711a00000| Untracked 
| 110|0x0000000711c00000, 0x0000000711c00000, 0x0000000711e00000|  0%| F|  |TAMS 0x0000000711c00000, 0x0000000711c00000| Untracked 
| 111|0x0000000711e00000, 0x0000000711e00000, 0x0000000712000000|  0%| F|  |TAMS 0x0000000711e00000, 0x0000000711e00000| Untracked 
| 112|0x0000000712000000, 0x0000000712000000, 0x0000000712200000|  0%| F|  |TAMS 0x0000000712000000, 0x0000000712000000| Untracked 
| 113|0x0000000712200000, 0x0000000712200000, 0x0000000712400000|  0%| F|  |TAMS 0x0000000712200000, 0x0000000712200000| Untracked 
| 114|0x0000000712400000, 0x0000000712400000, 0x0000000712600000|  0%| F|  |TAMS 0x0000000712400000, 0x0000000712400000| Untracked 
| 115|0x0000000712600000, 0x0000000712600000, 0x0000000712800000|  0%| F|  |TAMS 0x0000000712600000, 0x0000000712600000| Untracked 
| 116|0x0000000712800000, 0x0000000712800000, 0x0000000712a00000|  0%| F|  |TAMS 0x0000000712800000, 0x0000000712800000| Untracked 
| 117|0x0000000712a00000, 0x0000000712a00000, 0x0000000712c00000|  0%| F|  |TAMS 0x0000000712a00000, 0x0000000712a00000| Untracked 
| 118|0x0000000712c00000, 0x0000000712c00000, 0x0000000712e00000|  0%| F|  |TAMS 0x0000000712c00000, 0x0000000712c00000| Untracked 
| 119|0x0000000712e00000, 0x0000000712e00000, 0x0000000713000000|  0%| F|  |TAMS 0x0000000712e00000, 0x0000000712e00000| Untracked 
| 120|0x0000000713000000, 0x0000000713000000, 0x0000000713200000|  0%| F|  |TAMS 0x0000000713000000, 0x0000000713000000| Untracked 
| 121|0x0000000713200000, 0x0000000713200000, 0x0000000713400000|  0%| F|  |TAMS 0x0000000713200000, 0x0000000713200000| Untracked 
| 122|0x0000000713400000, 0x0000000713400000, 0x0000000713600000|  0%| F|  |TAMS 0x0000000713400000, 0x0000000713400000| Untracked 
| 123|0x0000000713600000, 0x0000000713600000, 0x0000000713800000|  0%| F|  |TAMS 0x0000000713600000, 0x0000000713600000| Untracked 
| 124|0x0000000713800000, 0x0000000713800000, 0x0000000713a00000|  0%| F|  |TAMS 0x0000000713800000, 0x0000000713800000| Untracked 
| 125|0x0000000713a00000, 0x0000000713a00000, 0x0000000713c00000|  0%| F|  |TAMS 0x0000000713a00000, 0x0000000713a00000| Untracked 

Card table byte_map: [0x000001ad10600000,0x000001ad10de0000] _byte_map_base: 0x000001ad0cde0000

Marking Bits (Prev, Next): (CMBitMap*) 0x000001ad04af7c20, (CMBitMap*) 0x000001ad04af7c60
 Prev Bits: [0x000001ad115c0000, 0x000001ad154c0000)
 Next Bits: [0x000001ad154c0000, 0x000001ad193c0000)

Polling page: 0x000001ad02940000

Metaspace:

Usage:
  Non-class:     54.74 MB used.
      Class:      8.75 MB used.
       Both:     63.49 MB used.

Virtual space:
  Non-class space:       64.00 MB reserved,      55.00 MB ( 86%) committed,  1 nodes.
      Class space:        1.00 GB reserved,       8.94 MB ( <1%) committed,  1 nodes.
             Both:        1.06 GB reserved,      63.94 MB (  6%) committed. 

Chunk freelists:
   Non-Class:  8.23 MB
       Class:  6.95 MB
        Both:  15.19 MB

MaxMetaspaceSize: unlimited
CompressedClassSpaceSize: 1.00 GB
Initial GC threshold: 21.00 MB
Current GC threshold: 105.56 MB
CDS: on
MetaspaceReclaimPolicy: balanced
 - commit_granule_bytes: 65536.
 - commit_granule_words: 8192.
 - virtual_space_node_default_size: 8388608.
 - enlarge_chunks_in_place: 1.
 - new_chunks_are_fully_committed: 0.
 - uncommit_free_chunks: 1.
 - use_allocation_guard: 0.
 - handle_deallocations: 1.


Internal statistics:

num_allocs_failed_limit: 9.
num_arena_births: 656.
num_arena_deaths: 0.
num_vsnodes_births: 2.
num_vsnodes_deaths: 0.
num_space_committed: 1023.
num_space_uncommitted: 0.
num_chunks_returned_to_freelist: 9.
num_chunks_taken_from_freelist: 3015.
num_chunk_merges: 9.
num_chunk_splits: 2276.
num_chunks_enlarged: 1864.
num_inconsistent_stats: 0.

CodeCache: size=49152Kb used=15258Kb max_used=15258Kb free=33893Kb
 bounds [0x000001ad0c5a0000, 0x000001ad0d490000, 0x000001ad0f5a0000]
 total_blobs=7272 nmethods=6602 adapters=591
 compilation: enabled
              stopped_count=0, restarted_count=0
 full_count=0

Compilation events (20 events):
Event: 10.657 Thread 0x000001ad1c8e5770 6593       1       org.springframework.core.MethodParameter::<init> (99 bytes)
Event: 10.657 Thread 0x000001ad1c8e5770 nmethod 6593 0x000001ad0d473f10 code [0x000001ad0d4740e0, 0x000001ad0d474668]
Event: 10.660 Thread 0x000001ad1c8df230 6594       1       org.springframework.beans.factory.config.DependencyDescriptor::getResolvableType (49 bytes)
Event: 10.660 Thread 0x000001ad1c8e5770 6595       1       org.springframework.beans.factory.support.DefaultListableBeanFactory::resolveDependency (115 bytes)
Event: 10.660 Thread 0x000001ad1c741460 6596       1       org.springframework.beans.factory.config.DependencyDescriptor::initParameterNameDiscovery (16 bytes)
Event: 10.660 Thread 0x000001ad1c741460 nmethod 6596 0x000001ad0d474790 code [0x000001ad0d474920, 0x000001ad0d474a58]
Event: 10.660 Thread 0x000001ad1c8df230 nmethod 6594 0x000001ad0d474b10 code [0x000001ad0d474ce0, 0x000001ad0d475018]
Event: 10.660 Thread 0x000001ad1c8e5770 nmethod 6595 0x000001ad0d475210 code [0x000001ad0d475460, 0x000001ad0d4759d8]
Event: 10.661 Thread 0x000001ad1c8df230 6597       1       org.springframework.beans.factory.support.DefaultListableBeanFactory::findAutowireCandidates (389 bytes)
Event: 10.661 Thread 0x000001ad1c8e5c90 6598       1       org.springframework.core.MethodParameter::forExecutable (58 bytes)
Event: 10.661 Thread 0x000001ad1c8e5c90 nmethod 6598 0x000001ad0d475c90 code [0x000001ad0d475ea0, 0x000001ad0d4764f8]
Event: 10.662 Thread 0x000001ad1c8df230 nmethod 6597 0x000001ad0d476790 code [0x000001ad0d476ba0, 0x000001ad0d477a98]
Event: 10.666 Thread 0x000001ad1c8e5770 6599       1       org.springframework.beans.support.ResourceEditorRegistrar::registerCustomEditors (227 bytes)
Event: 10.667 Thread 0x000001ad1c8e5770 nmethod 6599 0x000001ad0d478690 code [0x000001ad0d478b80, 0x000001ad0d47b7b8]
Event: 10.668 Thread 0x000001ad1c8e5770 6600   !   1       org.springframework.beans.factory.support.DefaultListableBeanFactory::doResolveDependency (534 bytes)
Event: 10.668 Thread 0x000001ad1c8e5c90 6601       1       org.springframework.beans.factory.annotation.QualifierAnnotationAutowireCandidateResolver::getSuggestedValue (33 bytes)
Event: 10.668 Thread 0x000001ad1c8e5c90 nmethod 6601 0x000001ad0d47c510 code [0x000001ad0d47c7c0, 0x000001ad0d47cf48]
Event: 10.671 Thread 0x000001ad1c8e5770 nmethod 6600 0x000001ad0d47d410 code [0x000001ad0d47dba0, 0x000001ad0d480578]
Event: 10.674 Thread 0x000001ad1c8e5c90 6602       1       org.springframework.beans.factory.support.DefaultListableBeanFactory::resolveMultipleBeans (570 bytes)
Event: 10.676 Thread 0x000001ad1c8e5c90 nmethod 6602 0x000001ad0d482790 code [0x000001ad0d482de0, 0x000001ad0d485658]

GC Heap History (20 events):
Event: 8.857 GC heap after
{Heap after GC invocations=22 (full 0):
 garbage-first heap   total 102400K, used 40319K [0x0000000704000000, 0x0000000800000000)
  region size 2048K, 3 young (6144K), 3 survivors (6144K)
 Metaspace       used 61836K, committed 62272K, reserved 1114112K
  class space    used 8538K, committed 8768K, reserved 1048576K
}
Event: 9.153 GC heap before
{Heap before GC invocations=22 (full 0):
 garbage-first heap   total 102400K, used 79231K [0x0000000704000000, 0x0000000800000000)
  region size 2048K, 22 young (45056K), 3 survivors (6144K)
 Metaspace       used 63378K, committed 63808K, reserved 1114112K
  class space    used 8758K, committed 8960K, reserved 1048576K
}
Event: 9.156 GC heap after
{Heap after GC invocations=23 (full 0):
 garbage-first heap   total 102400K, used 42725K [0x0000000704000000, 0x0000000800000000)
  region size 2048K, 2 young (4096K), 2 survivors (4096K)
 Metaspace       used 63378K, committed 63808K, reserved 1114112K
  class space    used 8758K, committed 8960K, reserved 1048576K
}
Event: 9.307 GC heap before
{Heap before GC invocations=23 (full 0):
 garbage-first heap   total 102400K, used 77541K [0x0000000704000000, 0x0000000800000000)
  region size 2048K, 20 young (40960K), 2 survivors (4096K)
 Metaspace       used 64276K, committed 64768K, reserved 1114112K
  class space    used 8862K, committed 9088K, reserved 1048576K
}
Event: 9.311 GC heap after
{Heap after GC invocations=24 (full 0):
 garbage-first heap   total 102400K, used 49085K [0x0000000704000000, 0x0000000800000000)
  region size 2048K, 3 young (6144K), 3 survivors (6144K)
 Metaspace       used 64276K, committed 64768K, reserved 1114112K
  class space    used 8862K, committed 9088K, reserved 1048576K
}
Event: 9.373 GC heap before
{Heap before GC invocations=24 (full 0):
 garbage-first heap   total 102400K, used 77757K [0x0000000704000000, 0x0000000800000000)
  region size 2048K, 18 young (36864K), 3 survivors (6144K)
 Metaspace       used 64289K, committed 64768K, reserved 1114112K
  class space    used 8864K, committed 9088K, reserved 1048576K
}
Event: 9.378 GC heap after
{Heap after GC invocations=25 (full 0):
 garbage-first heap   total 102400K, used 57750K [0x0000000704000000, 0x0000000800000000)
  region size 2048K, 3 young (6144K), 3 survivors (6144K)
 Metaspace       used 64289K, committed 64768K, reserved 1114112K
  class space    used 8864K, committed 9088K, reserved 1048576K
}
Event: 9.496 GC heap before
{Heap before GC invocations=25 (full 0):
 garbage-first heap   total 102400K, used 76182K [0x0000000704000000, 0x0000000800000000)
  region size 2048K, 12 young (24576K), 3 survivors (6144K)
 Metaspace       used 64368K, committed 64832K, reserved 1114112K
  class space    used 8875K, committed 9088K, reserved 1048576K
}
Event: 9.499 GC heap after
{Heap after GC invocations=26 (full 0):
 garbage-first heap   total 102400K, used 62027K [0x0000000704000000, 0x0000000800000000)
  region size 2048K, 2 young (4096K), 2 survivors (4096K)
 Metaspace       used 64368K, committed 64832K, reserved 1114112K
  class space    used 8875K, committed 9088K, reserved 1048576K
}
Event: 9.554 GC heap before
{Heap before GC invocations=27 (full 0):
 garbage-first heap   total 116736K, used 76363K [0x0000000704000000, 0x0000000800000000)
  region size 2048K, 10 young (20480K), 2 survivors (4096K)
 Metaspace       used 64368K, committed 64832K, reserved 1114112K
  class space    used 8875K, committed 9088K, reserved 1048576K
}
Event: 9.557 GC heap after
{Heap after GC invocations=28 (full 0):
 garbage-first heap   total 116736K, used 65995K [0x0000000704000000, 0x0000000800000000)
  region size 2048K, 2 young (4096K), 2 survivors (4096K)
 Metaspace       used 64368K, committed 64832K, reserved 1114112K
  class space    used 8875K, committed 9088K, reserved 1048576K
}
Event: 9.559 GC heap before
{Heap before GC invocations=28 (full 0):
 garbage-first heap   total 116736K, used 68043K [0x0000000704000000, 0x0000000800000000)
  region size 2048K, 3 young (6144K), 2 survivors (4096K)
 Metaspace       used 64368K, committed 64832K, reserved 1114112K
  class space    used 8875K, committed 9088K, reserved 1048576K
}
Event: 9.561 GC heap after
{Heap after GC invocations=29 (full 0):
 garbage-first heap   total 192512K, used 65302K [0x0000000704000000, 0x0000000800000000)
  region size 2048K, 1 young (2048K), 1 survivors (2048K)
 Metaspace       used 64368K, committed 64832K, reserved 1114112K
  class space    used 8875K, committed 9088K, reserved 1048576K
}
Event: 9.762 GC heap before
{Heap before GC invocations=29 (full 0):
 garbage-first heap   total 192512K, used 130838K [0x0000000704000000, 0x0000000800000000)
  region size 2048K, 34 young (69632K), 1 survivors (2048K)
 Metaspace       used 64368K, committed 64832K, reserved 1114112K
  class space    used 8875K, committed 9088K, reserved 1048576K
}
Event: 9.768 GC heap after
{Heap after GC invocations=30 (full 0):
 garbage-first heap   total 192512K, used 79241K [0x0000000704000000, 0x0000000800000000)
  region size 2048K, 5 young (10240K), 5 survivors (10240K)
 Metaspace       used 64368K, committed 64832K, reserved 1114112K
  class space    used 8875K, committed 9088K, reserved 1048576K
}
Event: 9.932 GC heap before
{Heap before GC invocations=30 (full 0):
 garbage-first heap   total 192512K, used 136585K [0x0000000704000000, 0x0000000800000000)
  region size 2048K, 34 young (69632K), 5 survivors (10240K)
 Metaspace       used 64377K, committed 64832K, reserved 1114112K
  class space    used 8877K, committed 9088K, reserved 1048576K
}
Event: 9.937 GC heap after
{Heap after GC invocations=31 (full 0):
 garbage-first heap   total 192512K, used 92137K [0x0000000704000000, 0x0000000800000000)
  region size 2048K, 5 young (10240K), 5 survivors (10240K)
 Metaspace       used 64377K, committed 64832K, reserved 1114112K
  class space    used 8877K, committed 9088K, reserved 1048576K
}
Event: 10.033 GC heap before
{Heap before GC invocations=31 (full 0):
 garbage-first heap   total 192512K, used 139241K [0x0000000704000000, 0x0000000800000000)
  region size 2048K, 29 young (59392K), 5 survivors (10240K)
 Metaspace       used 64377K, committed 64832K, reserved 1114112K
  class space    used 8877K, committed 9088K, reserved 1048576K
}
Event: 10.038 GC heap after
{Heap after GC invocations=32 (full 0):
 garbage-first heap   total 192512K, used 105277K [0x0000000704000000, 0x0000000800000000)
  region size 2048K, 4 young (8192K), 4 survivors (8192K)
 Metaspace       used 64377K, committed 64832K, reserved 1114112K
  class space    used 8877K, committed 9088K, reserved 1048576K
}
Event: 10.678 GC heap before
{Heap before GC invocations=32 (full 0):
 garbage-first heap   total 192512K, used 144189K [0x0000000704000000, 0x0000000800000000)
  region size 2048K, 23 young (47104K), 4 survivors (8192K)
 Metaspace       used 65009K, committed 65472K, reserved 1114112K
  class space    used 8959K, committed 9152K, reserved 1048576K
}

Dll operation events (12 events):
Event: 0.015 Loaded shared library D:\Program Files\Java\jdk-17\bin\java.dll
Event: 0.033 Loaded shared library D:\Program Files\Java\jdk-17\bin\jsvml.dll
Event: 0.260 Loaded shared library D:\Program Files\Java\jdk-17\bin\zip.dll
Event: 0.264 Loaded shared library D:\Program Files\Java\jdk-17\bin\instrument.dll
Event: 0.272 Loaded shared library D:\Program Files\Java\jdk-17\bin\net.dll
Event: 0.274 Loaded shared library D:\Program Files\Java\jdk-17\bin\nio.dll
Event: 0.277 Loaded shared library D:\Program Files\Java\jdk-17\bin\zip.dll
Event: 0.402 Loaded shared library D:\Program Files\Java\jdk-17\bin\extnet.dll
Event: 0.434 Loaded shared library D:\Program Files\Java\jdk-17\bin\jimage.dll
Event: 3.110 Loaded shared library D:\Program Files\Java\jdk-17\bin\management.dll
Event: 3.117 Loaded shared library D:\Program Files\Java\jdk-17\bin\management_ext.dll
Event: 3.462 Loaded shared library D:\Program Files\Java\jdk-17\bin\sunmscapi.dll

Deoptimization events (4 events):
Event: 6.532 Thread 0x000001ad04a8b650 DEOPT PACKING pc=0x000001ad0d06518a sp=0x0000008121ffa290
Event: 6.533 Thread 0x000001ad04a8b650 DEOPT UNPACKING pc=0x000001ad0c5f7143 sp=0x0000008121ff9828 mode 0
Event: 7.786 Thread 0x000001ad04a8b650 DEOPT PACKING pc=0x000001ad0cd1a352 sp=0x0000008121ffc650
Event: 7.786 Thread 0x000001ad04a8b650 DEOPT UNPACKING pc=0x000001ad0c5f7143 sp=0x0000008121ffbb58 mode 3

Classes loaded (20 events):
Event: 9.180 Loading class java/security/DomainCombiner
Event: 9.181 Loading class java/security/DomainCombiner done
Event: 9.193 Loading class java/lang/LayerInstantiationException
Event: 9.193 Loading class java/lang/LayerInstantiationException done
Event: 9.193 Loading class jdk/internal/loader/Loader
Event: 9.193 Loading class jdk/internal/loader/Loader done
Event: 9.200 Loading class java/io/IOError
Event: 9.200 Loading class java/io/IOError done
Event: 9.219 Loading class java/io/Console
Event: 9.219 Loading class java/io/Console done
Event: 9.223 Loading class sun/nio/fs/WindowsLinkSupport
Event: 9.223 Loading class sun/nio/fs/WindowsLinkSupport done
Event: 9.229 Loading class java/nio/file/AccessMode
Event: 9.229 Loading class java/nio/file/AccessMode done
Event: 9.229 Loading class sun/nio/fs/WindowsFileSystemProvider$1
Event: 9.229 Loading class sun/nio/fs/WindowsFileSystemProvider$1 done
Event: 10.155 Loading class jdk/internal/reflect/UnsafeIntegerFieldAccessorImpl
Event: 10.155 Loading class jdk/internal/reflect/UnsafeIntegerFieldAccessorImpl done
Event: 10.393 Loading class jdk/internal/reflect/UnsafeBooleanFieldAccessorImpl
Event: 10.393 Loading class jdk/internal/reflect/UnsafeBooleanFieldAccessorImpl done

Classes unloaded (0 events):
No events

Classes redefined (0 events):
No events

Internal exceptions (20 events):
Event: 9.971 Thread 0x000001ad64c72020 Exception <a 'sun/nio/fs/WindowsException'{0x000000070e828140}> (0x000000070e828140) 
thrown [s\src\hotspot\share\prims\jni.cpp, line 516]
Event: 9.972 Thread 0x000001ad69372f10 Exception <a 'sun/nio/fs/WindowsException'{0x000000070e82c3c8}> (0x000000070e82c3c8) 
thrown [s\src\hotspot\share\prims\jni.cpp, line 516]
Event: 9.972 Thread 0x000001ad64c72020 Exception <a 'sun/nio/fs/WindowsException'{0x000000070e828d08}> (0x000000070e828d08) 
thrown [s\src\hotspot\share\prims\jni.cpp, line 516]
Event: 9.972 Thread 0x000001ad69372f10 Exception <a 'sun/nio/fs/WindowsException'{0x000000070e82c918}> (0x000000070e82c918) 
thrown [s\src\hotspot\share\prims\jni.cpp, line 516]
Event: 9.972 Thread 0x000001ad64c72020 Exception <a 'sun/nio/fs/WindowsException'{0x000000070e83f7a8}> (0x000000070e83f7a8) 
thrown [s\src\hotspot\share\prims\jni.cpp, line 516]
Event: 9.972 Thread 0x000001ad64c72020 Exception <a 'sun/nio/fs/WindowsException'{0x000000070e8403a8}> (0x000000070e8403a8) 
thrown [s\src\hotspot\share\prims\jni.cpp, line 516]
Event: 9.972 Thread 0x000001ad64c72020 Exception <a 'sun/nio/fs/WindowsException'{0x000000070e840998}> (0x000000070e840998) 
thrown [s\src\hotspot\share\prims\jni.cpp, line 516]
Event: 9.972 Thread 0x000001ad64c72020 Exception <a 'sun/nio/fs/WindowsException'{0x000000070e8415b0}> (0x000000070e8415b0) 
thrown [s\src\hotspot\share\prims\jni.cpp, line 516]
Event: 9.972 Thread 0x000001ad64c72020 Exception <a 'sun/nio/fs/WindowsException'{0x000000070e841bc8}> (0x000000070e841bc8) 
thrown [s\src\hotspot\share\prims\jni.cpp, line 516]
Event: 9.972 Thread 0x000001ad69372f10 Exception <a 'sun/nio/fs/WindowsException'{0x000000070e843d30}> (0x000000070e843d30) 
thrown [s\src\hotspot\share\prims\jni.cpp, line 516]
Event: 9.973 Thread 0x000001ad64c72020 Exception <a 'sun/nio/fs/WindowsException'{0x000000070e8427c8}> (0x000000070e8427c8) 
thrown [s\src\hotspot\share\prims\jni.cpp, line 516]
Event: 9.973 Thread 0x000001ad64c72020 Exception <a 'sun/nio/fs/WindowsException'{0x000000070e842dd8}> (0x000000070e842dd8) 
thrown [s\src\hotspot\share\prims\jni.cpp, line 516]
Event: 9.973 Thread 0x000001ad69372f10 Exception <a 'sun/nio/fs/WindowsException'{0x000000070e8442a8}> (0x000000070e8442a8) 
thrown [s\src\hotspot\share\prims\jni.cpp, line 516]
Event: 9.974 Thread 0x000001ad69372f10 Exception <a 'sun/nio/fs/WindowsException'{0x000000070e844e58}> (0x000000070e844e58) 
thrown [s\src\hotspot\share\prims\jni.cpp, line 516]
Event: 9.977 Thread 0x000001ad69372f10 Exception <a 'sun/nio/fs/WindowsException'{0x000000070e845408}> (0x000000070e845408) 
thrown [s\src\hotspot\share\prims\jni.cpp, line 516]
Event: 9.980 Thread 0x000001ad69372f10 Exception <a 'sun/nio/fs/WindowsException'{0x000000070e845fd0}> (0x000000070e845fd0) 
thrown [s\src\hotspot\share\prims\jni.cpp, line 516]
Event: 9.981 Thread 0x000001ad69372f10 Exception <a 'sun/nio/fs/WindowsException'{0x000000070e8465b0}> (0x000000070e8465b0) 
thrown [s\src\hotspot\share\prims\jni.cpp, line 516]
Event: 9.983 Thread 0x000001ad69372f10 Exception <a 'sun/nio/fs/WindowsException'{0x000000070e847170}> (0x000000070e847170) 
thrown [s\src\hotspot\share\prims\jni.cpp, line 516]
Event: 9.984 Thread 0x000001ad69372f10 Exception <a 'sun/nio/fs/WindowsException'{0x000000070e847748}> (0x000000070e847748) 
thrown [s\src\hotspot\share\prims\jni.cpp, line 516]
Event: 10.098 Thread 0x000001ad04a8b650 Exception <a 'java/lang/NoSuchMethodError'{0x000000070f3bac80}: 'int java.lang.invoke.DirectMethodHandle$Holder.invokeStaticInit(java.lang.Object, java.lang.Object, java.lang.Object, java.lang.Object)'> (0x000000070f3bac80) 
thrown [s\src\hotspot\share\interpreter\linkResolver.cpp, line 759]

VM Operations (20 events):
Event: 9.378 Executing VM operation: G1CollectForAllocation done
Event: 9.398 Executing VM operation: HandshakeAllThreads
Event: 9.398 Executing VM operation: HandshakeAllThreads done
Event: 9.496 Executing VM operation: G1CollectForAllocation
Event: 9.499 Executing VM operation: G1CollectForAllocation done
Event: 9.520 Executing VM operation: G1PauseRemark
Event: 9.523 Executing VM operation: G1PauseRemark done
Event: 9.535 Executing VM operation: G1PauseCleanup
Event: 9.535 Executing VM operation: G1PauseCleanup done
Event: 9.554 Executing VM operation: G1CollectForAllocation
Event: 9.557 Executing VM operation: G1CollectForAllocation done
Event: 9.559 Executing VM operation: G1CollectForAllocation
Event: 9.561 Executing VM operation: G1CollectForAllocation done
Event: 9.762 Executing VM operation: G1CollectForAllocation
Event: 9.768 Executing VM operation: G1CollectForAllocation done
Event: 9.932 Executing VM operation: G1CollectForAllocation
Event: 9.937 Executing VM operation: G1CollectForAllocation done
Event: 10.032 Executing VM operation: G1CollectForAllocation
Event: 10.038 Executing VM operation: G1CollectForAllocation done
Event: 10.678 Executing VM operation: G1CollectForAllocation

Memory protections (0 events):
No events

Nmethod flushes (0 events):
No events

Events (20 events):
Event: 10.068 Thread 0x000001ad6936f760 Thread exited: 0x000001ad6936f760
Event: 10.068 Thread 0x000001ad6936fc70 Thread exited: 0x000001ad6936fc70
Event: 10.068 Thread 0x000001ad69370ba0 Thread exited: 0x000001ad69370ba0
Event: 10.068 Thread 0x000001ad64c6e360 Thread exited: 0x000001ad64c6e360
Event: 10.068 Thread 0x000001ad64c74db0 Thread exited: 0x000001ad64c74db0
Event: 10.068 Thread 0x000001ad69371fe0 Thread exited: 0x000001ad69371fe0
Event: 10.068 Thread 0x000001ad693724f0 Thread exited: 0x000001ad693724f0
Event: 10.068 Thread 0x000001ad64c74390 Thread exited: 0x000001ad64c74390
Event: 10.068 Thread 0x000001ad64c752c0 Thread exited: 0x000001ad64c752c0
Event: 10.068 Thread 0x000001ad69373420 Thread exited: 0x000001ad69373420
Event: 10.068 Thread 0x000001ad64c75ce0 Thread exited: 0x000001ad64c75ce0
Event: 10.068 Thread 0x000001ad64c72f50 Thread exited: 0x000001ad64c72f50
Event: 10.068 Thread 0x000001ad64c748a0 Thread exited: 0x000001ad64c748a0
Event: 10.068 Thread 0x000001ad69373e40 Thread exited: 0x000001ad69373e40
Event: 10.068 Thread 0x000001ad69372f10 Thread exited: 0x000001ad69372f10
Event: 10.068 Thread 0x000001ad64c73970 Thread exited: 0x000001ad64c73970
Event: 10.068 Thread 0x000001ad69372a00 Thread exited: 0x000001ad69372a00
Event: 10.068 Thread 0x000001ad69370180 Thread exited: 0x000001ad69370180
Event: 10.068 Thread 0x000001ad64c73e80 Thread exited: 0x000001ad64c73e80
Event: 10.316 Thread 0x000001ad04a8b650 Thread added: 0x000001ad64c71b10


Dynamic libraries:
0x00007ff7ece10000 - 0x00007ff7ece1e000 	D:\Program Files\Java\jdk-17\bin\java.exe
0x00007ffd8eb20000 - 0x00007ffd8ed87000 	C:\WINDOWS\SYSTEM32\ntdll.dll
0x00007ffd8ccf0000 - 0x00007ffd8cdb9000 	C:\WINDOWS\System32\KERNEL32.DLL
0x00007ffd8c280000 - 0x00007ffd8c674000 	C:\WINDOWS\System32\KERNELBASE.dll
0x00007ffd8c680000 - 0x00007ffd8c7cb000 	C:\WINDOWS\System32\ucrtbase.dll
0x00007ffd6ab50000 - 0x00007ffd6ab6d000 	D:\Program Files\Java\jdk-17\bin\VCRUNTIME140.dll
0x00007ffd68e30000 - 0x00007ffd68e47000 	D:\Program Files\Java\jdk-17\bin\jli.dll
0x00007ffd8ca50000 - 0x00007ffd8cc15000 	C:\WINDOWS\System32\USER32.dll
0x00007ffd8c7d0000 - 0x00007ffd8c7f7000 	C:\WINDOWS\System32\win32u.dll
0x00007ffd8ca20000 - 0x00007ffd8ca4b000 	C:\WINDOWS\System32\GDI32.dll
0x00007ffd707a0000 - 0x00007ffd70a33000 	C:\WINDOWS\WinSxS\amd64_microsoft.windows.common-controls_6595b64144ccf1df_6.0.26100.8115_none_3e075c82e3354f9c\COMCTL32.dll
0x00007ffd8bf20000 - 0x00007ffd8c04b000 	C:\WINDOWS\System32\gdi32full.dll
0x00007ffd8d980000 - 0x00007ffd8da29000 	C:\WINDOWS\System32\msvcrt.dll
0x00007ffd8c800000 - 0x00007ffd8c8a3000 	C:\WINDOWS\System32\msvcp_win.dll
0x00007ffd8dec0000 - 0x00007ffd8def2000 	C:\WINDOWS\System32\IMM32.DLL
0x00007ffd68fd0000 - 0x00007ffd68fdc000 	D:\Program Files\Java\jdk-17\bin\vcruntime140_1.dll
0x00007ffd56f20000 - 0x00007ffd56fad000 	D:\Program Files\Java\jdk-17\bin\msvcp140.dll
0x00007ffc824b0000 - 0x00007ffc83122000 	D:\Program Files\Java\jdk-17\bin\server\jvm.dll
0x00007ffd8ea20000 - 0x00007ffd8ead6000 	C:\WINDOWS\System32\ADVAPI32.dll
0x00007ffd8e580000 - 0x00007ffd8e627000 	C:\WINDOWS\System32\sechost.dll
0x00007ffd8df00000 - 0x00007ffd8e018000 	C:\WINDOWS\System32\RPCRT4.dll
0x00007ffd8c990000 - 0x00007ffd8ca10000 	C:\WINDOWS\System32\WS2_32.dll
0x00007ffd8ade0000 - 0x00007ffd8ae3e000 	C:\WINDOWS\SYSTEM32\POWRPROF.dll
0x00007ffd801b0000 - 0x00007ffd801e6000 	C:\WINDOWS\SYSTEM32\WINMM.dll
0x00007ffd82410000 - 0x00007ffd8241b000 	C:\WINDOWS\SYSTEM32\VERSION.dll
0x00007ffd8acc0000 - 0x00007ffd8acd4000 	C:\WINDOWS\SYSTEM32\UMPDC.dll
0x00007ffd8a180000 - 0x00007ffd8a19b000 	C:\WINDOWS\SYSTEM32\kernel.appcore.dll
0x00007ffd68f00000 - 0x00007ffd68f0a000 	D:\Program Files\Java\jdk-17\bin\jimage.dll
0x00007ffd88ff0000 - 0x00007ffd89232000 	C:\WINDOWS\SYSTEM32\DBGHELP.DLL
0x00007ffd8e630000 - 0x00007ffd8e9b2000 	C:\WINDOWS\System32\combase.dll
0x00007ffd8cdc0000 - 0x00007ffd8ce98000 	C:\WINDOWS\System32\OLEAUT32.dll
0x00007ffd68ec0000 - 0x00007ffd68efb000 	C:\WINDOWS\SYSTEM32\dbgcore.DLL
0x00007ffd8bc60000 - 0x00007ffd8bd05000 	C:\WINDOWS\System32\bcryptPrimitives.dll
0x00007ffd675a0000 - 0x00007ffd675ae000 	D:\Program Files\Java\jdk-17\bin\instrument.dll
0x00007ffd67f10000 - 0x00007ffd67f35000 	D:\Program Files\Java\jdk-17\bin\java.dll
0x00007ffd40bb0000 - 0x00007ffd40c87000 	D:\Program Files\Java\jdk-17\bin\jsvml.dll
0x00007ffd8d210000 - 0x00007ffd8d977000 	C:\WINDOWS\System32\SHELL32.dll
0x00007ffd8c110000 - 0x00007ffd8c27a000 	C:\WINDOWS\System32\wintypes.dll
0x00007ffd8b3f0000 - 0x00007ffd8bc58000 	C:\WINDOWS\System32\windows.storage.dll
0x00007ffd8e330000 - 0x00007ffd8e428000 	C:\WINDOWS\System32\SHCORE.dll
0x00007ffd8d1a0000 - 0x00007ffd8d206000 	C:\WINDOWS\System32\shlwapi.dll
0x00007ffd8b310000 - 0x00007ffd8b339000 	C:\WINDOWS\SYSTEM32\profapi.dll
0x00007ffd65100000 - 0x00007ffd65118000 	D:\Program Files\Java\jdk-17\bin\zip.dll
0x00007ffd675b0000 - 0x00007ffd675ca000 	D:\Program Files\Java\jdk-17\bin\net.dll
0x00007ffd84080000 - 0x00007ffd841ad000 	C:\WINDOWS\SYSTEM32\WINHTTP.dll
0x00007ffd8a6f0000 - 0x00007ffd8a75c000 	C:\WINDOWS\system32\mswsock.dll
0x00007ffd67550000 - 0x00007ffd67566000 	D:\Program Files\Java\jdk-17\bin\nio.dll
0x00007ffd68ae0000 - 0x00007ffd68ae9000 	D:\Program Files\Java\jdk-17\bin\extnet.dll
0x00007ffd89c80000 - 0x00007ffd89cb2000 	C:\WINDOWS\SYSTEM32\IPHLPAPI.DLL
0x00007ffd8e210000 - 0x00007ffd8e21a000 	C:\WINDOWS\System32\NSI.dll
0x00007ffd84b00000 - 0x00007ffd84b1d000 	C:\WINDOWS\SYSTEM32\dhcpcsvc6.DLL
0x00007ffd84ad0000 - 0x00007ffd84af5000 	C:\WINDOWS\SYSTEM32\dhcpcsvc.DLL
0x00007ffd89cc0000 - 0x00007ffd89df2000 	C:\WINDOWS\SYSTEM32\DNSAPI.dll
0x00007ffd8a9d0000 - 0x00007ffd8a9eb000 	C:\WINDOWS\SYSTEM32\CRYPTSP.dll
0x00007ffd8a0e0000 - 0x00007ffd8a119000 	C:\WINDOWS\system32\rsaenh.dll
0x00007ffd8a7a0000 - 0x00007ffd8a7d3000 	C:\WINDOWS\SYSTEM32\USERENV.dll
0x00007ffd8b2e0000 - 0x00007ffd8b30a000 	C:\WINDOWS\SYSTEM32\bcrypt.dll
0x00007ffd8a9f0000 - 0x00007ffd8a9fc000 	C:\WINDOWS\SYSTEM32\CRYPTBASE.dll
0x00007ffd67f00000 - 0x00007ffd67f0a000 	D:\Program Files\Java\jdk-17\bin\management.dll
0x00007ffd67e50000 - 0x00007ffd67e5b000 	D:\Program Files\Java\jdk-17\bin\management_ext.dll
0x00007ffd8e220000 - 0x00007ffd8e228000 	C:\WINDOWS\System32\PSAPI.DLL
0x00007ffd68e20000 - 0x00007ffd68e2e000 	D:\Program Files\Java\jdk-17\bin\sunmscapi.dll
0x00007ffd8bd10000 - 0x00007ffd8be87000 	C:\WINDOWS\System32\CRYPT32.dll
0x00007ffd8ac80000 - 0x00007ffd8acb0000 	C:\WINDOWS\SYSTEM32\ncrypt.dll
0x00007ffd8ac30000 - 0x00007ffd8ac6f000 	C:\WINDOWS\SYSTEM32\NTASN1.dll
0x00007ffd5b470000 - 0x00007ffd5b478000 	C:\WINDOWS\system32\wshunix.dll
0x00007ffd830a0000 - 0x00007ffd830ab000 	C:\Windows\System32\rasadhlp.dll
0x00007ffd84e30000 - 0x00007ffd84eb6000 	C:\WINDOWS\System32\fwpuclnt.dll
0x00007ffd5efe0000 - 0x00007ffd5eff8000 	C:\WINDOWS\system32\napinsp.dll
0x00007ffd5e1f0000 - 0x00007ffd5e203000 	C:\WINDOWS\System32\winrnr.dll
0x00007ffd5e1c0000 - 0x00007ffd5e1e2000 	C:\WINDOWS\system32\nlansp_c.dll
0x00007ffd84860000 - 0x00007ffd84876000 	C:\WINDOWS\system32\wshbth.dll

dbghelp: loaded successfully - version: 4.0.5 - missing functions: none
symbol engine: initialized successfully - sym options: 0x614 - pdb path: .;D:\Program Files\Java\jdk-17\bin;C:\WINDOWS\SYSTEM32;C:\WINDOWS\WinSxS\amd64_microsoft.windows.common-controls_6595b64144ccf1df_6.0.26100.8115_none_3e075c82e3354f9c;D:\Program Files\Java\jdk-17\bin\server

VM Arguments:
jvm_args: -XX:TieredStopAtLevel=1 -Dspring.output.ansi.enabled=always -javaagent:D:\IntelliJ IDEA 2026.1\lib\idea_rt.jar=65175 -Dfile.encoding=UTF-8 
java_command: com.atguigu.daijia.ServiceMqApplication
java_class_path (initial): D:\桌面\毕设\硅谷代驾\代码\daijia-parent\service\service-mq\target\classes;D:\桌面\毕设\硅谷代驾\代码\daijia-parent\common\service-util\target\classes;D:\桌面\毕设\硅谷代驾\代码\daijia-parent\common\common-util\target\classes;D:\IdeaProjects\apache-maven-3.6.1\mvn_repo\org\projectlombok\lombok\1.18.26\lombok-1.18.26.jar;D:\IdeaProjects\apache-maven-3.6.1\mvn_repo\com\alibaba\fastjson\2.0.41\fastjson-2.0.41.jar;D:\IdeaProjects\apache-maven-3.6.1\mvn_repo\com\alibaba\fastjson2\fastjson2-extension\2.0.41\fastjson2-extension-2.0.41.jar;D:\IdeaProjects\apache-maven-3.6.1\mvn_repo\com\alibaba\fastjson2\fastjson2\2.0.41\fastjson2-2.0.41.jar;D:\IdeaProjects\apache-maven-3.6.1\mvn_repo\joda-time\joda-time\2.10.1\joda-time-2.10.1.jar;D:\IdeaProjects\apache-maven-3.6.1\mvn_repo\commons-io\commons-io\2.11.0\commons-io-2.11.0.jar;D:\桌面\毕设\硅谷代驾\代码\daijia-parent\model\target\classes;D:\IdeaProjects\apache-maven-3.6.1\mvn_repo\org\springframework\boot\spring-boot-starter-web\3.0.5\spring-boot-starter-web-3.0.5.jar;D:\IdeaProjects\apache-maven-3.6.1\mvn_repo\org\springframework\boot\spring-boot-starter-json\3.0.5\spring-boot-starter-json-3.0.5.jar;D:\IdeaProjects\apache-maven-3.6.1\mvn_repo\com\fasterxml\jackson\datatype\jackson-datatype-jdk8\2.14.2\jackson-datatype-jdk8-2.14.2.jar;D:\IdeaProjects\apache-maven-3.6.1\mvn_repo\com\fasterxml\jackson\datatype\jackson-datatype-jsr310\2.14.2\jackson-datatype-jsr310-2.14.2.jar;D:\IdeaProjects\apache-maven-3.6.1\mvn_repo\com\fasterxml\jackson\module\jackson-module-parameter-names\2.14.2\jackson-module-parameter-names-2.14.2.jar;D:\IdeaProjects\apache-maven-3.6.1\mvn_repo\org\springframework\boot\spring-boot-starter-tomcat\3.0.5\spring-boot-starter-tomcat-3.0.5.jar;D:\IdeaProjects\apache-maven-3.6.1\mvn_repo\org\apache\tomcat\embed\tomcat-embed-core\10.1.7\tomcat-embed-core-10.1.7.jar;D:\IdeaProjects\apache-maven-3.6.1\mvn_repo\org\apache\tomcat\embed\tomcat-embed-websocket\10.1.7\tomcat-embed-websocket
Launcher Type: SUN_STANDARD

[Global flags]
     intx CICompilerCount                          = 12                                        {product} {ergonomic}
     uint ConcGCThreads                            = 4                                         {product} {ergonomic}
     uint G1ConcRefinementThreads                  = 15                                        {product} {ergonomic}
   size_t G1HeapRegionSize                         = 2097152                                   {product} {ergonomic}
    uintx GCDrainStackTargetSize                   = 64                                        {product} {ergonomic}
   size_t InitialHeapSize                          = 264241152                                 {product} {ergonomic}
   size_t MarkStackSize                            = 4194304                                   {product} {ergonomic}
   size_t MaxHeapSize                              = 4227858432                                {product} {ergonomic}
   size_t MaxNewSize                               = 2535456768                                {product} {ergonomic}
   size_t MinHeapDeltaBytes                        = 2097152                                   {product} {ergonomic}
   size_t MinHeapSize                              = 8388608                                   {product} {ergonomic}
    uintx NonProfiledCodeHeapSize                  = 0                                      {pd product} {ergonomic}
     bool ProfileInterpreter                       = false                                  {pd product} {command line}
    uintx ProfiledCodeHeapSize                     = 0                                      {pd product} {ergonomic}
   size_t SoftMaxHeapSize                          = 4227858432                             {manageable} {ergonomic}
     intx TieredStopAtLevel                        = 1                                         {product} {command line}
     bool UseCompressedClassPointers               = true                           {product lp64_product} {ergonomic}
     bool UseCompressedOops                        = true                           {product lp64_product} {ergonomic}
     bool UseG1GC                                  = true                                      {product} {ergonomic}
     bool UseLargePagesIndividualAllocation        = false                                  {pd product} {ergonomic}

Logging:
Log output configuration:
 #0: stdout all=warning uptime,level,tags
 #1: stderr all=off uptime,level,tags

Environment Variables:
JAVA_HOME=D:\Program Files\Java\jdk-11
PATH=D:\Python\Python313\Scripts\;D:\Python\Python313\;C:\Program Files (x86)\Razer Chroma SDK\bin;C:\Program Files\Razer Chroma SDK\bin;D:\Program Files (x86)\VMware\VMware Workstation\bin\;D:\Program Files\Java\jdk-11\bin;C:\Program Files (x86)\Common Files\Oracle\Java\javapath;C:\Windows\system32;C:\Windows;C:\Windows\System32\Wbem;C:\Windows\System32\WindowsPowerShell\v1.0\;C:\Windows\System32\OpenSSH\;C:\Program Files (x86)\NVIDIA Corporation\PhysX\Common;C:\Program Files\NVIDIA Corporation\NVIDIA NvDLISR;C:\WINDOWS\system32;C:\WINDOWS;C:\WINDOWS\System32\Wbem;C:\WINDOWS\System32\WindowsPowerShell\v1.0\;C:\WINDOWS\System32\OpenSSH\;C:\Program Files (x86)\Microsoft SQL Server\160\Tools\Binn\;C:\Program Files\Microsoft SQL Server\160\Tools\Binn\;C:\Program Files\Microsoft SQL Server\Client SDK\ODBC\170\Tools\Binn\;C:\Program Files\Microsoft SQL Server\160\DTS\Binn\;C:\Program Files (x86)\Microsoft SQL Server\160\DTS\Binn\;C:\Program Files\Azure Data Studio\bin;d:\altera\91sp2\quartus\bin;D:\IdeaProjects\apache-maven-3.6.1\bin;D:\Program Files\Git\cmd;D:\Program Files (x86)\Tencent\微信web开发者工具\dll;C:\WINDOWS\system32\config\systemprofile\AppData\Local\Microsoft\WindowsApps;C:\Program Files (x86)\Razer\ChromaBroadcast\bin;C:\Program Files\Razer\ChromaBroadcast\bin;C:\Users\Lenovo\AppData\Local\Microsoft\WindowsApps;D:\VS\Microsoft VS Code\bin;D:\LenovoSoftstore\Install\QQliuxidating\QQGameTempest\Hall.58012\;C:\Program Files\JetBrains\IntelliJ IDEA 2021.2.2\bin;D:\Program Files\cpolar\;C:\Program Files\dotnet\;C:\WINDOWS\system32;C:\WINDOWS;C:\WINDOWS\System32\Wbem;C:\WINDOWS\System32\WindowsPowerShell\v1.0\;C:\WINDOWS\System32\OpenSSH\;D:\Anaconda;D:\Anaconda\Scripts;D:\Anaconda\Library\bin;D:\nvm;D:\nvm4w\nodejs;%ERLANG_HOME%\bin;C:\Users\Lenovo\AppData\Local\Microsoft\WindowsApps;D:\VS\Microsoft VS Code\bin;C:\Program Files\Azure Data Studio\bin;D:\LenovoSoftstore\Install\QQliuxidating\QQGameTempest\Hall.58012\;D:\IntelliJ IDEA 2026.1\bin;D:\Program Files\cpolar\;C:\Users\Lenovo\AppData\Roaming\npm;D:\Pycharm\PyCharm 2025.3.3\bin;D:\cursor\resources\app\bin;D:\nvm;D:\nvm4w\nodejs
USERNAME=Lenovo
OS=Windows_NT
PROCESSOR_IDENTIFIER=Intel64 Family 6 Model 154 Stepping 3, GenuineIntel
TMP=D:\cache\temp
TEMP=D:\cache\temp



Periodic native trim disabled


---------------  S Y S T E M  ---------------

OS:
 Windows 11 , 64 bit Build 26100 (10.0.26100.8246)
OS uptime: 2 days 10:33 hours
Hyper-V role detected

CPU: total 20 (initial active 20) (10 cores per cpu, 2 threads per core) family 6 model 154 stepping 3 microcode 0x416, cx8, cmov, fxsr, ht, mmx, 3dnowpref, sse, sse2, sse3, ssse3, sse4.1, sse4.2, popcnt, lzcnt, tsc, tscinvbit, avx, avx2, aes, erms, clmul, bmi1, bmi2, adx, sha, fma, vzeroupper, clflush, clflushopt, clwb, hv
Processor Information for processor 0
  Max Mhz: 2300, Current Mhz: 2300, Mhz Limit: 2300
Processor Information for processor 1
  Max Mhz: 2300, Current Mhz: 2300, Mhz Limit: 2300
Processor Information for processor 2
  Max Mhz: 2300, Current Mhz: 2300, Mhz Limit: 2300
Processor Information for processor 3
  Max Mhz: 2300, Current Mhz: 2300, Mhz Limit: 2300
Processor Information for processor 4
  Max Mhz: 2300, Current Mhz: 2300, Mhz Limit: 2300
Processor Information for processor 5
  Max Mhz: 2300, Current Mhz: 2300, Mhz Limit: 2300
Processor Information for processor 6
  Max Mhz: 2300, Current Mhz: 2300, Mhz Limit: 2300
Processor Information for processor 7
  Max Mhz: 2300, Current Mhz: 2300, Mhz Limit: 2300
Processor Information for processor 8
  Max Mhz: 2300, Current Mhz: 2300, Mhz Limit: 2300
Processor Information for processor 9
  Max Mhz: 2300, Current Mhz: 2300, Mhz Limit: 2300
Processor Information for processor 10
  Max Mhz: 2300, Current Mhz: 2300, Mhz Limit: 2300
Processor Information for processor 11
  Max Mhz: 2300, Current Mhz: 2300, Mhz Limit: 2300
Processor Information for processor 12
  Max Mhz: 2300, Current Mhz: 1700, Mhz Limit: 1679
Processor Information for processor 13
  Max Mhz: 2300, Current Mhz: 1700, Mhz Limit: 1679
Processor Information for processor 14
  Max Mhz: 2300, Current Mhz: 1700, Mhz Limit: 1679
Processor Information for processor 15
  Max Mhz: 2300, Current Mhz: 1700, Mhz Limit: 1679
Processor Information for processor 16
  Max Mhz: 2300, Current Mhz: 1700, Mhz Limit: 1679
Processor Information for processor 17
  Max Mhz: 2300, Current Mhz: 1700, Mhz Limit: 1679
Processor Information for processor 18
  Max Mhz: 2300, Current Mhz: 1700, Mhz Limit: 1679
Processor Information for processor 19
  Max Mhz: 2300, Current Mhz: 1700, Mhz Limit: 1679

Memory: 4k page, system-wide physical 16124M (948M free)
TotalPageFile size 48891M (AvailPageFile size 101M)
current process WorkingSet (physical memory assigned to process): 418M, peak: 426M
current process commit charge ("private bytes"): 553M, peak: 727M

vm_info: OpenJDK 64-Bit Server VM (17.0.14+7-LTS) for windows-amd64 JRE (17.0.14+7-LTS), built on Jan  8 2025 23:39:28 by "MicrosoftCorporation" with unknown MS VC++:1939

END.
