#
# There is insufficient memory for the Java Runtime Environment to continue.
# Native memory allocation (mmap) failed to map 484442112 bytes. Error detail: G1 virtual space
# Possible reasons:
#   The system is out of physical RAM or swap space
#   This process is running with CompressedOops enabled, and the Java Heap may be blocking the growth of the native heap
# Possible solutions:
#   Reduce memory load on the system
#   Increase physical memory or swap space
#   Check if swap backing store is full
#   Decrease Java heap size (-Xmx/-Xms)
#   Decrease number of Java threads
#   Decrease Java thread stack sizes (-Xss)
#   Set larger code cache with -XX:ReservedCodeCacheSize=
#   JVM is running with Zero Based Compressed Oops mode in which the Java heap is
#     placed in the first 32GB address space. The Java Heap base address is the
#     maximum limit for the native heap growth. Please use -XX:HeapBaseMinAddress
#     to set the Java Heap base and to place the Java Heap above 32GB virtual address.
# This output file may be truncated or incomplete.
#
#  Out of Memory Error (os_windows.cpp:3710), pid=22124, tid=10024
#
# JRE version: OpenJDK Runtime Environment Microsoft-10800295 (17.0.14+7) (build 17.0.14+7-LTS)
# Java VM: OpenJDK 64-Bit Server VM Microsoft-10800295 (17.0.14+7-LTS, mixed mode, emulated-client, sharing, tiered, compressed oops, compressed class ptrs, g1 gc, windows-amd64)
# No core dump will be written. Minidumps are not enabled by default on client versions of Windows
#

---------------  S U M M A R Y ------------

Command Line: -XX:TieredStopAtLevel=1 -Dspring.output.ansi.enabled=always -javaagent:D:\IntelliJ IDEA 2026.1\lib\idea_rt.jar=55799 -Dfile.encoding=UTF-8 com.atguigu.daijia.ServiceDriverApplication

Host: 12th Gen Intel(R) Core(TM) i7-12700H, 20 cores, 15G,  Windows 11 , 64 bit Build 26100 (10.0.26100.8246)
Time: Sun Apr 26 14:42:15 2026  Windows 11 , 64 bit Build 26100 (10.0.26100.8246) elapsed time: 8.074790 seconds (0d 0h 0m 8s)

---------------  T H R E A D  ---------------

Current thread (0x0000017473fe2b40):  VMThread "VM Thread" [stack: 0x00000064b3500000,0x00000064b3600000] [id=10024]

Stack: [0x00000064b3500000,0x00000064b3600000]
Native frames: (J=compiled Java code, j=interpreted, Vv=VM code, C=native code)
V  [jvm.dll+0x6886b9]
V  [jvm.dll+0x83f6f8]
V  [jvm.dll+0x8411a3]
V  [jvm.dll+0x841813]
V  [jvm.dll+0x2495cf]
V  [jvm.dll+0x6855f9]
V  [jvm.dll+0x679a8a]
V  [jvm.dll+0x30afc7]
V  [jvm.dll+0x312536]
V  [jvm.dll+0x362eee]
V  [jvm.dll+0x36312d]
V  [jvm.dll+0x2e225c]
V  [jvm.dll+0x2e0609]
V  [jvm.dll+0x2dfd6c]
V  [jvm.dll+0x32291b]
V  [jvm.dll+0x84604d]
V  [jvm.dll+0x846d83]
V  [jvm.dll+0x8472af]
V  [jvm.dll+0x847694]
V  [jvm.dll+0x84775e]
V  [jvm.dll+0x7ef2ac]
V  [jvm.dll+0x687597]
C  [ucrtbase.dll+0x37b0]
C  [KERNEL32.DLL+0x2e8d7]
C  [ntdll.dll+0x8c3fc]

VM_Operation (0x00000064ba0fd2a0): G1CollectForAllocation, mode: safepoint, requested by thread 0x000001747c7ac8b0


---------------  P R O C E S S  ---------------

Threads class SMR info:
_java_thread_list=0x000001747c7670c0, length=110, elements={
0x000001745d0b01d0, 0x0000017473feac00, 0x0000017473fec330, 0x00000174740081e0,
0x000001747400acb0, 0x000001747400e1f0, 0x000001747400f720, 0x0000017474011c60,
0x0000017474d79fc0, 0x0000017474d703c0, 0x0000017474f200b0, 0x0000017474f229f0,
0x0000017474f23320, 0x000001747570bd30, 0x000001747570cbd0, 0x000001747a792050,
0x000001747a319320, 0x000001747a802bc0, 0x000001747a8050d0, 0x000001747a840dd0,
0x000001747a88cd80, 0x000001747a76c5f0, 0x000001747a76a790, 0x000001747a76aca0,
0x000001747a76d520, 0x000001747a76b6c0, 0x000001747a769d70, 0x000001747a76cb00,
0x000001747a76b1b0, 0x000001747a76d010, 0x000001747a76a280, 0x000001747a76bbd0,
0x000001747a76c0e0, 0x000001747ad592d0, 0x000001747ad57e90, 0x000001747ad588b0,
0x000001747ad56f60, 0x000001747ad58dc0, 0x000001747ad57980, 0x000001747ad56540,
0x000001747ad583a0, 0x000001747ad59cf0, 0x000001747ad597e0, 0x000001747ad56a50,
0x000001747ad5ac20, 0x000001747ad5b130, 0x000001747ad5bb50, 0x000001747ad5dec0,
0x000001747ad5c060, 0x000001747ad5a710, 0x000001747ad5d9b0, 0x000001747ad5c570,
0x000001747ad5b640, 0x000001747ad5ca80, 0x000001747ad5cf90, 0x000001747c75c260,
0x000001747c75eff0, 0x000001747c75b840, 0x000001747c75bd50, 0x000001747c75c770,
0x000001747c75d190, 0x000001747c75cc80, 0x000001747c75d6a0, 0x000001747c75dbb0,
0x000001747c75e0c0, 0x000001747c75e5d0, 0x000001747c75eae0, 0x000001747c7a6880,
0x000001747c7a7cc0, 0x000001747c7a6d90, 0x000001747c7a5950, 0x000001747c7a5e60,
0x000001747c7a72a0, 0x000001747c7a77b0, 0x000001747c7a86e0, 0x000001747c7a4f30,
0x000001747c7a81d0, 0x000001747c7a8bf0, 0x000001747c7a5440, 0x000001747c7a9b20,
0x000001747c7a9100, 0x000001747c7a6370, 0x000001747c7ab980, 0x000001747c7ac3a0,
0x000001747c7aaf60, 0x000001747c7aa540, 0x000001747c7ab470, 0x000001747c7aa030,
0x000001747c7ac8b0, 0x000001747c7aaa50, 0x000001747c7a9610, 0x000001747c7abe90,
0x000001747cb3ca80, 0x000001747cb397e0, 0x000001747cb39cf0, 0x000001747cb3b130,
0x000001747cb3cf90, 0x000001747cb3c060, 0x000001747cb3bb50, 0x000001747cb3a710,
0x000001747cb3d4a0, 0x000001747cb3b640, 0x000001747cb3d9b0, 0x000001747cb3a200,
0x000001747cb3e3d0, 0x000001747cb3dec0, 0x000001747cb3c570, 0x000001747cb3ac20,
0x000001747cb3e8e0, 0x000001747cb3edf0
}

Java Threads: ( => current thread )
  0x000001745d0b01d0 JavaThread "main" [_thread_blocked, id=35936, stack(0x00000064b2f00000,0x00000064b3000000)]
  0x0000017473feac00 JavaThread "Reference Handler" daemon [_thread_blocked, id=27484, stack(0x00000064b3600000,0x00000064b3700000)]
  0x0000017473fec330 JavaThread "Finalizer" daemon [_thread_blocked, id=51080, stack(0x00000064b3700000,0x00000064b3800000)]
  0x00000174740081e0 JavaThread "Signal Dispatcher" daemon [_thread_blocked, id=53540, stack(0x00000064b3800000,0x00000064b3900000)]
  0x000001747400acb0 JavaThread "Attach Listener" daemon [_thread_blocked, id=37280, stack(0x00000064b3900000,0x00000064b3a00000)]
  0x000001747400e1f0 JavaThread "Service Thread" daemon [_thread_blocked, id=3592, stack(0x00000064b3a00000,0x00000064b3b00000)]
  0x000001747400f720 JavaThread "Monitor Deflation Thread" daemon [_thread_blocked, id=3632, stack(0x00000064b3b00000,0x00000064b3c00000)]
  0x0000017474011c60 JavaThread "C1 CompilerThread0" daemon [_thread_blocked, id=49536, stack(0x00000064b3c00000,0x00000064b3d00000)]
  0x0000017474d79fc0 JavaThread "Sweeper thread" daemon [_thread_blocked, id=38736, stack(0x00000064b3d00000,0x00000064b3e00000)]
  0x0000017474d703c0 JavaThread "Common-Cleaner" daemon [_thread_blocked, id=38296, stack(0x00000064b3e00000,0x00000064b3f00000)]
  0x0000017474f200b0 JavaThread "C1 CompilerThread1" daemon [_thread_blocked, id=55928, stack(0x00000064b3f00000,0x00000064b4000000)]
  0x0000017474f229f0 JavaThread "C1 CompilerThread2" daemon [_thread_blocked, id=24832, stack(0x00000064b4000000,0x00000064b4100000)]
  0x0000017474f23320 JavaThread "C1 CompilerThread3" daemon [_thread_blocked, id=65208, stack(0x00000064b4100000,0x00000064b4200000)]
  0x000001747570bd30 JavaThread "Monitor Ctrl-Break" daemon [_thread_in_native, id=63492, stack(0x00000064b4200000,0x00000064b4300000)]
  0x000001747570cbd0 JavaThread "Notification Thread" daemon [_thread_blocked, id=41516, stack(0x00000064b4300000,0x00000064b4400000)]
  0x000001747a792050 JavaThread "com.alibaba.nacos.client.auth.ram.identify.watcher.0" daemon [_thread_blocked, id=19236, stack(0x00000064b4a00000,0x00000064b4b00000)]
  0x000001747a319320 JavaThread "com.alibaba.nacos.client.Worker" daemon [_thread_blocked, id=33264, stack(0x00000064b4d00000,0x00000064b4e00000)]
  0x000001747a802bc0 JavaThread "com.alibaba.nacos.client.Worker" daemon [_thread_blocked, id=35708, stack(0x00000064b4e00000,0x00000064b4f00000)]
  0x000001747a8050d0 JavaThread "com.alibaba.nacos.client.Worker" daemon [_thread_blocked, id=57152, stack(0x00000064b4f00000,0x00000064b5000000)]
  0x000001747a840dd0 JavaThread "nacos.publisher-com.alibaba.nacos.common.notify.SlowEvent" daemon [_thread_blocked, id=23968, stack(0x00000064b5000000,0x00000064b5100000)]
  0x000001747a88cd80 JavaThread "com.alibaba.nacos.client.remote.worker" daemon [_thread_blocked, id=58716, stack(0x00000064b5100000,0x00000064b5200000)]
  0x000001747a76c5f0 JavaThread "com.alibaba.nacos.client.remote.worker" daemon [_thread_blocked, id=2104, stack(0x00000064b5200000,0x00000064b5300000)]
  0x000001747a76a790 JavaThread "grpc-nio-worker-ELG-1-1" daemon [_thread_in_native, id=53104, stack(0x00000064b5d00000,0x00000064b5e00000)]
  0x000001747a76aca0 JavaThread "grpc-default-executor-0" daemon [_thread_blocked, id=27256, stack(0x00000064b5e00000,0x00000064b5f00000)]
  0x000001747a76d520 JavaThread "nacos-grpc-client-executor-127.0.0.1-0" daemon [_thread_blocked, id=51992, stack(0x00000064b5f00000,0x00000064b6000000)]
  0x000001747a76b6c0 JavaThread "nacos-grpc-client-executor-127.0.0.1-1" daemon [_thread_blocked, id=3036, stack(0x00000064b6000000,0x00000064b6100000)]
  0x000001747a769d70 JavaThread "grpc-nio-worker-ELG-1-2" daemon [_thread_in_native, id=61892, stack(0x00000064b6100000,0x00000064b6200000)]
  0x000001747a76cb00 JavaThread "nacos-grpc-client-executor-127.0.0.1-2" daemon [_thread_blocked, id=8228, stack(0x00000064b6300000,0x00000064b6400000)]
  0x000001747a76b1b0 JavaThread "nacos-grpc-client-executor-127.0.0.1-3" daemon [_thread_blocked, id=52836, stack(0x00000064b6400000,0x00000064b6500000)]
  0x000001747a76d010 JavaThread "nacos-grpc-client-executor-127.0.0.1-4" daemon [_thread_blocked, id=2440, stack(0x00000064b6500000,0x00000064b6600000)]
  0x000001747a76a280 JavaThread "nacos-grpc-client-executor-127.0.0.1-5" daemon [_thread_blocked, id=22576, stack(0x00000064b6600000,0x00000064b6700000)]
  0x000001747a76bbd0 JavaThread "nacos-grpc-client-executor-127.0.0.1-6" daemon [_thread_blocked, id=34760, stack(0x00000064b6700000,0x00000064b6800000)]
  0x000001747a76c0e0 JavaThread "nacos-grpc-client-executor-127.0.0.1-7" daemon [_thread_blocked, id=63020, stack(0x00000064b6800000,0x00000064b6900000)]
  0x000001747ad592d0 JavaThread "nacos-grpc-client-executor-127.0.0.1-8" daemon [_thread_blocked, id=62508, stack(0x00000064b6900000,0x00000064b6a00000)]
  0x000001747ad57e90 JavaThread "nacos-grpc-client-executor-127.0.0.1-9" daemon [_thread_blocked, id=18112, stack(0x00000064b6a00000,0x00000064b6b00000)]
  0x000001747ad588b0 JavaThread "nacos-grpc-client-executor-127.0.0.1-10" daemon [_thread_blocked, id=66164, stack(0x00000064b6b00000,0x00000064b6c00000)]
  0x000001747ad56f60 JavaThread "nacos-grpc-client-executor-127.0.0.1-11" daemon [_thread_blocked, id=17468, stack(0x00000064b6c00000,0x00000064b6d00000)]
  0x000001747ad58dc0 JavaThread "nacos-grpc-client-executor-127.0.0.1-12" daemon [_thread_blocked, id=38120, stack(0x00000064b6d00000,0x00000064b6e00000)]
  0x000001747ad57980 JavaThread "nacos-grpc-client-executor-127.0.0.1-13" daemon [_thread_blocked, id=56532, stack(0x00000064b6e00000,0x00000064b6f00000)]
  0x000001747ad56540 JavaThread "nacos-grpc-client-executor-127.0.0.1-14" daemon [_thread_blocked, id=45384, stack(0x00000064b6f00000,0x00000064b7000000)]
  0x000001747ad583a0 JavaThread "Catalina-utility-1" [_thread_blocked, id=62012, stack(0x00000064b7000000,0x00000064b7100000)]
  0x000001747ad59cf0 JavaThread "Catalina-utility-2" [_thread_blocked, id=52900, stack(0x00000064b7100000,0x00000064b7200000)]
  0x000001747ad597e0 JavaThread "container-0" [_thread_blocked, id=61388, stack(0x00000064b7200000,0x00000064b7300000)]
  0x000001747ad56a50 JavaThread "mysql-cj-abandoned-connection-cleanup" daemon [_thread_blocked, id=12152, stack(0x00000064b7300000,0x00000064b7400000)]
  0x000001747ad5ac20 JavaThread "IdleConnectionMonitorThread" daemon [_thread_blocked, id=65528, stack(0x00000064b7400000,0x00000064b7500000)]
  0x000001747ad5b130 JavaThread "Thread-11" daemon [_thread_in_native, id=48072, stack(0x00000064b7500000,0x00000064b7600000)]
  0x000001747ad5bb50 JavaThread "lettuce-timer-3-1" daemon [_thread_blocked, id=39876, stack(0x00000064b7600000,0x00000064b7700000)]
  0x000001747ad5dec0 JavaThread "redisson-netty-4-1" [_thread_in_native, id=64588, stack(0x00000064b7700000,0x00000064b7800000)]
  0x000001747ad5c060 JavaThread "com.alibaba.nacos.client.Worker" daemon [_thread_blocked, id=65312, stack(0x00000064b7800000,0x00000064b7900000)]
  0x000001747ad5a710 JavaThread "redisson-netty-4-2" [_thread_in_native, id=38948, stack(0x00000064b7900000,0x00000064b7a00000)]
  0x000001747ad5d9b0 JavaThread "redisson-netty-4-3" [_thread_in_native, id=60600, stack(0x00000064b7a00000,0x00000064b7b00000)]
  0x000001747ad5c570 JavaThread "redisson-netty-4-4" [_thread_in_native, id=64772, stack(0x00000064b7b00000,0x00000064b7c00000)]
  0x000001747ad5b640 JavaThread "redisson-timer-6-1" [_thread_blocked, id=1104, stack(0x00000064b7c00000,0x00000064b7d00000)]
  0x000001747ad5ca80 JavaThread "redisson-netty-4-5" [_thread_in_native, id=49824, stack(0x00000064b7d00000,0x00000064b7e00000)]
  0x000001747ad5cf90 JavaThread "redisson-netty-4-6" [_thread_in_native, id=20384, stack(0x00000064b7e00000,0x00000064b7f00000)]
  0x000001747c75c260 JavaThread "redisson-netty-4-7" [_thread_in_native, id=33060, stack(0x00000064b7f00000,0x00000064b8000000)]
  0x000001747c75eff0 JavaThread "redisson-netty-4-8" [_thread_in_native, id=50892, stack(0x00000064b8000000,0x00000064b8100000)]
  0x000001747c75b840 JavaThread "redisson-netty-4-9" [_thread_in_native, id=46740, stack(0x00000064b8100000,0x00000064b8200000)]
  0x000001747c75bd50 JavaThread "redisson-netty-4-10" [_thread_in_native, id=10708, stack(0x00000064b8200000,0x00000064b8300000)]
  0x000001747c75c770 JavaThread "redisson-netty-4-11" [_thread_in_native, id=49872, stack(0x00000064b8300000,0x00000064b8400000)]
  0x000001747c75d190 JavaThread "redisson-netty-4-12" [_thread_in_native, id=47244, stack(0x00000064b8400000,0x00000064b8500000)]
  0x000001747c75cc80 JavaThread "redisson-netty-4-13" [_thread_in_native, id=9204, stack(0x00000064b8500000,0x00000064b8600000)]
  0x000001747c75d6a0 JavaThread "redisson-netty-4-14" [_thread_in_native, id=35484, stack(0x00000064b8600000,0x00000064b8700000)]
  0x000001747c75dbb0 JavaThread "redisson-netty-4-15" [_thread_in_native, id=40264, stack(0x00000064b8700000,0x00000064b8800000)]
  0x000001747c75e0c0 JavaThread "redisson-netty-4-16" [_thread_in_native, id=16972, stack(0x00000064b8800000,0x00000064b8900000)]
  0x000001747c75e5d0 JavaThread "redisson-netty-4-17" [_thread_in_native, id=35204, stack(0x00000064b8900000,0x00000064b8a00000)]
  0x000001747c75eae0 JavaThread "redisson-netty-4-18" [_thread_in_native, id=31300, stack(0x00000064b8a00000,0x00000064b8b00000)]
  0x000001747c7a6880 JavaThread "redisson-netty-4-19" [_thread_in_native, id=1428, stack(0x00000064b8b00000,0x00000064b8c00000)]
  0x000001747c7a7cc0 JavaThread "redisson-netty-4-20" [_thread_in_native, id=33080, stack(0x00000064b8c00000,0x00000064b8d00000)]
  0x000001747c7a6d90 JavaThread "redisson-netty-4-21" [_thread_in_native, id=14440, stack(0x00000064b8d00000,0x00000064b8e00000)]
  0x000001747c7a5950 JavaThread "redisson-netty-4-22" [_thread_in_native, id=58540, stack(0x00000064b8e00000,0x00000064b8f00000)]
  0x000001747c7a5e60 JavaThread "redisson-netty-4-23" [_thread_in_native, id=23568, stack(0x00000064b8f00000,0x00000064b9000000)]
  0x000001747c7a72a0 JavaThread "redisson-netty-4-24" [_thread_in_native, id=6628, stack(0x00000064b9000000,0x00000064b9100000)]
  0x000001747c7a77b0 JavaThread "redisson-netty-4-25" [_thread_in_native, id=51564, stack(0x00000064b9100000,0x00000064b9200000)]
  0x000001747c7a86e0 JavaThread "redisson-netty-4-26" [_thread_in_native, id=52280, stack(0x00000064b9200000,0x00000064b9300000)]
  0x000001747c7a4f30 JavaThread "redisson-netty-4-27" [_thread_in_native, id=58392, stack(0x00000064b9300000,0x00000064b9400000)]
  0x000001747c7a81d0 JavaThread "redisson-netty-4-28" [_thread_in_native, id=55908, stack(0x00000064b9400000,0x00000064b9500000)]
  0x000001747c7a8bf0 JavaThread "redisson-netty-4-29" [_thread_in_native, id=8820, stack(0x00000064b9500000,0x00000064b9600000)]
  0x000001747c7a5440 JavaThread "redisson-netty-4-30" [_thread_in_native, id=10608, stack(0x00000064b9600000,0x00000064b9700000)]
  0x000001747c7a9b20 JavaThread "redisson-netty-4-31" [_thread_in_native, id=24984, stack(0x00000064b9700000,0x00000064b9800000)]
  0x000001747c7a9100 JavaThread "redisson-netty-4-32" [_thread_in_native, id=49632, stack(0x00000064b9800000,0x00000064b9900000)]
  0x000001747c7a6370 JavaThread "ClassGraph-worker-609" daemon [_thread_blocked, id=44512, stack(0x00000064b9900000,0x00000064b9a00000)]
  0x000001747c7ab980 JavaThread "ClassGraph-worker-610" daemon [_thread_blocked, id=63972, stack(0x00000064b9a00000,0x00000064b9b00000)]
  0x000001747c7ac3a0 JavaThread "ClassGraph-worker-611" daemon [_thread_blocked, id=37376, stack(0x00000064b9b00000,0x00000064b9c00000)]
  0x000001747c7aaf60 JavaThread "ClassGraph-worker-612" daemon [_thread_blocked, id=51748, stack(0x00000064b9c00000,0x00000064b9d00000)]
  0x000001747c7aa540 JavaThread "ClassGraph-worker-613" daemon [_thread_blocked, id=30360, stack(0x00000064b9d00000,0x00000064b9e00000)]
  0x000001747c7ab470 JavaThread "ClassGraph-worker-614" daemon [_thread_blocked, id=22568, stack(0x00000064b9e00000,0x00000064b9f00000)]
  0x000001747c7aa030 JavaThread "ClassGraph-worker-615" daemon [_thread_blocked, id=16488, stack(0x00000064b9f00000,0x00000064ba000000)]
  0x000001747c7ac8b0 JavaThread "ClassGraph-worker-616" daemon [_thread_blocked, id=33504, stack(0x00000064ba000000,0x00000064ba100000)]
  0x000001747c7aaa50 JavaThread "ClassGraph-worker-617" daemon [_thread_blocked, id=60112, stack(0x00000064ba100000,0x00000064ba200000)]
  0x000001747c7a9610 JavaThread "ClassGraph-worker-618" daemon [_thread_blocked, id=30320, stack(0x00000064ba200000,0x00000064ba300000)]
  0x000001747c7abe90 JavaThread "ClassGraph-worker-619" daemon [_thread_blocked, id=39072, stack(0x00000064ba300000,0x00000064ba400000)]
  0x000001747cb3ca80 JavaThread "ClassGraph-worker-620" daemon [_thread_blocked, id=11892, stack(0x00000064ba400000,0x00000064ba500000)]
  0x000001747cb397e0 JavaThread "ClassGraph-worker-621" daemon [_thread_blocked, id=64852, stack(0x00000064ba500000,0x00000064ba600000)]
  0x000001747cb39cf0 JavaThread "ClassGraph-worker-622" daemon [_thread_blocked, id=31404, stack(0x00000064ba600000,0x00000064ba700000)]
  0x000001747cb3b130 JavaThread "ClassGraph-worker-623" daemon [_thread_blocked, id=37824, stack(0x00000064ba700000,0x00000064ba800000)]
  0x000001747cb3cf90 JavaThread "ClassGraph-worker-624" daemon [_thread_blocked, id=10208, stack(0x00000064ba800000,0x00000064ba900000)]
  0x000001747cb3c060 JavaThread "ClassGraph-worker-625" daemon [_thread_blocked, id=31656, stack(0x00000064ba900000,0x00000064baa00000)]
  0x000001747cb3bb50 JavaThread "ClassGraph-worker-626" daemon [_thread_blocked, id=47036, stack(0x00000064baa00000,0x00000064bab00000)]
  0x000001747cb3a710 JavaThread "ClassGraph-worker-627" daemon [_thread_blocked, id=53620, stack(0x00000064bab00000,0x00000064bac00000)]
  0x000001747cb3d4a0 JavaThread "ClassGraph-worker-628" daemon [_thread_blocked, id=24608, stack(0x00000064bac00000,0x00000064bad00000)]
  0x000001747cb3b640 JavaThread "ClassGraph-worker-629" daemon [_thread_blocked, id=50808, stack(0x00000064bad00000,0x00000064bae00000)]
  0x000001747cb3d9b0 JavaThread "ClassGraph-worker-630" daemon [_thread_blocked, id=61252, stack(0x00000064bae00000,0x00000064baf00000)]
  0x000001747cb3a200 JavaThread "ClassGraph-worker-631" daemon [_thread_blocked, id=11500, stack(0x00000064baf00000,0x00000064bb000000)]
  0x000001747cb3e3d0 JavaThread "ClassGraph-worker-632" daemon [_thread_blocked, id=36052, stack(0x00000064bb000000,0x00000064bb100000)]
  0x000001747cb3dec0 JavaThread "ClassGraph-worker-633" daemon [_thread_blocked, id=6432, stack(0x00000064bb100000,0x00000064bb200000)]
  0x000001747cb3c570 JavaThread "ClassGraph-worker-634" daemon [_thread_blocked, id=38936, stack(0x00000064bb200000,0x00000064bb300000)]
  0x000001747cb3ac20 JavaThread "ClassGraph-worker-635" daemon [_thread_blocked, id=24496, stack(0x00000064bb300000,0x00000064bb400000)]
  0x000001747cb3e8e0 JavaThread "ClassGraph-worker-636" daemon [_thread_blocked, id=38940, stack(0x00000064bb400000,0x00000064bb500000)]
  0x000001747cb3edf0 JavaThread "ClassGraph-worker-637" daemon [_thread_blocked, id=39336, stack(0x00000064bb500000,0x00000064bb600000)]

Other Threads:
=>0x0000017473fe2b40 VMThread "VM Thread" [stack: 0x00000064b3500000,0x00000064b3600000] [id=10024]
  0x00000174750eec80 WatcherThread [stack: 0x00000064b4400000,0x00000064b4500000] [id=42668]
  0x000001745d11d2b0 GCTaskThread "GC Thread#0" [stack: 0x00000064b3000000,0x00000064b3100000] [id=48464]
  0x000001747a01aec0 GCTaskThread "GC Thread#1" [stack: 0x00000064b4500000,0x00000064b4600000] [id=38760]
  0x000001747a0726c0 GCTaskThread "GC Thread#2" [stack: 0x00000064b4600000,0x00000064b4700000] [id=10052]
  0x000001747a072d90 GCTaskThread "GC Thread#3" [stack: 0x00000064b4700000,0x00000064b4800000] [id=28708]
  0x000001747a0854d0 GCTaskThread "GC Thread#4" [stack: 0x00000064b4800000,0x00000064b4900000] [id=41096]
  0x000001747a086290 GCTaskThread "GC Thread#5" [stack: 0x00000064b4900000,0x00000064b4a00000] [id=48356]
  0x000001747a086550 GCTaskThread "GC Thread#6" [stack: 0x00000064b4b00000,0x00000064b4c00000] [id=27212]
  0x000001747a086d90 GCTaskThread "GC Thread#7" [stack: 0x00000064b4c00000,0x00000064b4d00000] [id=36460]
  0x000001747a085790 GCTaskThread "GC Thread#8" [stack: 0x00000064b5300000,0x00000064b5400000] [id=17688]
  0x000001747a086ad0 GCTaskThread "GC Thread#9" [stack: 0x00000064b5400000,0x00000064b5500000] [id=21768]
  0x000001747a086810 GCTaskThread "GC Thread#10" [stack: 0x00000064b5500000,0x00000064b5600000] [id=29120]
  0x000001747a085a50 GCTaskThread "GC Thread#11" [stack: 0x00000064b5600000,0x00000064b5700000] [id=54320]
  0x000001747a085d10 GCTaskThread "GC Thread#12" [stack: 0x00000064b5700000,0x00000064b5800000] [id=62832]
  0x000001747a087050 GCTaskThread "GC Thread#13" [stack: 0x00000064b5800000,0x00000064b5900000] [id=37732]
  0x000001747a9b2ca0 GCTaskThread "GC Thread#14" [stack: 0x00000064b5900000,0x00000064b5a00000] [id=55872]
  0x000001745d12de00 ConcurrentGCThread "G1 Main Marker" [stack: 0x00000064b3100000,0x00000064b3200000] [id=8]
  0x000001745d12f4f0 ConcurrentGCThread "G1 Conc#0" [stack: 0x00000064b3200000,0x00000064b3300000] [id=12132]
  0x000001747a9b63a0 ConcurrentGCThread "G1 Conc#1" [stack: 0x00000064b5a00000,0x00000064b5b00000] [id=18452]
  0x000001747a9b5b60 ConcurrentGCThread "G1 Conc#2" [stack: 0x00000064b5b00000,0x00000064b5c00000] [id=40460]
  0x000001747a9b34e0 ConcurrentGCThread "G1 Conc#3" [stack: 0x00000064b5c00000,0x00000064b5d00000] [id=44588]
  0x0000017473f1dca0 ConcurrentGCThread "G1 Refine#0" [stack: 0x00000064b3300000,0x00000064b3400000] [id=40852]
  0x000001747b86ac20 ConcurrentGCThread "G1 Refine#1" [stack: 0x00000064bb600000,0x00000064bb700000] [id=22608]
  0x000001747b86d250 ConcurrentGCThread "G1 Refine#2" [stack: 0x00000064bb700000,0x00000064bb800000] [id=39332]
  0x000001747b86c3a0 ConcurrentGCThread "G1 Refine#3" [stack: 0x00000064bb800000,0x00000064bb900000] [id=18072]
  0x000001747b86af10 ConcurrentGCThread "G1 Refine#4" [stack: 0x00000064bb900000,0x00000064bba00000] [id=56880]
  0x000001747b86b200 ConcurrentGCThread "G1 Refine#5" [stack: 0x00000064bba00000,0x00000064bbb00000] [id=14648]
  0x0000017473f1f580 ConcurrentGCThread "G1 Service" [stack: 0x00000064b3400000,0x00000064b3500000] [id=61616]

Threads with active compile tasks:

VM state: at safepoint (normal execution)

VM Mutex/Monitor currently owned by a thread:  ([mutex/lock_event])
[0x000001745d0aa9e0] Threads_lock - owner thread: 0x0000017473fe2b40
[0x000001745d0abd00] Heap_lock - owner thread: 0x000001747c7ac8b0

Heap address: 0x0000000704000000, size: 4032 MB, Compressed Oops mode: Zero based, Oop shift amount: 3

CDS archive(s) mapped at: [0x0000017400000000-0x0000017400bb0000-0x0000017400bb0000), size 12255232, SharedBaseAddress: 0x0000017400000000, ArchiveRelocationMode: 1.
Compressed class space mapped at: 0x0000017401000000-0x0000017441000000, reserved size: 1073741824
Narrow klass base: 0x0000017400000000, Narrow klass shift: 0, Narrow klass range: 0x100000000

GC Precious Log:
 CPUs: 20 total, 20 available
 Memory: 16124M
 Large Page Support: Disabled
 NUMA Support: Disabled
 Compressed Oops: Enabled (Zero based)
 Heap Region Size: 2M
 Heap Min Capacity: 8M
 Heap Initial Capacity: 252M
 Heap Max Capacity: 4032M
 Pre-touch: Disabled
 Parallel Workers: 15
 Concurrent Workers: 4
 Concurrent Refinement Workers: 15
 Periodic GC: Disabled

Heap:
 garbage-first heap   total 258048K, used 106304K [0x0000000704000000, 0x0000000800000000)
  region size 2048K, 1 young (2048K), 1 survivors (2048K)
 Metaspace       used 74610K, committed 75136K, reserved 1114112K
  class space    used 10191K, committed 10432K, reserved 1048576K

Heap Regions: E=young(eden), S=young(survivor), O=old, HS=humongous(starts), HC=humongous(continues), CS=collection set, F=free, OA=open archive, CA=closed archive, TAMS=top-at-mark-start (previous, next)
|   0|0x0000000704000000, 0x0000000704200000, 0x0000000704200000|100%|HS|  |TAMS 0x0000000704200000, 0x0000000704000000| Complete 
|   1|0x0000000704200000, 0x0000000704400000, 0x0000000704400000|100%|HC|  |TAMS 0x0000000704400000, 0x0000000704200000| Complete 
|   2|0x0000000704400000, 0x0000000704600000, 0x0000000704600000|100%| O|  |TAMS 0x0000000704600000, 0x0000000704400000| Untracked 
|   3|0x0000000704600000, 0x0000000704800000, 0x0000000704800000|100%| O|  |TAMS 0x0000000704800000, 0x0000000704600000| Untracked 
|   4|0x0000000704800000, 0x0000000704a00000, 0x0000000704a00000|100%| O|  |TAMS 0x0000000704a00000, 0x0000000704800000| Untracked 
|   5|0x0000000704a00000, 0x0000000704c00000, 0x0000000704c00000|100%| O|  |TAMS 0x0000000704c00000, 0x0000000704a00000| Untracked 
|   6|0x0000000704c00000, 0x0000000704e00000, 0x0000000704e00000|100%| O|  |TAMS 0x0000000704e00000, 0x0000000704c00000| Untracked 
|   7|0x0000000704e00000, 0x0000000705000000, 0x0000000705000000|100%| O|  |TAMS 0x0000000705000000, 0x0000000704e00000| Untracked 
|   8|0x0000000705000000, 0x0000000705200000, 0x0000000705200000|100%| O|  |TAMS 0x0000000705200000, 0x0000000705000000| Untracked 
|   9|0x0000000705200000, 0x0000000705400000, 0x0000000705400000|100%| O|  |TAMS 0x0000000705400000, 0x0000000705200000| Untracked 
|  10|0x0000000705400000, 0x0000000705600000, 0x0000000705600000|100%| O|  |TAMS 0x0000000705600000, 0x0000000705400000| Untracked 
|  11|0x0000000705600000, 0x0000000705800000, 0x0000000705800000|100%| O|  |TAMS 0x0000000705800000, 0x0000000705600000| Untracked 
|  12|0x0000000705800000, 0x0000000705922a00, 0x0000000705a00000| 56%| O|  |TAMS 0x0000000705922a00, 0x0000000705800000| Untracked 
|  13|0x0000000705a00000, 0x0000000705c00000, 0x0000000705c00000|100%| O|  |TAMS 0x0000000705c00000, 0x0000000705a00000| Untracked 
|  14|0x0000000705c00000, 0x0000000705e00000, 0x0000000705e00000|100%| O|  |TAMS 0x0000000705e00000, 0x0000000705c00000| Untracked 
|  15|0x0000000705e00000, 0x0000000706000000, 0x0000000706000000|100%| O|  |TAMS 0x0000000706000000, 0x0000000705e00000| Untracked 
|  16|0x0000000706000000, 0x0000000706200000, 0x0000000706200000|100%| O|  |TAMS 0x0000000706200000, 0x0000000706000000| Untracked 
|  17|0x0000000706200000, 0x0000000706400000, 0x0000000706400000|100%| O|  |TAMS 0x0000000706400000, 0x0000000706200000| Untracked 
|  18|0x0000000706400000, 0x0000000706600000, 0x0000000706600000|100%| O|  |TAMS 0x0000000706600000, 0x0000000706400000| Untracked 
|  19|0x0000000706600000, 0x0000000706800000, 0x0000000706800000|100%| O|  |TAMS 0x0000000706800000, 0x0000000706600000| Untracked 
|  20|0x0000000706800000, 0x0000000706a00000, 0x0000000706a00000|100%| O|  |TAMS 0x0000000706a00000, 0x0000000706800000| Untracked 
|  21|0x0000000706a00000, 0x0000000706c00000, 0x0000000706c00000|100%| O|  |TAMS 0x0000000706c00000, 0x0000000706a00000| Untracked 
|  22|0x0000000706c00000, 0x0000000706e00000, 0x0000000706e00000|100%| O|  |TAMS 0x0000000706e00000, 0x0000000706c00000| Untracked 
|  23|0x0000000706e00000, 0x0000000707000000, 0x0000000707000000|100%| O|  |TAMS 0x0000000707000000, 0x0000000706e00000| Untracked 
|  24|0x0000000707000000, 0x0000000707200000, 0x0000000707200000|100%| O|  |TAMS 0x0000000707200000, 0x0000000707000000| Untracked 
|  25|0x0000000707200000, 0x0000000707400000, 0x0000000707400000|100%| O|  |TAMS 0x0000000707400000, 0x0000000707200000| Untracked 
|  26|0x0000000707400000, 0x0000000707600000, 0x0000000707600000|100%| O|  |TAMS 0x0000000707600000, 0x0000000707400000| Untracked 
|  27|0x0000000707600000, 0x0000000707800000, 0x0000000707800000|100%| O|  |TAMS 0x0000000707800000, 0x0000000707600000| Untracked 
|  28|0x0000000707800000, 0x0000000707a00000, 0x0000000707a00000|100%| O|  |TAMS 0x0000000707a00000, 0x0000000707800000| Untracked 
|  29|0x0000000707a00000, 0x0000000707a00000, 0x0000000707c00000|  0%| F|  |TAMS 0x0000000707a00000, 0x0000000707a00000| Untracked 
|  30|0x0000000707c00000, 0x0000000707e00000, 0x0000000707e00000|100%| O|  |TAMS 0x0000000707e00000, 0x0000000707c00000| Untracked 
|  31|0x0000000707e00000, 0x0000000708000000, 0x0000000708000000|100%| O|  |TAMS 0x0000000708000000, 0x0000000707e00000| Untracked 
|  32|0x0000000708000000, 0x0000000708200000, 0x0000000708200000|100%| O|  |TAMS 0x0000000708000000, 0x0000000708000000| Untracked 
|  33|0x0000000708200000, 0x0000000708400000, 0x0000000708400000|100%| O|  |TAMS 0x0000000708400000, 0x0000000708200000| Untracked 
|  34|0x0000000708400000, 0x0000000708400000, 0x0000000708600000|  0%| F|  |TAMS 0x0000000708400000, 0x0000000708400000| Untracked 
|  35|0x0000000708600000, 0x0000000708800000, 0x0000000708800000|100%| O|  |TAMS 0x0000000708600000, 0x0000000708600000| Untracked 
|  36|0x0000000708800000, 0x0000000708a00000, 0x0000000708a00000|100%| O|  |TAMS 0x0000000708800000, 0x0000000708800000| Untracked 
|  37|0x0000000708a00000, 0x0000000708c00000, 0x0000000708c00000|100%| O|  |TAMS 0x0000000708a00000, 0x0000000708a00000| Untracked 
|  38|0x0000000708c00000, 0x0000000708e00000, 0x0000000708e00000|100%| O|  |TAMS 0x0000000708c00000, 0x0000000708c00000| Untracked 
|  39|0x0000000708e00000, 0x0000000709000000, 0x0000000709000000|100%| O|  |TAMS 0x0000000708e00000, 0x0000000708e00000| Untracked 
|  40|0x0000000709000000, 0x0000000709200000, 0x0000000709200000|100%| O|  |TAMS 0x0000000709000000, 0x0000000709000000| Untracked 
|  41|0x0000000709200000, 0x0000000709200000, 0x0000000709400000|  0%| F|  |TAMS 0x0000000709200000, 0x0000000709200000| Untracked 
|  42|0x0000000709400000, 0x0000000709400000, 0x0000000709600000|  0%| F|  |TAMS 0x0000000709400000, 0x0000000709400000| Untracked 
|  43|0x0000000709600000, 0x0000000709800000, 0x0000000709800000|100%| O|  |TAMS 0x0000000709600000, 0x0000000709600000| Untracked 
|  44|0x0000000709800000, 0x0000000709a00000, 0x0000000709a00000|100%| O|  |TAMS 0x0000000709800000, 0x0000000709800000| Untracked 
|  45|0x0000000709a00000, 0x0000000709a00000, 0x0000000709c00000|  0%| F|  |TAMS 0x0000000709a00000, 0x0000000709a00000| Untracked 
|  46|0x0000000709c00000, 0x0000000709c00000, 0x0000000709e00000|  0%| F|  |TAMS 0x0000000709c00000, 0x0000000709c00000| Untracked 
|  47|0x0000000709e00000, 0x0000000709e00000, 0x000000070a000000|  0%| F|  |TAMS 0x0000000709e00000, 0x0000000709e00000| Untracked 
|  48|0x000000070a000000, 0x000000070a200000, 0x000000070a200000|100%| O|  |TAMS 0x000000070a000000, 0x000000070a000000| Untracked 
|  49|0x000000070a200000, 0x000000070a200000, 0x000000070a400000|  0%| F|  |TAMS 0x000000070a200000, 0x000000070a200000| Untracked 
|  50|0x000000070a400000, 0x000000070a600000, 0x000000070a600000|100%| O|  |TAMS 0x000000070a600000, 0x000000070a400000| Untracked 
|  51|0x000000070a600000, 0x000000070a800000, 0x000000070a800000|100%| O|  |TAMS 0x000000070a800000, 0x000000070a600000| Untracked 
|  52|0x000000070a800000, 0x000000070aa00000, 0x000000070aa00000|100%| O|  |TAMS 0x000000070aa00000, 0x000000070a800000| Untracked 
|  53|0x000000070aa00000, 0x000000070ac00000, 0x000000070ac00000|100%| O|  |TAMS 0x000000070ac00000, 0x000000070aa00000| Untracked 
|  54|0x000000070ac00000, 0x000000070ae00000, 0x000000070ae00000|100%| O|  |TAMS 0x000000070ae00000, 0x000000070ac00000| Untracked 
|  55|0x000000070ae00000, 0x000000070b000000, 0x000000070b000000|100%| O|  |TAMS 0x000000070afbf600, 0x000000070ae00000| Untracked 
|  56|0x000000070b000000, 0x000000070b200000, 0x000000070b200000|100%| O|  |TAMS 0x000000070b000000, 0x000000070b000000| Untracked 
|  57|0x000000070b200000, 0x000000070b400000, 0x000000070b400000|100%| O|  |TAMS 0x000000070b200000, 0x000000070b200000| Untracked 
|  58|0x000000070b400000, 0x000000070b600000, 0x000000070b600000|100%| O|  |TAMS 0x000000070b400000, 0x000000070b400000| Untracked 
|  59|0x000000070b600000, 0x000000070b70f000, 0x000000070b800000| 52%| O|  |TAMS 0x000000070b600000, 0x000000070b600000| Untracked 
|  60|0x000000070b800000, 0x000000070b800000, 0x000000070ba00000|  0%| F|  |TAMS 0x000000070b800000, 0x000000070b800000| Untracked 
|  61|0x000000070ba00000, 0x000000070ba00000, 0x000000070bc00000|  0%| F|  |TAMS 0x000000070ba00000, 0x000000070ba00000| Untracked 
|  62|0x000000070bc00000, 0x000000070bc00000, 0x000000070be00000|  0%| F|  |TAMS 0x000000070bc00000, 0x000000070bc00000| Untracked 
|  63|0x000000070be00000, 0x000000070be00000, 0x000000070c000000|  0%| F|  |TAMS 0x000000070be00000, 0x000000070be00000| Untracked 
|  64|0x000000070c000000, 0x000000070c000000, 0x000000070c200000|  0%| F|  |TAMS 0x000000070c000000, 0x000000070c000000| Untracked 
|  65|0x000000070c200000, 0x000000070c200000, 0x000000070c400000|  0%| F|  |TAMS 0x000000070c200000, 0x000000070c200000| Untracked 
|  66|0x000000070c400000, 0x000000070c400000, 0x000000070c600000|  0%| F|  |TAMS 0x000000070c400000, 0x000000070c400000| Untracked 
|  67|0x000000070c600000, 0x000000070c600000, 0x000000070c800000|  0%| F|  |TAMS 0x000000070c600000, 0x000000070c600000| Untracked 
|  68|0x000000070c800000, 0x000000070c800000, 0x000000070ca00000|  0%| F|  |TAMS 0x000000070c800000, 0x000000070c800000| Untracked 
|  69|0x000000070ca00000, 0x000000070ca00000, 0x000000070cc00000|  0%| F|  |TAMS 0x000000070ca00000, 0x000000070ca00000| Untracked 
|  70|0x000000070cc00000, 0x000000070cc00000, 0x000000070ce00000|  0%| F|  |TAMS 0x000000070cc00000, 0x000000070cc00000| Untracked 
|  71|0x000000070ce00000, 0x000000070ce00000, 0x000000070d000000|  0%| F|  |TAMS 0x000000070ce00000, 0x000000070ce00000| Untracked 
|  72|0x000000070d000000, 0x000000070d000000, 0x000000070d200000|  0%| F|  |TAMS 0x000000070d000000, 0x000000070d000000| Untracked 
|  73|0x000000070d200000, 0x000000070d200000, 0x000000070d400000|  0%| F|  |TAMS 0x000000070d200000, 0x000000070d200000| Untracked 
|  74|0x000000070d400000, 0x000000070d400000, 0x000000070d600000|  0%| F|  |TAMS 0x000000070d400000, 0x000000070d400000| Untracked 
|  75|0x000000070d600000, 0x000000070d600000, 0x000000070d800000|  0%| F|  |TAMS 0x000000070d600000, 0x000000070d600000| Untracked 
|  76|0x000000070d800000, 0x000000070d800000, 0x000000070da00000|  0%| F|  |TAMS 0x000000070d800000, 0x000000070d800000| Untracked 
|  77|0x000000070da00000, 0x000000070da00000, 0x000000070dc00000|  0%| F|  |TAMS 0x000000070da00000, 0x000000070da00000| Untracked 
|  78|0x000000070dc00000, 0x000000070dc00000, 0x000000070de00000|  0%| F|  |TAMS 0x000000070dc00000, 0x000000070dc00000| Untracked 
|  79|0x000000070de00000, 0x000000070de00000, 0x000000070e000000|  0%| F|  |TAMS 0x000000070de00000, 0x000000070de00000| Untracked 
|  80|0x000000070e000000, 0x000000070e000000, 0x000000070e200000|  0%| F|  |TAMS 0x000000070e000000, 0x000000070e000000| Untracked 
|  81|0x000000070e200000, 0x000000070e200000, 0x000000070e400000|  0%| F|  |TAMS 0x000000070e200000, 0x000000070e200000| Untracked 
|  82|0x000000070e400000, 0x000000070e400000, 0x000000070e600000|  0%| F|  |TAMS 0x000000070e400000, 0x000000070e400000| Untracked 
|  83|0x000000070e600000, 0x000000070e600000, 0x000000070e800000|  0%| F|  |TAMS 0x000000070e600000, 0x000000070e600000| Untracked 
|  84|0x000000070e800000, 0x000000070e800000, 0x000000070ea00000|  0%| F|  |TAMS 0x000000070e800000, 0x000000070e800000| Untracked 
|  85|0x000000070ea00000, 0x000000070ea00000, 0x000000070ec00000|  0%| F|  |TAMS 0x000000070ea00000, 0x000000070ea00000| Untracked 
|  86|0x000000070ec00000, 0x000000070ec00000, 0x000000070ee00000|  0%| F|  |TAMS 0x000000070ec00000, 0x000000070ec00000| Untracked 
|  87|0x000000070ee00000, 0x000000070ee00000, 0x000000070f000000|  0%| F|  |TAMS 0x000000070ee00000, 0x000000070ee00000| Untracked 
|  88|0x000000070f000000, 0x000000070f000000, 0x000000070f200000|  0%| F|  |TAMS 0x000000070f000000, 0x000000070f000000| Untracked 
|  89|0x000000070f200000, 0x000000070f200000, 0x000000070f400000|  0%| F|  |TAMS 0x000000070f200000, 0x000000070f200000| Untracked 
|  90|0x000000070f400000, 0x000000070f400000, 0x000000070f600000|  0%| F|  |TAMS 0x000000070f400000, 0x000000070f400000| Untracked 
|  91|0x000000070f600000, 0x000000070f600000, 0x000000070f800000|  0%| F|  |TAMS 0x000000070f600000, 0x000000070f600000| Untracked 
|  92|0x000000070f800000, 0x000000070f800000, 0x000000070fa00000|  0%| F|  |TAMS 0x000000070f800000, 0x000000070f800000| Untracked 
|  93|0x000000070fa00000, 0x000000070fa00000, 0x000000070fc00000|  0%| F|  |TAMS 0x000000070fa00000, 0x000000070fa00000| Untracked 
|  94|0x000000070fc00000, 0x000000070fc00000, 0x000000070fe00000|  0%| F|  |TAMS 0x000000070fc00000, 0x000000070fc00000| Untracked 
|  95|0x000000070fe00000, 0x000000070fe00000, 0x0000000710000000|  0%| F|  |TAMS 0x000000070fe00000, 0x000000070fe00000| Untracked 
|  96|0x0000000710000000, 0x0000000710000000, 0x0000000710200000|  0%| F|  |TAMS 0x0000000710000000, 0x0000000710000000| Untracked 
|  97|0x0000000710200000, 0x0000000710200000, 0x0000000710400000|  0%| F|  |TAMS 0x0000000710200000, 0x0000000710200000| Untracked 
|  98|0x0000000710400000, 0x0000000710400000, 0x0000000710600000|  0%| F|  |TAMS 0x0000000710400000, 0x0000000710400000| Untracked 
|  99|0x0000000710600000, 0x0000000710600000, 0x0000000710800000|  0%| F|  |TAMS 0x0000000710600000, 0x0000000710600000| Untracked 
| 100|0x0000000710800000, 0x0000000710800000, 0x0000000710a00000|  0%| F|  |TAMS 0x0000000710800000, 0x0000000710800000| Untracked 
| 101|0x0000000710a00000, 0x0000000710a00000, 0x0000000710c00000|  0%| F|  |TAMS 0x0000000710a00000, 0x0000000710a00000| Untracked 
| 102|0x0000000710c00000, 0x0000000710c00000, 0x0000000710e00000|  0%| F|  |TAMS 0x0000000710c00000, 0x0000000710c00000| Untracked 
| 103|0x0000000710e00000, 0x0000000710e00000, 0x0000000711000000|  0%| F|  |TAMS 0x0000000710e00000, 0x0000000710e00000| Untracked 
| 104|0x0000000711000000, 0x0000000711000000, 0x0000000711200000|  0%| F|  |TAMS 0x0000000711000000, 0x0000000711000000| Untracked 
| 105|0x0000000711200000, 0x0000000711200000, 0x0000000711400000|  0%| F|  |TAMS 0x0000000711200000, 0x0000000711200000| Untracked 
| 106|0x0000000711400000, 0x0000000711400000, 0x0000000711600000|  0%| F|  |TAMS 0x0000000711400000, 0x0000000711400000| Untracked 
| 107|0x0000000711600000, 0x0000000711600000, 0x0000000711800000|  0%| F|  |TAMS 0x0000000711600000, 0x0000000711600000| Untracked 
| 108|0x0000000711800000, 0x0000000711800000, 0x0000000711a00000|  0%| F|  |TAMS 0x0000000711800000, 0x0000000711800000| Untracked 
| 109|0x0000000711a00000, 0x0000000711a00000, 0x0000000711c00000|  0%| F|  |TAMS 0x0000000711a00000, 0x0000000711a00000| Untracked 
| 110|0x0000000711c00000, 0x0000000711c00000, 0x0000000711e00000|  0%| F|  |TAMS 0x0000000711c00000, 0x0000000711c00000| Untracked 
| 111|0x0000000711e00000, 0x0000000711e00000, 0x0000000712000000|  0%| F|  |TAMS 0x0000000711e00000, 0x0000000711e00000| Untracked 
| 112|0x0000000712000000, 0x0000000712000000, 0x0000000712200000|  0%| F|  |TAMS 0x0000000712000000, 0x0000000712000000| Untracked 
| 113|0x0000000712200000, 0x0000000712200000, 0x0000000712400000|  0%| F|  |TAMS 0x0000000712200000, 0x0000000712200000| Untracked 
| 114|0x0000000712400000, 0x0000000712400000, 0x0000000712600000|  0%| F|  |TAMS 0x0000000712400000, 0x0000000712400000| Untracked 
| 115|0x0000000712600000, 0x0000000712600000, 0x0000000712800000|  0%| F|  |TAMS 0x0000000712600000, 0x0000000712600000| Untracked 
| 116|0x0000000712800000, 0x0000000712800000, 0x0000000712a00000|  0%| F|  |TAMS 0x0000000712800000, 0x0000000712800000| Untracked 
| 117|0x0000000712a00000, 0x0000000712b9e780, 0x0000000712c00000| 80%| S|CS|TAMS 0x0000000712a00000, 0x0000000712a00000| Complete 
| 118|0x0000000712c00000, 0x0000000712c00000, 0x0000000712e00000|  0%| F|  |TAMS 0x0000000712c00000, 0x0000000712c00000| Untracked 
| 119|0x0000000712e00000, 0x0000000712e00000, 0x0000000713000000|  0%| F|  |TAMS 0x0000000712e00000, 0x0000000712e00000| Untracked 
| 120|0x0000000713000000, 0x0000000713000000, 0x0000000713200000|  0%| F|  |TAMS 0x0000000713000000, 0x0000000713000000| Untracked 
| 121|0x0000000713200000, 0x0000000713200000, 0x0000000713400000|  0%| F|  |TAMS 0x0000000713200000, 0x0000000713200000| Untracked 
| 122|0x0000000713400000, 0x0000000713400000, 0x0000000713600000|  0%| F|  |TAMS 0x0000000713400000, 0x0000000713400000| Untracked 
| 123|0x0000000713600000, 0x0000000713600000, 0x0000000713800000|  0%| F|  |TAMS 0x0000000713600000, 0x0000000713600000| Untracked 
| 124|0x0000000713800000, 0x0000000713800000, 0x0000000713a00000|  0%| F|  |TAMS 0x0000000713800000, 0x0000000713800000| Untracked 
| 125|0x0000000713a00000, 0x0000000713a00000, 0x0000000713c00000|  0%| F|  |TAMS 0x0000000713a00000, 0x0000000713a00000| Untracked 

Card table byte_map: [0x0000017468c30000,0x0000017469410000] _byte_map_base: 0x0000017465410000

Marking Bits (Prev, Next): (CMBitMap*) 0x000001745d11d8d0, (CMBitMap*) 0x000001745d11d910
 Prev Bits: [0x0000017469bf0000, 0x000001746daf0000)
 Next Bits: [0x000001746daf0000, 0x00000174719f0000)

Polling page: 0x000001745afc0000

Metaspace:

Usage:
  Non-class:     62.91 MB used.
      Class:      9.95 MB used.
       Both:     72.86 MB used.

Virtual space:
  Non-class space:       64.00 MB reserved,      63.19 MB ( 99%) committed,  1 nodes.
      Class space:        1.00 GB reserved,      10.19 MB ( <1%) committed,  1 nodes.
             Both:        1.06 GB reserved,      73.38 MB (  7%) committed. 

Chunk freelists:
   Non-Class:  552.00 KB
       Class:  5.76 MB
        Both:  6.30 MB

MaxMetaspaceSize: unlimited
CompressedClassSpaceSize: 1.00 GB
Initial GC threshold: 21.00 MB
Current GC threshold: 122.31 MB
CDS: on
MetaspaceReclaimPolicy: balanced
 - commit_granule_bytes: 65536.
 - commit_granule_words: 8192.
 - virtual_space_node_default_size: 8388608.
 - enlarge_chunks_in_place: 1.
 - new_chunks_are_fully_committed: 0.
 - uncommit_free_chunks: 1.
 - use_allocation_guard: 0.
 - handle_deallocations: 1.


Internal statistics:

num_allocs_failed_limit: 9.
num_arena_births: 720.
num_arena_deaths: 0.
num_vsnodes_births: 2.
num_vsnodes_deaths: 0.
num_space_committed: 1174.
num_space_uncommitted: 0.
num_chunks_returned_to_freelist: 9.
num_chunks_taken_from_freelist: 3317.
num_chunk_merges: 9.
num_chunk_splits: 2496.
num_chunks_enlarged: 2022.
num_inconsistent_stats: 0.

CodeCache: size=49152Kb used=15989Kb max_used=15989Kb free=33162Kb
 bounds [0x0000017464bc0000, 0x0000017465b60000, 0x0000017467bc0000]
 total_blobs=8314 nmethods=7618 adapters=619
 compilation: enabled
              stopped_count=0, restarted_count=0
 full_count=0

Compilation events (20 events):
Event: 7.966 Thread 0x0000017474f229f0 7609       1       nonapi.io.github.classgraph.scanspec.AcceptReject::<init> (10 bytes)
Event: 7.966 Thread 0x0000017474f200b0 7610       1       nonapi.io.github.classgraph.scanspec.AcceptReject::sortPrefixes (51 bytes)
Event: 7.966 Thread 0x0000017474f229f0 nmethod 7609 0x0000017465b5a090 code [0x0000017465b5a220, 0x0000017465b5a2f8]
Event: 7.966 Thread 0x0000017474f200b0 nmethod 7610 0x0000017465b5a390 code [0x0000017465b5a560, 0x0000017465b5a828]
Event: 7.967 Thread 0x0000017474f200b0 7611       1       java.lang.WeakPairMap::expungeStaleAssociations (31 bytes)
Event: 7.967 Thread 0x0000017474f200b0 nmethod 7611 0x0000017465b5a990 code [0x0000017465b5ab60, 0x0000017465b5ae28]
Event: 7.968 Thread 0x0000017474f200b0 7612       1       java.lang.WeakPairMap$Pair::lookup (10 bytes)
Event: 7.968 Thread 0x0000017474011c60 7613       1       java.lang.WeakPairMap$Pair$Lookup::<init> (21 bytes)
Event: 7.968 Thread 0x0000017474f200b0 nmethod 7612 0x0000017465b5b010 code [0x0000017465b5b1c0, 0x0000017465b5b4d8]
Event: 7.968 Thread 0x0000017474011c60 nmethod 7613 0x0000017465b5b610 code [0x0000017465b5b7c0, 0x0000017465b5ba98]
Event: 7.968 Thread 0x0000017474011c60 7614       1       java.lang.WeakPairMap::get (17 bytes)
Event: 7.968 Thread 0x0000017474f23320 7615       1       java.util.ArrayList$SubList::<init> (35 bytes)
Event: 7.968 Thread 0x0000017474f23320 nmethod 7615 0x0000017465b5bb90 code [0x0000017465b5bd20, 0x0000017465b5be78]
Event: 7.968 Thread 0x0000017474011c60 nmethod 7614 0x0000017465b5bf10 code [0x0000017465b5c120, 0x0000017465b5c6d8]
Event: 7.973 Thread 0x0000017474011c60 7616       1       sun.nio.fs.NativeBuffer::<init> (44 bytes)
Event: 7.973 Thread 0x0000017474f23320 7617       1       sun.nio.fs.NativeBuffer$Deallocator::<init> (10 bytes)
Event: 7.973 Thread 0x0000017474f23320 nmethod 7617 0x0000017465b5ca10 code [0x0000017465b5cba0, 0x0000017465b5cc78]
Event: 7.973 Thread 0x0000017474011c60 nmethod 7616 0x0000017465b5cd10 code [0x0000017465b5cec0, 0x0000017465b5d1b8]
Event: 7.993 Thread 0x0000017474f229f0 7618       1       io.netty.util.HashedWheelTimer::access$1000 (5 bytes)
Event: 7.993 Thread 0x0000017474f229f0 nmethod 7618 0x0000017465b5d310 code [0x0000017465b5d4a0, 0x0000017465b5d558]

GC Heap History (20 events):
Event: 7.425 GC heap after
{Heap after GC invocations=23 (full 0):
 garbage-first heap   total 151552K, used 57482K [0x0000000704000000, 0x0000000800000000)
  region size 2048K, 2 young (4096K), 2 survivors (4096K)
 Metaspace       used 73814K, committed 74304K, reserved 1114112K
  class space    used 10100K, committed 10368K, reserved 1048576K
}
Event: 7.547 GC heap before
{Heap before GC invocations=23 (full 0):
 garbage-first heap   total 151552K, used 120970K [0x0000000704000000, 0x0000000800000000)
  region size 2048K, 32 young (65536K), 2 survivors (4096K)
 Metaspace       used 74508K, committed 75008K, reserved 1114112K
  class space    used 10175K, committed 10432K, reserved 1048576K
}
Event: 7.551 GC heap after
{Heap after GC invocations=24 (full 0):
 garbage-first heap   total 151552K, used 70143K [0x0000000704000000, 0x0000000800000000)
  region size 2048K, 4 young (8192K), 4 survivors (8192K)
 Metaspace       used 74508K, committed 75008K, reserved 1114112K
  class space    used 10175K, committed 10432K, reserved 1048576K
}
Event: 7.653 GC heap before
{Heap before GC invocations=24 (full 0):
 garbage-first heap   total 151552K, used 113151K [0x0000000704000000, 0x0000000800000000)
  region size 2048K, 26 young (53248K), 4 survivors (8192K)
 Metaspace       used 74601K, committed 75136K, reserved 1114112K
  class space    used 10189K, committed 10432K, reserved 1048576K
}
Event: 7.656 GC heap after
{Heap after GC invocations=25 (full 0):
 garbage-first heap   total 151552K, used 81143K [0x0000000704000000, 0x0000000800000000)
  region size 2048K, 4 young (8192K), 4 survivors (8192K)
 Metaspace       used 74601K, committed 75136K, reserved 1114112K
  class space    used 10189K, committed 10432K, reserved 1048576K
}
Event: 7.684 GC heap before
{Heap before GC invocations=25 (full 0):
 garbage-first heap   total 151552K, used 93431K [0x0000000704000000, 0x0000000800000000)
  region size 2048K, 12 young (24576K), 4 survivors (8192K)
 Metaspace       used 74601K, committed 75136K, reserved 1114112K
  class space    used 10189K, committed 10432K, reserved 1048576K
}
Event: 7.686 GC heap after
{Heap after GC invocations=26 (full 0):
 garbage-first heap   total 184320K, used 86184K [0x0000000704000000, 0x0000000800000000)
  region size 2048K, 3 young (6144K), 3 survivors (6144K)
 Metaspace       used 74601K, committed 75136K, reserved 1114112K
  class space    used 10189K, committed 10432K, reserved 1048576K
}
Event: 7.758 GC heap before
{Heap before GC invocations=27 (full 0):
 garbage-first heap   total 194560K, used 139432K [0x0000000704000000, 0x0000000800000000)
  region size 2048K, 28 young (57344K), 3 survivors (6144K)
 Metaspace       used 74601K, committed 75136K, reserved 1114112K
  class space    used 10189K, committed 10432K, reserved 1048576K
}
Event: 7.761 GC heap after
{Heap after GC invocations=28 (full 0):
 garbage-first heap   total 194560K, used 96903K [0x0000000704000000, 0x0000000800000000)
  region size 2048K, 4 young (8192K), 4 survivors (8192K)
 Metaspace       used 74601K, committed 75136K, reserved 1114112K
  class space    used 10189K, committed 10432K, reserved 1048576K
}
Event: 7.843 GC heap before
{Heap before GC invocations=28 (full 0):
 garbage-first heap   total 194560K, used 141959K [0x0000000704000000, 0x0000000800000000)
  region size 2048K, 28 young (57344K), 4 survivors (8192K)
 Metaspace       used 74601K, committed 75136K, reserved 1114112K
  class space    used 10189K, committed 10432K, reserved 1048576K
}
Event: 7.847 GC heap after
{Heap after GC invocations=29 (full 0):
 garbage-first heap   total 194560K, used 109525K [0x0000000704000000, 0x0000000800000000)
  region size 2048K, 4 young (8192K), 4 survivors (8192K)
 Metaspace       used 74601K, committed 75136K, reserved 1114112K
  class space    used 10189K, committed 10432K, reserved 1048576K
}
Event: 7.891 GC heap before
{Heap before GC invocations=30 (full 0):
 garbage-first heap   total 223232K, used 144341K [0x0000000704000000, 0x0000000800000000)
  region size 2048K, 23 young (47104K), 4 survivors (8192K)
 Metaspace       used 74601K, committed 75136K, reserved 1114112K
  class space    used 10189K, committed 10432K, reserved 1048576K
}
Event: 7.894 GC heap after
{Heap after GC invocations=31 (full 0):
 garbage-first heap   total 223232K, used 112741K [0x0000000704000000, 0x0000000800000000)
  region size 2048K, 3 young (6144K), 3 survivors (6144K)
 Metaspace       used 74601K, committed 75136K, reserved 1114112K
  class space    used 10189K, committed 10432K, reserved 1048576K
}
Event: 7.897 GC heap before
{Heap before GC invocations=31 (full 0):
 garbage-first heap   total 223232K, used 114789K [0x0000000704000000, 0x0000000800000000)
  region size 2048K, 5 young (10240K), 3 survivors (6144K)
 Metaspace       used 74601K, committed 75136K, reserved 1114112K
  class space    used 10189K, committed 10432K, reserved 1048576K
}
Event: 7.898 GC heap after
{Heap after GC invocations=32 (full 0):
 garbage-first heap   total 223232K, used 103005K [0x0000000704000000, 0x0000000800000000)
  region size 2048K, 1 young (2048K), 1 survivors (2048K)
 Metaspace       used 74601K, committed 75136K, reserved 1114112K
  class space    used 10189K, committed 10432K, reserved 1048576K
}
Event: 8.001 GC heap before
{Heap before GC invocations=32 (full 0):
 garbage-first heap   total 223232K, used 168541K [0x0000000704000000, 0x0000000800000000)
  region size 2048K, 31 young (63488K), 1 survivors (2048K)
 Metaspace       used 74610K, committed 75136K, reserved 1114112K
  class space    used 10191K, committed 10432K, reserved 1048576K
}
Event: 8.005 GC heap after
{Heap after GC invocations=33 (full 0):
 garbage-first heap   total 223232K, used 121707K [0x0000000704000000, 0x0000000800000000)
  region size 2048K, 4 young (8192K), 4 survivors (8192K)
 Metaspace       used 74610K, committed 75136K, reserved 1114112K
  class space    used 10191K, committed 10432K, reserved 1048576K
}
Event: 8.062 GC heap before
{Heap before GC invocations=34 (full 0):
 garbage-first heap   total 243712K, used 158571K [0x0000000704000000, 0x0000000800000000)
  region size 2048K, 27 young (55296K), 4 survivors (8192K)
 Metaspace       used 74610K, committed 75136K, reserved 1114112K
  class space    used 10191K, committed 10432K, reserved 1048576K
}
Event: 8.065 GC heap after
{Heap after GC invocations=35 (full 0):
 garbage-first heap   total 243712K, used 119531K [0x0000000704000000, 0x0000000800000000)
  region size 2048K, 4 young (8192K), 4 survivors (8192K)
 Metaspace       used 74610K, committed 75136K, reserved 1114112K
  class space    used 10191K, committed 10432K, reserved 1048576K
}
Event: 8.070 GC heap before
{Heap before GC invocations=35 (full 0):
 garbage-first heap   total 243712K, used 121579K [0x0000000704000000, 0x0000000800000000)
  region size 2048K, 5 young (10240K), 4 survivors (8192K)
 Metaspace       used 74610K, committed 75136K, reserved 1114112K
  class space    used 10191K, committed 10432K, reserved 1048576K
}

Dll operation events (13 events):
Event: 0.014 Loaded shared library D:\Program Files\Java\jdk-17\bin\java.dll
Event: 0.030 Loaded shared library D:\Program Files\Java\jdk-17\bin\jsvml.dll
Event: 0.195 Loaded shared library D:\Program Files\Java\jdk-17\bin\zip.dll
Event: 0.200 Loaded shared library D:\Program Files\Java\jdk-17\bin\instrument.dll
Event: 0.205 Loaded shared library D:\Program Files\Java\jdk-17\bin\net.dll
Event: 0.206 Loaded shared library D:\Program Files\Java\jdk-17\bin\nio.dll
Event: 0.210 Loaded shared library D:\Program Files\Java\jdk-17\bin\zip.dll
Event: 0.441 Loaded shared library D:\Program Files\Java\jdk-17\bin\extnet.dll
Event: 0.462 Loaded shared library D:\Program Files\Java\jdk-17\bin\jimage.dll
Event: 2.081 Loaded shared library D:\Program Files\Java\jdk-17\bin\management.dll
Event: 2.084 Loaded shared library D:\Program Files\Java\jdk-17\bin\management_ext.dll
Event: 2.278 Loaded shared library D:\Program Files\Java\jdk-17\bin\sunmscapi.dll
Event: 4.950 Loaded shared library D:\Program Files\Java\jdk-17\bin\verify.dll

Deoptimization events (4 events):
Event: 4.586 Thread 0x000001745d0b01d0 DEOPT PACKING pc=0x000001746559738a sp=0x00000064b2ffa070
Event: 4.586 Thread 0x000001745d0b01d0 DEOPT UNPACKING pc=0x0000017464c17143 sp=0x00000064b2ff9608 mode 0
Event: 5.909 Thread 0x000001745d0b01d0 DEOPT PACKING pc=0x0000017465206b52 sp=0x00000064b2ffb200
Event: 5.909 Thread 0x000001745d0b01d0 DEOPT UNPACKING pc=0x0000017464c17143 sp=0x00000064b2ffa708 mode 3

Classes loaded (20 events):
Event: 7.077 Loading class java/util/EnumMap$EnumMapIterator done
Event: 7.077 Loading class java/util/EnumMap$EntryIterator done
Event: 7.078 Loading class java/lang/SafeVarargs
Event: 7.078 Loading class java/lang/SafeVarargs done
Event: 7.081 Loading class java/lang/reflect/MalformedParametersException
Event: 7.081 Loading class java/lang/reflect/MalformedParametersException done
Event: 7.310 Loading class java/util/Comparators$NullComparator
Event: 7.310 Loading class java/util/Comparators$NullComparator done
Event: 7.393 Loading class java/util/HashMap$EntrySpliterator
Event: 7.394 Loading class java/util/HashMap$EntrySpliterator done
Event: 7.433 Loading class java/security/DomainCombiner
Event: 7.433 Loading class java/security/DomainCombiner done
Event: 7.445 Loading class java/lang/LayerInstantiationException
Event: 7.446 Loading class java/lang/LayerInstantiationException done
Event: 7.446 Loading class jdk/internal/loader/Loader
Event: 7.446 Loading class jdk/internal/loader/Loader done
Event: 7.451 Loading class java/io/IOError
Event: 7.451 Loading class java/io/IOError done
Event: 7.469 Loading class sun/nio/fs/WindowsLinkSupport
Event: 7.469 Loading class sun/nio/fs/WindowsLinkSupport done

Classes unloaded (0 events):
No events

Classes redefined (0 events):
No events

Internal exceptions (20 events):
Event: 8.041 Thread 0x000001747c7ac8b0 Exception <a 'sun/nio/fs/WindowsException'{0x00000007124227f8}> (0x00000007124227f8) 
thrown [s\src\hotspot\share\prims\jni.cpp, line 516]
Event: 8.041 Thread 0x000001747cb397e0 Exception <a 'sun/nio/fs/WindowsException'{0x00000007127c6150}> (0x00000007127c6150) 
thrown [s\src\hotspot\share\prims\jni.cpp, line 516]
Event: 8.041 Thread 0x000001747cb3a710 Exception <a 'sun/nio/fs/WindowsException'{0x00000007127f63a0}> (0x00000007127f63a0) 
thrown [s\src\hotspot\share\prims\jni.cpp, line 516]
Event: 8.041 Thread 0x000001747cb3e8e0 Exception <a 'sun/nio/fs/WindowsException'{0x0000000712446c90}> (0x0000000712446c90) 
thrown [s\src\hotspot\share\prims\jni.cpp, line 516]
Event: 8.041 Thread 0x000001747c7ac8b0 Exception <a 'sun/nio/fs/WindowsException'{0x0000000712422d90}> (0x0000000712422d90) 
thrown [s\src\hotspot\share\prims\jni.cpp, line 516]
Event: 8.041 Thread 0x000001747cb397e0 Exception <a 'sun/nio/fs/WindowsException'{0x00000007127c6730}> (0x00000007127c6730) 
thrown [s\src\hotspot\share\prims\jni.cpp, line 516]
Event: 8.041 Thread 0x000001747cb3a710 Exception <a 'sun/nio/fs/WindowsException'{0x00000007127f6f78}> (0x00000007127f6f78) 
thrown [s\src\hotspot\share\prims\jni.cpp, line 516]
Event: 8.041 Thread 0x000001747cb397e0 Exception <a 'sun/nio/fs/WindowsException'{0x00000007127c72f0}> (0x00000007127c72f0) 
thrown [s\src\hotspot\share\prims\jni.cpp, line 516]
Event: 8.041 Thread 0x000001747c7ac8b0 Exception <a 'sun/nio/fs/WindowsException'{0x0000000712423970}> (0x0000000712423970) 
thrown [s\src\hotspot\share\prims\jni.cpp, line 516]
Event: 8.041 Thread 0x000001747cb3a710 Exception <a 'sun/nio/fs/WindowsException'{0x00000007127f7538}> (0x00000007127f7538) 
thrown [s\src\hotspot\share\prims\jni.cpp, line 516]
Event: 8.041 Thread 0x000001747cb397e0 Exception <a 'sun/nio/fs/WindowsException'{0x000000071249e980}> (0x000000071249e980) 
thrown [s\src\hotspot\share\prims\jni.cpp, line 516]
Event: 8.041 Thread 0x000001747c7ac8b0 Exception <a 'sun/nio/fs/WindowsException'{0x0000000712423f48}> (0x0000000712423f48) 
thrown [s\src\hotspot\share\prims\jni.cpp, line 516]
Event: 8.041 Thread 0x000001747cb3a710 Exception <a 'sun/nio/fs/WindowsException'{0x00000007127f8130}> (0x00000007127f8130) 
thrown [s\src\hotspot\share\prims\jni.cpp, line 516]
Event: 8.041 Thread 0x000001747c7ac8b0 Exception <a 'sun/nio/fs/WindowsException'{0x0000000712424b48}> (0x0000000712424b48) 
thrown [s\src\hotspot\share\prims\jni.cpp, line 516]
Event: 8.041 Thread 0x000001747c7ac8b0 Exception <a 'sun/nio/fs/WindowsException'{0x0000000712425150}> (0x0000000712425150) 
thrown [s\src\hotspot\share\prims\jni.cpp, line 516]
Event: 8.041 Thread 0x000001747cb3a710 Exception <a 'sun/nio/fs/WindowsException'{0x00000007124c34c0}> (0x00000007124c34c0) 
thrown [s\src\hotspot\share\prims\jni.cpp, line 516]
Event: 8.042 Thread 0x000001747c7ac8b0 Exception <a 'sun/nio/fs/WindowsException'{0x0000000712425d48}> (0x0000000712425d48) 
thrown [s\src\hotspot\share\prims\jni.cpp, line 516]
Event: 8.042 Thread 0x000001747cb3a710 Exception <a 'sun/nio/fs/WindowsException'{0x00000007124c40b0}> (0x00000007124c40b0) 
thrown [s\src\hotspot\share\prims\jni.cpp, line 516]
Event: 8.042 Thread 0x000001747c7ac8b0 Exception <a 'sun/nio/fs/WindowsException'{0x00000007124d5b30}> (0x00000007124d5b30) 
thrown [s\src\hotspot\share\prims\jni.cpp, line 516]
Event: 8.042 Thread 0x000001747cb3a710 Exception <a 'sun/nio/fs/WindowsException'{0x00000007124c46a0}> (0x00000007124c46a0) 
thrown [s\src\hotspot\share\prims\jni.cpp, line 516]

VM Operations (20 events):
Event: 7.761 Executing VM operation: G1CollectForAllocation done
Event: 7.843 Executing VM operation: G1TryInitiateConcMark
Event: 7.847 Executing VM operation: G1TryInitiateConcMark done
Event: 7.871 Executing VM operation: G1PauseRemark
Event: 7.875 Executing VM operation: G1PauseRemark done
Event: 7.887 Executing VM operation: G1PauseCleanup
Event: 7.887 Executing VM operation: G1PauseCleanup done
Event: 7.891 Executing VM operation: G1CollectForAllocation
Event: 7.894 Executing VM operation: G1CollectForAllocation done
Event: 7.897 Executing VM operation: G1CollectForAllocation
Event: 7.898 Executing VM operation: G1CollectForAllocation done
Event: 8.001 Executing VM operation: G1CollectForAllocation
Event: 8.005 Executing VM operation: G1CollectForAllocation done
Event: 8.031 Executing VM operation: G1PauseRemark
Event: 8.034 Executing VM operation: G1PauseRemark done
Event: 8.047 Executing VM operation: G1PauseCleanup
Event: 8.047 Executing VM operation: G1PauseCleanup done
Event: 8.062 Executing VM operation: G1CollectForAllocation
Event: 8.065 Executing VM operation: G1CollectForAllocation done
Event: 8.070 Executing VM operation: G1CollectForAllocation

Memory protections (0 events):
No events

Nmethod flushes (0 events):
No events

Events (20 events):
Event: 7.972 Thread 0x000001747c7a6370 Thread added: 0x000001747c7a9610
Event: 7.972 Thread 0x000001747c7a6370 Thread added: 0x000001747c7abe90
Event: 7.972 Thread 0x000001747c7a6370 Thread added: 0x000001747cb3ca80
Event: 7.972 Thread 0x000001747c7a6370 Thread added: 0x000001747cb397e0
Event: 7.972 Thread 0x000001747c7a6370 Thread added: 0x000001747cb39cf0
Event: 7.972 Thread 0x000001747c7a6370 Thread added: 0x000001747cb3b130
Event: 7.972 Thread 0x000001747c7a6370 Thread added: 0x000001747cb3cf90
Event: 7.972 Thread 0x000001747c7a6370 Thread added: 0x000001747cb3c060
Event: 7.972 Thread 0x000001747c7a6370 Thread added: 0x000001747cb3bb50
Event: 7.972 Thread 0x000001747c7a6370 Thread added: 0x000001747cb3a710
Event: 7.972 Thread 0x000001747c7a6370 Thread added: 0x000001747cb3d4a0
Event: 7.972 Thread 0x000001747c7a6370 Thread added: 0x000001747cb3b640
Event: 7.972 Thread 0x000001747c7a6370 Thread added: 0x000001747cb3d9b0
Event: 7.972 Thread 0x000001747c7a6370 Thread added: 0x000001747cb3a200
Event: 7.972 Thread 0x000001747c7a6370 Thread added: 0x000001747cb3e3d0
Event: 7.972 Thread 0x000001747c7a6370 Thread added: 0x000001747cb3dec0
Event: 7.972 Thread 0x000001747c7a6370 Thread added: 0x000001747cb3c570
Event: 7.972 Thread 0x000001747c7a6370 Thread added: 0x000001747cb3ac20
Event: 7.973 Thread 0x000001747c7a6370 Thread added: 0x000001747cb3e8e0
Event: 7.973 Thread 0x000001747c7a6370 Thread added: 0x000001747cb3edf0


Dynamic libraries:
0x00007ff6e2180000 - 0x00007ff6e218e000 	D:\Program Files\Java\jdk-17\bin\java.exe
0x00007ffd8eb20000 - 0x00007ffd8ed87000 	C:\WINDOWS\SYSTEM32\ntdll.dll
0x00007ffd8ccf0000 - 0x00007ffd8cdb9000 	C:\WINDOWS\System32\KERNEL32.DLL
0x00007ffd8c280000 - 0x00007ffd8c674000 	C:\WINDOWS\System32\KERNELBASE.dll
0x00007ffd8c680000 - 0x00007ffd8c7cb000 	C:\WINDOWS\System32\ucrtbase.dll
0x00007ffd57b50000 - 0x00007ffd57b6d000 	D:\Program Files\Java\jdk-17\bin\VCRUNTIME140.dll
0x00007ffd57b00000 - 0x00007ffd57b17000 	D:\Program Files\Java\jdk-17\bin\jli.dll
0x00007ffd8ca50000 - 0x00007ffd8cc15000 	C:\WINDOWS\System32\USER32.dll
0x00007ffd8c7d0000 - 0x00007ffd8c7f7000 	C:\WINDOWS\System32\win32u.dll
0x00007ffd8ca20000 - 0x00007ffd8ca4b000 	C:\WINDOWS\System32\GDI32.dll
0x00007ffd8bf20000 - 0x00007ffd8c04b000 	C:\WINDOWS\System32\gdi32full.dll
0x00007ffd707a0000 - 0x00007ffd70a33000 	C:\WINDOWS\WinSxS\amd64_microsoft.windows.common-controls_6595b64144ccf1df_6.0.26100.8115_none_3e075c82e3354f9c\COMCTL32.dll
0x00007ffd8c800000 - 0x00007ffd8c8a3000 	C:\WINDOWS\System32\msvcp_win.dll
0x00007ffd8d980000 - 0x00007ffd8da29000 	C:\WINDOWS\System32\msvcrt.dll
0x00007ffd8dec0000 - 0x00007ffd8def2000 	C:\WINDOWS\System32\IMM32.DLL
0x00007ffd71630000 - 0x00007ffd7163c000 	D:\Program Files\Java\jdk-17\bin\vcruntime140_1.dll
0x00007ffd473c0000 - 0x00007ffd4744d000 	D:\Program Files\Java\jdk-17\bin\msvcp140.dll
0x00007ffcea7b0000 - 0x00007ffceb422000 	D:\Program Files\Java\jdk-17\bin\server\jvm.dll
0x00007ffd8ea20000 - 0x00007ffd8ead6000 	C:\WINDOWS\System32\ADVAPI32.dll
0x00007ffd8e580000 - 0x00007ffd8e627000 	C:\WINDOWS\System32\sechost.dll
0x00007ffd8df00000 - 0x00007ffd8e018000 	C:\WINDOWS\System32\RPCRT4.dll
0x00007ffd8c990000 - 0x00007ffd8ca10000 	C:\WINDOWS\System32\WS2_32.dll
0x00007ffd82410000 - 0x00007ffd8241b000 	C:\WINDOWS\SYSTEM32\VERSION.dll
0x00007ffd8ade0000 - 0x00007ffd8ae3e000 	C:\WINDOWS\SYSTEM32\POWRPROF.dll
0x00007ffd801b0000 - 0x00007ffd801e6000 	C:\WINDOWS\SYSTEM32\WINMM.dll
0x00007ffd8acc0000 - 0x00007ffd8acd4000 	C:\WINDOWS\SYSTEM32\UMPDC.dll
0x00007ffd8a180000 - 0x00007ffd8a19b000 	C:\WINDOWS\SYSTEM32\kernel.appcore.dll
0x00007ffd655c0000 - 0x00007ffd655ca000 	D:\Program Files\Java\jdk-17\bin\jimage.dll
0x00007ffd88ff0000 - 0x00007ffd89232000 	C:\WINDOWS\SYSTEM32\DBGHELP.DLL
0x00007ffd8e630000 - 0x00007ffd8e9b2000 	C:\WINDOWS\System32\combase.dll
0x00007ffd8cdc0000 - 0x00007ffd8ce98000 	C:\WINDOWS\System32\OLEAUT32.dll
0x00007ffd68ec0000 - 0x00007ffd68efb000 	C:\WINDOWS\SYSTEM32\dbgcore.DLL
0x00007ffd8bc60000 - 0x00007ffd8bd05000 	C:\WINDOWS\System32\bcryptPrimitives.dll
0x00007ffd71640000 - 0x00007ffd7164e000 	D:\Program Files\Java\jdk-17\bin\instrument.dll
0x00007ffd57ad0000 - 0x00007ffd57af5000 	D:\Program Files\Java\jdk-17\bin\java.dll
0x00007ffd0f480000 - 0x00007ffd0f557000 	D:\Program Files\Java\jdk-17\bin\jsvml.dll
0x00007ffd8d210000 - 0x00007ffd8d977000 	C:\WINDOWS\System32\SHELL32.dll
0x00007ffd8c110000 - 0x00007ffd8c27a000 	C:\WINDOWS\System32\wintypes.dll
0x00007ffd8b3f0000 - 0x00007ffd8bc58000 	C:\WINDOWS\System32\windows.storage.dll
0x00007ffd8e330000 - 0x00007ffd8e428000 	C:\WINDOWS\System32\SHCORE.dll
0x00007ffd8d1a0000 - 0x00007ffd8d206000 	C:\WINDOWS\System32\shlwapi.dll
0x00007ffd8b310000 - 0x00007ffd8b339000 	C:\WINDOWS\SYSTEM32\profapi.dll
0x00007ffd4a3c0000 - 0x00007ffd4a3d8000 	D:\Program Files\Java\jdk-17\bin\zip.dll
0x00007ffd56180000 - 0x00007ffd5619a000 	D:\Program Files\Java\jdk-17\bin\net.dll
0x00007ffd84080000 - 0x00007ffd841ad000 	C:\WINDOWS\SYSTEM32\WINHTTP.dll
0x00007ffd8a6f0000 - 0x00007ffd8a75c000 	C:\WINDOWS\system32\mswsock.dll
0x00007ffd4ac90000 - 0x00007ffd4aca6000 	D:\Program Files\Java\jdk-17\bin\nio.dll
0x00007ffd638a0000 - 0x00007ffd638a9000 	D:\Program Files\Java\jdk-17\bin\extnet.dll
0x00007ffd89c80000 - 0x00007ffd89cb2000 	C:\WINDOWS\SYSTEM32\IPHLPAPI.DLL
0x00007ffd8e210000 - 0x00007ffd8e21a000 	C:\WINDOWS\System32\NSI.dll
0x00007ffd84b00000 - 0x00007ffd84b1d000 	C:\WINDOWS\SYSTEM32\dhcpcsvc6.DLL
0x00007ffd84ad0000 - 0x00007ffd84af5000 	C:\WINDOWS\SYSTEM32\dhcpcsvc.DLL
0x00007ffd89cc0000 - 0x00007ffd89df2000 	C:\WINDOWS\SYSTEM32\DNSAPI.dll
0x00007ffd8a9d0000 - 0x00007ffd8a9eb000 	C:\WINDOWS\SYSTEM32\CRYPTSP.dll
0x00007ffd8a0e0000 - 0x00007ffd8a119000 	C:\WINDOWS\system32\rsaenh.dll
0x00007ffd8a7a0000 - 0x00007ffd8a7d3000 	C:\WINDOWS\SYSTEM32\USERENV.dll
0x00007ffd8b2e0000 - 0x00007ffd8b30a000 	C:\WINDOWS\SYSTEM32\bcrypt.dll
0x00007ffd8a9f0000 - 0x00007ffd8a9fc000 	C:\WINDOWS\SYSTEM32\CRYPTBASE.dll
0x00007ffd5e6e0000 - 0x00007ffd5e6ea000 	D:\Program Files\Java\jdk-17\bin\management.dll
0x00007ffd5e350000 - 0x00007ffd5e35b000 	D:\Program Files\Java\jdk-17\bin\management_ext.dll
0x00007ffd8e220000 - 0x00007ffd8e228000 	C:\WINDOWS\System32\PSAPI.DLL
0x00007ffd65170000 - 0x00007ffd6517e000 	D:\Program Files\Java\jdk-17\bin\sunmscapi.dll
0x00007ffd8bd10000 - 0x00007ffd8be87000 	C:\WINDOWS\System32\CRYPT32.dll
0x00007ffd8ac80000 - 0x00007ffd8acb0000 	C:\WINDOWS\SYSTEM32\ncrypt.dll
0x00007ffd8ac30000 - 0x00007ffd8ac6f000 	C:\WINDOWS\SYSTEM32\NTASN1.dll
0x00007ffd5b470000 - 0x00007ffd5b478000 	C:\WINDOWS\system32\wshunix.dll
0x00007ffd5ee10000 - 0x00007ffd5ee20000 	D:\Program Files\Java\jdk-17\bin\verify.dll
0x00007ffd5efe0000 - 0x00007ffd5eff8000 	C:\WINDOWS\system32\napinsp.dll
0x00007ffd5e1f0000 - 0x00007ffd5e203000 	C:\WINDOWS\System32\winrnr.dll
0x00007ffd5e1c0000 - 0x00007ffd5e1e2000 	C:\WINDOWS\system32\nlansp_c.dll
0x00007ffd84860000 - 0x00007ffd84876000 	C:\WINDOWS\system32\wshbth.dll
0x00007ffd830a0000 - 0x00007ffd830ab000 	C:\Windows\System32\rasadhlp.dll
0x00007ffd84e30000 - 0x00007ffd84eb6000 	C:\WINDOWS\System32\fwpuclnt.dll

dbghelp: loaded successfully - version: 4.0.5 - missing functions: none
symbol engine: initialized successfully - sym options: 0x614 - pdb path: .;D:\Program Files\Java\jdk-17\bin;C:\WINDOWS\SYSTEM32;C:\WINDOWS\WinSxS\amd64_microsoft.windows.common-controls_6595b64144ccf1df_6.0.26100.8115_none_3e075c82e3354f9c;D:\Program Files\Java\jdk-17\bin\server

VM Arguments:
jvm_args: -XX:TieredStopAtLevel=1 -Dspring.output.ansi.enabled=always -javaagent:D:\IntelliJ IDEA 2026.1\lib\idea_rt.jar=55799 -Dfile.encoding=UTF-8 
java_command: com.atguigu.daijia.ServiceDriverApplication
java_class_path (initial): D:\桌面\毕设\硅谷代驾\代码\daijia-parent\service\service-driver\target\classes;D:\IdeaProjects\apache-maven-3.6.1\mvn_repo\com\github\binarywang\weixin-java-miniapp\4.5.5.B\weixin-java-miniapp-4.5.5.B.jar;D:\IdeaProjects\apache-maven-3.6.1\mvn_repo\com\github\binarywang\weixin-java-common\4.5.5.B\weixin-java-common-4.5.5.B.jar;D:\IdeaProjects\apache-maven-3.6.1\mvn_repo\org\apache\httpcomponents\httpmime\4.5.14\httpmime-4.5.14.jar;D:\IdeaProjects\apache-maven-3.6.1\mvn_repo\org\slf4j\jcl-over-slf4j\2.0.7\jcl-over-slf4j-2.0.7.jar;D:\IdeaProjects\apache-maven-3.6.1\mvn_repo\commons-io\commons-io\2.11.0\commons-io-2.11.0.jar;D:\IdeaProjects\apache-maven-3.6.1\mvn_repo\org\apache\commons\commons-lang3\3.12.0\commons-lang3-3.12.0.jar;D:\IdeaProjects\apache-maven-3.6.1\mvn_repo\com\google\guava\guava\32.0.0-jre\guava-32.0.0-jre.jar;D:\IdeaProjects\apache-maven-3.6.1\mvn_repo\com\google\guava\failureaccess\1.0.1\failureaccess-1.0.1.jar;D:\IdeaProjects\apache-maven-3.6.1\mvn_repo\com\google\guava\listenablefuture\9999.0-empty-to-avoid-conflict-with-guava\listenablefuture-9999.0-empty-to-avoid-conflict-with-guava.jar;D:\IdeaProjects\apache-maven-3.6.1\mvn_repo\com\google\code\findbugs\jsr305\3.0.2\jsr305-3.0.2.jar;D:\IdeaProjects\apache-maven-3.6.1\mvn_repo\org\checkerframework\checker-qual\3.33.0\checker-qual-3.33.0.jar;D:\IdeaProjects\apache-maven-3.6.1\mvn_repo\com\google\errorprone\error_prone_annotations\2.18.0\error_prone_annotations-2.18.0.jar;D:\IdeaProjects\apache-maven-3.6.1\mvn_repo\com\google\j2objc\j2objc-annotations\2.8\j2objc-annotations-2.8.jar;D:\IdeaProjects\apache-maven-3.6.1\mvn_repo\org\dom4j\dom4j\2.1.3\dom4j-2.1.3.jar;D:\IdeaProjects\apache-maven-3.6.1\mvn_repo\org\bouncycastle\bcpkix-jdk15on\1.70\bcpkix-jdk15on-1.70.jar;D:\IdeaProjects\apache-maven-3.6.1\mvn_repo\org\bouncycastle\bcutil-jdk15on\1.70\bcutil-jdk15on-1.70.jar;D:\IdeaProjects\apache-maven-3.6.1\mvn_repo\com\qcloud\cos_api\5.6.155\cos_api-5.6.155.jar;D:\IdeaPro
Launcher Type: SUN_STANDARD

[Global flags]
     intx CICompilerCount                          = 12                                        {product} {ergonomic}
     uint ConcGCThreads                            = 4                                         {product} {ergonomic}
     uint G1ConcRefinementThreads                  = 15                                        {product} {ergonomic}
   size_t G1HeapRegionSize                         = 2097152                                   {product} {ergonomic}
    uintx GCDrainStackTargetSize                   = 64                                        {product} {ergonomic}
   size_t InitialHeapSize                          = 264241152                                 {product} {ergonomic}
   size_t MarkStackSize                            = 4194304                                   {product} {ergonomic}
   size_t MaxHeapSize                              = 4227858432                                {product} {ergonomic}
   size_t MaxNewSize                               = 2535456768                                {product} {ergonomic}
   size_t MinHeapDeltaBytes                        = 2097152                                   {product} {ergonomic}
   size_t MinHeapSize                              = 8388608                                   {product} {ergonomic}
    uintx NonProfiledCodeHeapSize                  = 0                                      {pd product} {ergonomic}
     bool ProfileInterpreter                       = false                                  {pd product} {command line}
    uintx ProfiledCodeHeapSize                     = 0                                      {pd product} {ergonomic}
   size_t SoftMaxHeapSize                          = 4227858432                             {manageable} {ergonomic}
     intx TieredStopAtLevel                        = 1                                         {product} {command line}
     bool UseCompressedClassPointers               = true                           {product lp64_product} {ergonomic}
     bool UseCompressedOops                        = true                           {product lp64_product} {ergonomic}
     bool UseG1GC                                  = true                                      {product} {ergonomic}
     bool UseLargePagesIndividualAllocation        = false                                  {pd product} {ergonomic}

Logging:
Log output configuration:
 #0: stdout all=warning uptime,level,tags
 #1: stderr all=off uptime,level,tags

Environment Variables:
JAVA_HOME=D:\Program Files\Java\jdk-11
PATH=D:\Python\Python313\Scripts\;D:\Python\Python313\;C:\Program Files (x86)\Razer Chroma SDK\bin;C:\Program Files\Razer Chroma SDK\bin;D:\Program Files (x86)\VMware\VMware Workstation\bin\;D:\Program Files\Java\jdk-11\bin;C:\Program Files (x86)\Common Files\Oracle\Java\javapath;C:\Windows\system32;C:\Windows;C:\Windows\System32\Wbem;C:\Windows\System32\WindowsPowerShell\v1.0\;C:\Windows\System32\OpenSSH\;C:\Program Files (x86)\NVIDIA Corporation\PhysX\Common;C:\Program Files\NVIDIA Corporation\NVIDIA NvDLISR;C:\WINDOWS\system32;C:\WINDOWS;C:\WINDOWS\System32\Wbem;C:\WINDOWS\System32\WindowsPowerShell\v1.0\;C:\WINDOWS\System32\OpenSSH\;C:\Program Files (x86)\Microsoft SQL Server\160\Tools\Binn\;C:\Program Files\Microsoft SQL Server\160\Tools\Binn\;C:\Program Files\Microsoft SQL Server\Client SDK\ODBC\170\Tools\Binn\;C:\Program Files\Microsoft SQL Server\160\DTS\Binn\;C:\Program Files (x86)\Microsoft SQL Server\160\DTS\Binn\;C:\Program Files\Azure Data Studio\bin;d:\altera\91sp2\quartus\bin;D:\IdeaProjects\apache-maven-3.6.1\bin;D:\Program Files\Git\cmd;D:\Program Files (x86)\Tencent\微信web开发者工具\dll;C:\WINDOWS\system32\config\systemprofile\AppData\Local\Microsoft\WindowsApps;C:\Program Files (x86)\Razer\ChromaBroadcast\bin;C:\Program Files\Razer\ChromaBroadcast\bin;C:\Users\Lenovo\AppData\Local\Microsoft\WindowsApps;D:\VS\Microsoft VS Code\bin;D:\LenovoSoftstore\Install\QQliuxidating\QQGameTempest\Hall.58012\;C:\Program Files\JetBrains\IntelliJ IDEA 2021.2.2\bin;D:\Program Files\cpolar\;C:\Program Files\dotnet\;C:\WINDOWS\system32;C:\WINDOWS;C:\WINDOWS\System32\Wbem;C:\WINDOWS\System32\WindowsPowerShell\v1.0\;C:\WINDOWS\System32\OpenSSH\;D:\Anaconda;D:\Anaconda\Scripts;D:\Anaconda\Library\bin;D:\nvm;D:\nvm4w\nodejs;%ERLANG_HOME%\bin;C:\Users\Lenovo\AppData\Local\Microsoft\WindowsApps;D:\VS\Microsoft VS Code\bin;C:\Program Files\Azure Data Studio\bin;D:\LenovoSoftstore\Install\QQliuxidating\QQGameTempest\Hall.58012\;D:\IntelliJ IDEA 2026.1\bin;D:\Program Files\cpolar\;C:\Users\Lenovo\AppData\Roaming\npm;D:\Pycharm\PyCharm 2025.3.3\bin;D:\cursor\resources\app\bin;D:\nvm;D:\nvm4w\nodejs
USERNAME=Lenovo
OS=Windows_NT
PROCESSOR_IDENTIFIER=Intel64 Family 6 Model 154 Stepping 3, GenuineIntel
TMP=D:\cache\temp
TEMP=D:\cache\temp



Periodic native trim disabled


---------------  S Y S T E M  ---------------

OS:
 Windows 11 , 64 bit Build 26100 (10.0.26100.8246)
OS uptime: 5 days 0:00 hours
Hyper-V role detected

CPU: total 20 (initial active 20) (10 cores per cpu, 2 threads per core) family 6 model 154 stepping 3 microcode 0x416, cx8, cmov, fxsr, ht, mmx, 3dnowpref, sse, sse2, sse3, ssse3, sse4.1, sse4.2, popcnt, lzcnt, tsc, tscinvbit, avx, avx2, aes, erms, clmul, bmi1, bmi2, adx, sha, fma, vzeroupper, clflush, clflushopt, clwb, hv
Processor Information for processor 0
  Max Mhz: 2300, Current Mhz: 2300, Mhz Limit: 2300
Processor Information for processor 1
  Max Mhz: 2300, Current Mhz: 2300, Mhz Limit: 2300
Processor Information for processor 2
  Max Mhz: 2300, Current Mhz: 2300, Mhz Limit: 2300
Processor Information for processor 3
  Max Mhz: 2300, Current Mhz: 2300, Mhz Limit: 2300
Processor Information for processor 4
  Max Mhz: 2300, Current Mhz: 2300, Mhz Limit: 2300
Processor Information for processor 5
  Max Mhz: 2300, Current Mhz: 2300, Mhz Limit: 2300
Processor Information for processor 6
  Max Mhz: 2300, Current Mhz: 2300, Mhz Limit: 2300
Processor Information for processor 7
  Max Mhz: 2300, Current Mhz: 2300, Mhz Limit: 2300
Processor Information for processor 8
  Max Mhz: 2300, Current Mhz: 2300, Mhz Limit: 2300
Processor Information for processor 9
  Max Mhz: 2300, Current Mhz: 2300, Mhz Limit: 2300
Processor Information for processor 10
  Max Mhz: 2300, Current Mhz: 2300, Mhz Limit: 2300
Processor Information for processor 11
  Max Mhz: 2300, Current Mhz: 2300, Mhz Limit: 2300
Processor Information for processor 12
  Max Mhz: 2300, Current Mhz: 1700, Mhz Limit: 1679
Processor Information for processor 13
  Max Mhz: 2300, Current Mhz: 1700, Mhz Limit: 1679
Processor Information for processor 14
  Max Mhz: 2300, Current Mhz: 1700, Mhz Limit: 1679
Processor Information for processor 15
  Max Mhz: 2300, Current Mhz: 1700, Mhz Limit: 1679
Processor Information for processor 16
  Max Mhz: 2300, Current Mhz: 1700, Mhz Limit: 1679
Processor Information for processor 17
  Max Mhz: 2300, Current Mhz: 1700, Mhz Limit: 1679
Processor Information for processor 18
  Max Mhz: 2300, Current Mhz: 1700, Mhz Limit: 1679
Processor Information for processor 19
  Max Mhz: 2300, Current Mhz: 1700, Mhz Limit: 1679

Memory: 4k page, system-wide physical 16124M (387M free)
TotalPageFile size 48889M (AvailPageFile size 281M)
current process WorkingSet (physical memory assigned to process): 506M, peak: 506M
current process commit charge ("private bytes"): 581M, peak: 1043M

vm_info: OpenJDK 64-Bit Server VM (17.0.14+7-LTS) for windows-amd64 JRE (17.0.14+7-LTS), built on Jan  8 2025 23:39:28 by "MicrosoftCorporation" with unknown MS VC++:1939

END.
