#
# There is insufficient memory for the Java Runtime Environment to continue.
# Native memory allocation (mmap) failed to map 29360128 bytes. Error detail: G1 virtual space
# Possible reasons:
#   The system is out of physical RAM or swap space
#   This process is running with CompressedOops enabled, and the Java Heap may be blocking the growth of the native heap
# Possible solutions:
#   Reduce memory load on the system
#   Increase physical memory or swap space
#   Check if swap backing store is full
#   Decrease Java heap size (-Xmx/-Xms)
#   Decrease number of Java threads
#   Decrease Java thread stack sizes (-Xss)
#   Set larger code cache with -XX:ReservedCodeCacheSize=
#   JVM is running with Zero Based Compressed Oops mode in which the Java heap is
#     placed in the first 32GB address space. The Java Heap base address is the
#     maximum limit for the native heap growth. Please use -XX:HeapBaseMinAddress
#     to set the Java Heap base and to place the Java Heap above 32GB virtual address.
# This output file may be truncated or incomplete.
#
#  Out of Memory Error (os_windows.cpp:3710), pid=35352, tid=50300
#
# JRE version: OpenJDK Runtime Environment Microsoft-10800295 (17.0.14+7) (build 17.0.14+7-LTS)
# Java VM: OpenJDK 64-Bit Server VM Microsoft-10800295 (17.0.14+7-LTS, mixed mode, emulated-client, sharing, tiered, compressed oops, compressed class ptrs, g1 gc, windows-amd64)
# No core dump will be written. Minidumps are not enabled by default on client versions of Windows
#

---------------  S U M M A R Y ------------

Command Line: -XX:TieredStopAtLevel=1 -Dspring.output.ansi.enabled=always -javaagent:D:\IntelliJ IDEA 2026.1\lib\idea_rt.jar=53969 -Dfile.encoding=UTF-8 com.atguigu.daijia.WebDriverApplication

Host: 12th Gen Intel(R) Core(TM) i7-12700H, 20 cores, 15G,  Windows 11 , 64 bit Build 26100 (10.0.26100.8246)
Time: Fri Apr 24 01:09:22 2026  Windows 11 , 64 bit Build 26100 (10.0.26100.8246) elapsed time: 10.780831 seconds (0d 0h 0m 10s)

---------------  T H R E A D  ---------------

Current thread (0x00000145ba3f8f80):  VMThread "VM Thread" [stack: 0x0000000a8c000000,0x0000000a8c100000] [id=50300]

Stack: [0x0000000a8c000000,0x0000000a8c100000]
Native frames: (J=compiled Java code, j=interpreted, Vv=VM code, C=native code)
V  [jvm.dll+0x6886b9]
V  [jvm.dll+0x83f6f8]
V  [jvm.dll+0x8411a3]
V  [jvm.dll+0x841813]
V  [jvm.dll+0x2495cf]
V  [jvm.dll+0x6855f9]
V  [jvm.dll+0x679a8a]
V  [jvm.dll+0x30afc7]
V  [jvm.dll+0x312536]
V  [jvm.dll+0x362eee]
V  [jvm.dll+0x36312d]
V  [jvm.dll+0x2e225c]
V  [jvm.dll+0x2e0609]
V  [jvm.dll+0x2dfd6c]
V  [jvm.dll+0x32291b]
V  [jvm.dll+0x84604d]
V  [jvm.dll+0x846d83]
V  [jvm.dll+0x8472af]
V  [jvm.dll+0x847694]
V  [jvm.dll+0x84775e]
V  [jvm.dll+0x7ef2ac]
V  [jvm.dll+0x687597]
C  [ucrtbase.dll+0x37b0]
C  [KERNEL32.DLL+0x2e8d7]
C  [ntdll.dll+0x8c3fc]

VM_Operation (0x0000000a93afc900): G1CollectForAllocation, mode: safepoint, requested by thread 0x0000014584389910


---------------  P R O C E S S  ---------------

Threads class SMR info:
_java_thread_list=0x00000145fd678290, length=108, elements={
0x00000145a36f14a0, 0x00000145ba4003d0, 0x00000145ba400d90, 0x00000145ba41bd60,
0x00000145ba41c720, 0x00000145ba41d0e0, 0x00000145ba421ac0, 0x00000145ba423950,
0x00000145bb3a9fc0, 0x00000145bb3a0a60, 0x00000145bb3a0f40, 0x00000145bb3a1460,
0x00000145bb5772b0, 0x00000145bb5777d0, 0x00000145bb581d20, 0x00000145bb715880,
0x00000145bb715d60, 0x00000145fd86c600, 0x00000145fd86e4e0, 0x00000145fd86f5e0,
0x00000145fd8689f0, 0x00000145fd8cbeb0, 0x00000145fd8eeb80, 0x00000145fd8b6100,
0x00000145fd9e4230, 0x00000145fd9e4c50, 0x00000145fd9e4740, 0x00000145fd9e5670,
0x00000145fd9e5160, 0x00000145fd9e5b80, 0x00000145fdd810d0, 0x00000145fdd7ed60,
0x00000145fdd7f270, 0x00000145fdd801a0, 0x00000145fdd7e340, 0x00000145fdd815e0,
0x00000145fdd7fc90, 0x00000145fdd806b0, 0x00000145fdd7e850, 0x00000145fdd80bc0,
0x00000145fdd7f780, 0x00000145fdd7de30, 0x00000145fdede340, 0x00000145fdedde30,
0x00000145fdede850, 0x00000145fdeded60, 0x00000145fdedfc90, 0x00000145fdedf270,
0x00000145fdedf780, 0x00000145fdee06b0, 0x00000145fdee01a0, 0x00000145fdee10d0,
0x00000145fdedd920, 0x00000145fdee3950, 0x00000145fdee3e60, 0x00000145fdee15e0,
0x00000145fdee52a0, 0x00000145fdee2000, 0x00000145fdee4370, 0x00000145fdee4880,
0x00000145fdee1af0, 0x00000145fdee2510, 0x00000145fdee4d90, 0x00000145fdee2a20,
0x00000145fdee2f30, 0x00000145fdee3440, 0x0000014584099980, 0x0000014584099e90,
0x000001458409a3a0, 0x000001458409a8b0, 0x000001458409b2d0, 0x0000014584099470,
0x000001458409b7e0, 0x0000014584098030, 0x000001458409adc0, 0x000001458409bcf0,
0x0000014584098540, 0x000001458409c200, 0x0000014584098a50, 0x000001458409c710,
0x000001458438b260, 0x0000014584098f60, 0x000001458409f4a0, 0x000001458409f9b0,
0x000001458409d130, 0x000001458409e060, 0x000001458409ef90, 0x000001458409e570,
0x000001458409cc20, 0x000001458409db50, 0x000001458409d640, 0x000001458409ea80,
0x000001458438b770, 0x000001458438ad50, 0x00000145843889e0, 0x000001458438a330,
0x000001458438c190, 0x000001458438bc80, 0x0000014584388ef0, 0x000001458438c6a0,
0x000001458438cbb0, 0x0000014584389400, 0x000001458438d0c0, 0x0000014584389910,
0x000001458438d5d0, 0x000001458438a840, 0x0000014584389e20, 0x000001458438fe50
}

Java Threads: ( => current thread )
  0x00000145a36f14a0 JavaThread "main" [_thread_blocked, id=40980, stack(0x0000000a8ba00000,0x0000000a8bb00000)]
  0x00000145ba4003d0 JavaThread "Reference Handler" daemon [_thread_blocked, id=50900, stack(0x0000000a8c100000,0x0000000a8c200000)]
  0x00000145ba400d90 JavaThread "Finalizer" daemon [_thread_blocked, id=53756, stack(0x0000000a8c200000,0x0000000a8c300000)]
  0x00000145ba41bd60 JavaThread "Signal Dispatcher" daemon [_thread_blocked, id=55464, stack(0x0000000a8c300000,0x0000000a8c400000)]
  0x00000145ba41c720 JavaThread "Attach Listener" daemon [_thread_blocked, id=20836, stack(0x0000000a8c400000,0x0000000a8c500000)]
  0x00000145ba41d0e0 JavaThread "Service Thread" daemon [_thread_blocked, id=61080, stack(0x0000000a8c500000,0x0000000a8c600000)]
  0x00000145ba421ac0 JavaThread "Monitor Deflation Thread" daemon [_thread_blocked, id=43516, stack(0x0000000a8c600000,0x0000000a8c700000)]
  0x00000145ba423950 JavaThread "C1 CompilerThread0" daemon [_thread_blocked, id=27212, stack(0x0000000a8c700000,0x0000000a8c800000)]
  0x00000145bb3a9fc0 JavaThread "Sweeper thread" daemon [_thread_blocked, id=27316, stack(0x0000000a8c800000,0x0000000a8c900000)]
  0x00000145bb3a0a60 JavaThread "Common-Cleaner" daemon [_thread_blocked, id=52832, stack(0x0000000a8c900000,0x0000000a8ca00000)]
  0x00000145bb3a0f40 JavaThread "C1 CompilerThread1" daemon [_thread_blocked, id=5380, stack(0x0000000a8ca00000,0x0000000a8cb00000)]
  0x00000145bb3a1460 JavaThread "C1 CompilerThread2" daemon [_thread_blocked, id=58956, stack(0x0000000a8cb00000,0x0000000a8cc00000)]
  0x00000145bb5772b0 JavaThread "C1 CompilerThread3" daemon [_thread_blocked, id=40664, stack(0x0000000a8cc00000,0x0000000a8cd00000)]
  0x00000145bb5777d0 JavaThread "C1 CompilerThread4" daemon [_thread_blocked, id=26040, stack(0x0000000a8cd00000,0x0000000a8ce00000)]
  0x00000145bb581d20 JavaThread "C1 CompilerThread5" daemon [_thread_blocked, id=6628, stack(0x0000000a8ce00000,0x0000000a8cf00000)]
  0x00000145bb715880 JavaThread "Monitor Ctrl-Break" daemon [_thread_in_native, id=49100, stack(0x0000000a8cf00000,0x0000000a8d000000)]
  0x00000145bb715d60 JavaThread "Notification Thread" daemon [_thread_blocked, id=60876, stack(0x0000000a8d000000,0x0000000a8d100000)]
  0x00000145fd86c600 JavaThread "com.alibaba.nacos.client.auth.ram.identify.watcher.0" daemon [_thread_blocked, id=13896, stack(0x0000000a8d700000,0x0000000a8d800000)]
  0x00000145fd86e4e0 JavaThread "com.alibaba.nacos.client.Worker" daemon [_thread_blocked, id=29116, stack(0x0000000a8d900000,0x0000000a8da00000)]
  0x00000145fd86f5e0 JavaThread "com.alibaba.nacos.client.Worker" daemon [_thread_blocked, id=33244, stack(0x0000000a8da00000,0x0000000a8db00000)]
  0x00000145fd8689f0 JavaThread "com.alibaba.nacos.client.Worker" daemon [_thread_blocked, id=39956, stack(0x0000000a8db00000,0x0000000a8dc00000)]
  0x00000145fd8cbeb0 JavaThread "nacos.publisher-com.alibaba.nacos.common.notify.SlowEvent" daemon [_thread_blocked, id=29676, stack(0x0000000a8dc00000,0x0000000a8dd00000)]
  0x00000145fd8eeb80 JavaThread "com.alibaba.nacos.client.remote.worker" daemon [_thread_blocked, id=18144, stack(0x0000000a8dd00000,0x0000000a8de00000)]
  0x00000145fd8b6100 JavaThread "com.alibaba.nacos.client.remote.worker" daemon [_thread_blocked, id=16996, stack(0x0000000a8de00000,0x0000000a8df00000)]
  0x00000145fd9e4230 JavaThread "grpc-nio-worker-ELG-1-1" daemon [_thread_in_native, id=64780, stack(0x0000000a8ea00000,0x0000000a8eb00000)]
  0x00000145fd9e4c50 JavaThread "grpc-default-executor-0" daemon [_thread_blocked, id=8284, stack(0x0000000a8eb00000,0x0000000a8ec00000)]
  0x00000145fd9e4740 JavaThread "nacos-grpc-client-executor-127.0.0.1-0" daemon [_thread_blocked, id=64208, stack(0x0000000a8ec00000,0x0000000a8ed00000)]
  0x00000145fd9e5670 JavaThread "nacos-grpc-client-executor-127.0.0.1-1" daemon [_thread_blocked, id=39432, stack(0x0000000a8ed00000,0x0000000a8ee00000)]
  0x00000145fd9e5160 JavaThread "grpc-nio-worker-ELG-1-2" daemon [_thread_in_native, id=29236, stack(0x0000000a8ee00000,0x0000000a8ef00000)]
  0x00000145fd9e5b80 JavaThread "nacos-grpc-client-executor-127.0.0.1-2" daemon [_thread_blocked, id=32284, stack(0x0000000a8f000000,0x0000000a8f100000)]
  0x00000145fdd810d0 JavaThread "nacos-grpc-client-executor-127.0.0.1-3" daemon [_thread_blocked, id=59776, stack(0x0000000a8f100000,0x0000000a8f200000)]
  0x00000145fdd7ed60 JavaThread "nacos-grpc-client-executor-127.0.0.1-4" daemon [_thread_blocked, id=62496, stack(0x0000000a8f200000,0x0000000a8f300000)]
  0x00000145fdd7f270 JavaThread "nacos-grpc-client-executor-127.0.0.1-5" daemon [_thread_blocked, id=46656, stack(0x0000000a8f300000,0x0000000a8f400000)]
  0x00000145fdd801a0 JavaThread "nacos-grpc-client-executor-127.0.0.1-6" daemon [_thread_blocked, id=35900, stack(0x0000000a8f400000,0x0000000a8f500000)]
  0x00000145fdd7e340 JavaThread "nacos-grpc-client-executor-127.0.0.1-7" daemon [_thread_blocked, id=23308, stack(0x0000000a8f500000,0x0000000a8f600000)]
  0x00000145fdd815e0 JavaThread "nacos-grpc-client-executor-127.0.0.1-8" daemon [_thread_blocked, id=34028, stack(0x0000000a8f600000,0x0000000a8f700000)]
  0x00000145fdd7fc90 JavaThread "nacos-grpc-client-executor-127.0.0.1-9" daemon [_thread_blocked, id=34280, stack(0x0000000a8f700000,0x0000000a8f800000)]
  0x00000145fdd806b0 JavaThread "nacos-grpc-client-executor-127.0.0.1-10" daemon [_thread_blocked, id=49552, stack(0x0000000a8f800000,0x0000000a8f900000)]
  0x00000145fdd7e850 JavaThread "nacos-grpc-client-executor-127.0.0.1-11" daemon [_thread_blocked, id=43640, stack(0x0000000a8f900000,0x0000000a8fa00000)]
  0x00000145fdd80bc0 JavaThread "nacos-grpc-client-executor-127.0.0.1-12" daemon [_thread_blocked, id=9816, stack(0x0000000a8fa00000,0x0000000a8fb00000)]
  0x00000145fdd7f780 JavaThread "nacos-grpc-client-executor-127.0.0.1-13" daemon [_thread_blocked, id=2236, stack(0x0000000a8fb00000,0x0000000a8fc00000)]
  0x00000145fdd7de30 JavaThread "nacos-grpc-client-executor-127.0.0.1-14" daemon [_thread_blocked, id=10984, stack(0x0000000a8fc00000,0x0000000a8fd00000)]
  0x00000145fdede340 JavaThread "Catalina-utility-1" [_thread_blocked, id=43776, stack(0x0000000a8fd00000,0x0000000a8fe00000)]
  0x00000145fdedde30 JavaThread "Catalina-utility-2" [_thread_blocked, id=51348, stack(0x0000000a8fe00000,0x0000000a8ff00000)]
  0x00000145fdede850 JavaThread "container-0" [_thread_blocked, id=55556, stack(0x0000000a8ff00000,0x0000000a90000000)]
  0x00000145fdeded60 JavaThread "Thread-11" daemon [_thread_in_native, id=40352, stack(0x0000000a90000000,0x0000000a90100000)]
  0x00000145fdedfc90 JavaThread "lettuce-timer-3-1" daemon [_thread_blocked, id=3732, stack(0x0000000a90100000,0x0000000a90200000)]
  0x00000145fdedf270 JavaThread "redisson-netty-4-1" [_thread_in_native, id=41044, stack(0x0000000a90300000,0x0000000a90400000)]
  0x00000145fdedf780 JavaThread "redisson-netty-4-2" [_thread_in_native, id=53224, stack(0x0000000a90400000,0x0000000a90500000)]
  0x00000145fdee06b0 JavaThread "redisson-netty-4-3" [_thread_in_native, id=65372, stack(0x0000000a90500000,0x0000000a90600000)]
  0x00000145fdee01a0 JavaThread "redisson-netty-4-4" [_thread_in_native, id=53388, stack(0x0000000a90600000,0x0000000a90700000)]
  0x00000145fdee10d0 JavaThread "redisson-timer-6-1" [_thread_blocked, id=9360, stack(0x0000000a90700000,0x0000000a90800000)]
  0x00000145fdedd920 JavaThread "redisson-netty-4-5" [_thread_in_native, id=24220, stack(0x0000000a90800000,0x0000000a90900000)]
  0x00000145fdee3950 JavaThread "redisson-netty-4-6" [_thread_in_native, id=64848, stack(0x0000000a90900000,0x0000000a90a00000)]
  0x00000145fdee3e60 JavaThread "redisson-netty-4-7" [_thread_in_native, id=51464, stack(0x0000000a90a00000,0x0000000a90b00000)]
  0x00000145fdee15e0 JavaThread "redisson-netty-4-8" [_thread_in_native, id=27056, stack(0x0000000a90b00000,0x0000000a90c00000)]
  0x00000145fdee52a0 JavaThread "redisson-netty-4-9" [_thread_in_native, id=58544, stack(0x0000000a90c00000,0x0000000a90d00000)]
  0x00000145fdee2000 JavaThread "redisson-netty-4-10" [_thread_in_native, id=12376, stack(0x0000000a90d00000,0x0000000a90e00000)]
  0x00000145fdee4370 JavaThread "redisson-netty-4-11" [_thread_in_native, id=24216, stack(0x0000000a90e00000,0x0000000a90f00000)]
  0x00000145fdee4880 JavaThread "redisson-netty-4-12" [_thread_in_native, id=35036, stack(0x0000000a90f00000,0x0000000a91000000)]
  0x00000145fdee1af0 JavaThread "redisson-netty-4-13" [_thread_in_native, id=10600, stack(0x0000000a91000000,0x0000000a91100000)]
  0x00000145fdee2510 JavaThread "redisson-netty-4-14" [_thread_in_native, id=60708, stack(0x0000000a91100000,0x0000000a91200000)]
  0x00000145fdee4d90 JavaThread "redisson-netty-4-15" [_thread_in_native, id=60940, stack(0x0000000a91200000,0x0000000a91300000)]
  0x00000145fdee2a20 JavaThread "redisson-netty-4-16" [_thread_in_native, id=21088, stack(0x0000000a91300000,0x0000000a91400000)]
  0x00000145fdee2f30 JavaThread "redisson-netty-4-17" [_thread_in_native, id=23536, stack(0x0000000a91400000,0x0000000a91500000)]
  0x00000145fdee3440 JavaThread "redisson-netty-4-18" [_thread_in_native, id=30008, stack(0x0000000a91500000,0x0000000a91600000)]
  0x0000014584099980 JavaThread "redisson-netty-4-19" [_thread_in_native, id=55328, stack(0x0000000a91600000,0x0000000a91700000)]
  0x0000014584099e90 JavaThread "redisson-netty-4-20" [_thread_in_native, id=2728, stack(0x0000000a91700000,0x0000000a91800000)]
  0x000001458409a3a0 JavaThread "redisson-netty-4-21" [_thread_in_native, id=23792, stack(0x0000000a91800000,0x0000000a91900000)]
  0x000001458409a8b0 JavaThread "redisson-netty-4-22" [_thread_in_native, id=54664, stack(0x0000000a91900000,0x0000000a91a00000)]
  0x000001458409b2d0 JavaThread "redisson-netty-4-23" [_thread_in_native, id=5352, stack(0x0000000a91a00000,0x0000000a91b00000)]
  0x0000014584099470 JavaThread "redisson-netty-4-24" [_thread_in_native, id=58684, stack(0x0000000a91b00000,0x0000000a91c00000)]
  0x000001458409b7e0 JavaThread "redisson-netty-4-25" [_thread_in_native, id=55560, stack(0x0000000a91c00000,0x0000000a91d00000)]
  0x0000014584098030 JavaThread "redisson-netty-4-26" [_thread_in_native, id=58780, stack(0x0000000a91d00000,0x0000000a91e00000)]
  0x000001458409adc0 JavaThread "redisson-netty-4-27" [_thread_in_native, id=23280, stack(0x0000000a91e00000,0x0000000a91f00000)]
  0x000001458409bcf0 JavaThread "redisson-netty-4-28" [_thread_in_native, id=63308, stack(0x0000000a91f00000,0x0000000a92000000)]
  0x0000014584098540 JavaThread "redisson-netty-4-29" [_thread_in_native, id=24572, stack(0x0000000a92000000,0x0000000a92100000)]
  0x000001458409c200 JavaThread "redisson-netty-4-30" [_thread_in_native, id=23312, stack(0x0000000a92100000,0x0000000a92200000)]
  0x0000014584098a50 JavaThread "redisson-netty-4-31" [_thread_in_native, id=60604, stack(0x0000000a92200000,0x0000000a92300000)]
  0x000001458409c710 JavaThread "redisson-netty-4-32" [_thread_in_native, id=61276, stack(0x0000000a92300000,0x0000000a92400000)]
  0x000001458438b260 JavaThread "com.alibaba.nacos.client.Worker" daemon [_thread_blocked, id=2664, stack(0x0000000a94100000,0x0000000a94200000)]
  0x0000014584098f60 JavaThread "spring.cloud.inetutils" daemon [_thread_blocked, id=30100, stack(0x0000000a92400000,0x0000000a92500000)]
  0x000001458409f4a0 JavaThread "http-nio-8602-exec-1" daemon [_thread_blocked, id=16984, stack(0x0000000a92500000,0x0000000a92600000)]
  0x000001458409f9b0 JavaThread "http-nio-8602-exec-2" daemon [_thread_blocked, id=34324, stack(0x0000000a92600000,0x0000000a92700000)]
  0x000001458409d130 JavaThread "http-nio-8602-exec-3" daemon [_thread_blocked, id=55436, stack(0x0000000a92700000,0x0000000a92800000)]
  0x000001458409e060 JavaThread "http-nio-8602-exec-4" daemon [_thread_blocked, id=54564, stack(0x0000000a92800000,0x0000000a92900000)]
  0x000001458409ef90 JavaThread "http-nio-8602-exec-5" daemon [_thread_blocked, id=48192, stack(0x0000000a92900000,0x0000000a92a00000)]
  0x000001458409e570 JavaThread "http-nio-8602-exec-6" daemon [_thread_blocked, id=41472, stack(0x0000000a92a00000,0x0000000a92b00000)]
  0x000001458409cc20 JavaThread "http-nio-8602-exec-7" daemon [_thread_blocked, id=46016, stack(0x0000000a92b00000,0x0000000a92c00000)]
  0x000001458409db50 JavaThread "http-nio-8602-exec-8" daemon [_thread_blocked, id=55992, stack(0x0000000a92c00000,0x0000000a92d00000)]
  0x000001458409d640 JavaThread "http-nio-8602-exec-9" daemon [_thread_blocked, id=31300, stack(0x0000000a92d00000,0x0000000a92e00000)]
  0x000001458409ea80 JavaThread "http-nio-8602-exec-10" daemon [_thread_blocked, id=24088, stack(0x0000000a92e00000,0x0000000a92f00000)]
  0x000001458438b770 JavaThread "http-nio-8602-Poller" daemon [_thread_blocked, id=35812, stack(0x0000000a92f00000,0x0000000a93000000)]
  0x000001458438ad50 JavaThread "http-nio-8602-Acceptor" daemon [_thread_in_native, id=48096, stack(0x0000000a93000000,0x0000000a93100000)]
  0x00000145843889e0 JavaThread "nacos.publisher-com.alibaba.nacos.client.naming.event.InstancesChangeEvent" daemon [_thread_blocked, id=35892, stack(0x0000000a93100000,0x0000000a93200000)]
  0x000001458438a330 JavaThread "com.alibaba.nacos.naming.failover" daemon [_thread_blocked, id=50744, stack(0x0000000a93200000,0x0000000a93300000)]
  0x000001458438c190 JavaThread "com.alibaba.nacos.client.naming.security" daemon [_thread_blocked, id=47020, stack(0x0000000a93300000,0x0000000a93400000)]
  0x000001458438bc80 JavaThread "com.alibaba.nacos.client.naming.grpc.redo.0" daemon [_thread_blocked, id=15476, stack(0x0000000a93400000,0x0000000a93500000)]
  0x0000014584388ef0 JavaThread "com.alibaba.nacos.client.remote.worker" daemon [_thread_blocked, id=39996, stack(0x0000000a93500000,0x0000000a93600000)]
  0x000001458438c6a0 JavaThread "com.alibaba.nacos.client.remote.worker" daemon [_thread_blocked, id=50444, stack(0x0000000a93600000,0x0000000a93700000)]
  0x000001458438cbb0 JavaThread "grpc-nio-worker-ELG-1-3" daemon [_thread_in_native, id=58292, stack(0x0000000a93700000,0x0000000a93800000)]
  0x0000014584389400 JavaThread "nacos-grpc-client-executor-127.0.0.1-0" daemon [_thread_blocked, id=9536, stack(0x0000000a93800000,0x0000000a93900000)]
  0x000001458438d0c0 JavaThread "nacos-grpc-client-executor-127.0.0.1-1" daemon [_thread_blocked, id=21688, stack(0x0000000a93900000,0x0000000a93a00000)]
  0x0000014584389910 JavaThread "grpc-nio-worker-ELG-1-4" daemon [_thread_blocked, id=21232, stack(0x0000000a93a00000,0x0000000a93b00000)]
  0x000001458438d5d0 JavaThread "nacos-grpc-client-executor-127.0.0.1-2" daemon [_thread_blocked, id=33656, stack(0x0000000a93b00000,0x0000000a93c00000)]
  0x000001458438a840 JavaThread "nacos-grpc-client-executor-127.0.0.1-3" daemon [_thread_blocked, id=37692, stack(0x0000000a93c00000,0x0000000a93d00000)]
  0x0000014584389e20 JavaThread "nacos-grpc-client-executor-127.0.0.1-4" daemon [_thread_blocked, id=65008, stack(0x0000000a93d00000,0x0000000a93e00000)]
  0x000001458438fe50 JavaThread "nacos-grpc-client-executor-127.0.0.1-5" daemon [_thread_blocked, id=36920, stack(0x0000000a93e00000,0x0000000a93f00000)]

Other Threads:
=>0x00000145ba3f8f80 VMThread "VM Thread" [stack: 0x0000000a8c000000,0x0000000a8c100000] [id=50300]
  0x00000145a36f1ed0 WatcherThread [stack: 0x0000000a8d100000,0x0000000a8d200000] [id=66248]
  0x00000145a375d370 GCTaskThread "GC Thread#0" [stack: 0x0000000a8bb00000,0x0000000a8bc00000] [id=33572]
  0x00000145fd09a790 GCTaskThread "GC Thread#1" [stack: 0x0000000a8d200000,0x0000000a8d300000] [id=61352]
  0x00000145fd0bb0e0 GCTaskThread "GC Thread#2" [stack: 0x0000000a8d300000,0x0000000a8d400000] [id=25240]
  0x00000145fd0bb3a0 GCTaskThread "GC Thread#3" [stack: 0x0000000a8d400000,0x0000000a8d500000] [id=29364]
  0x00000145fd0bb660 GCTaskThread "GC Thread#4" [stack: 0x0000000a8d500000,0x0000000a8d600000] [id=60548]
  0x00000145fd0bb920 GCTaskThread "GC Thread#5" [stack: 0x0000000a8d600000,0x0000000a8d700000] [id=31004]
  0x00000145fd3a5640 GCTaskThread "GC Thread#6" [stack: 0x0000000a8d800000,0x0000000a8d900000] [id=6112]
  0x00000145fd92bc40 GCTaskThread "GC Thread#7" [stack: 0x0000000a8df00000,0x0000000a8e000000] [id=27152]
  0x00000145fd711500 GCTaskThread "GC Thread#8" [stack: 0x0000000a8e000000,0x0000000a8e100000] [id=57060]
  0x00000145fd9ef680 GCTaskThread "GC Thread#9" [stack: 0x0000000a8e100000,0x0000000a8e200000] [id=42764]
  0x00000145fd9ef940 GCTaskThread "GC Thread#10" [stack: 0x0000000a8e200000,0x0000000a8e300000] [id=32552]
  0x00000145fd9efc00 GCTaskThread "GC Thread#11" [stack: 0x0000000a8e300000,0x0000000a8e400000] [id=17036]
  0x00000145fd9f06d0 GCTaskThread "GC Thread#12" [stack: 0x0000000a8e400000,0x0000000a8e500000] [id=65736]
  0x00000145fd9f0990 GCTaskThread "GC Thread#13" [stack: 0x0000000a8e500000,0x0000000a8e600000] [id=57080]
  0x00000145fd9f1220 GCTaskThread "GC Thread#14" [stack: 0x0000000a8e600000,0x0000000a8e700000] [id=13168]
  0x00000145a376dec0 ConcurrentGCThread "G1 Main Marker" [stack: 0x0000000a8bc00000,0x0000000a8bd00000] [id=52852]
  0x00000145a376f8f0 ConcurrentGCThread "G1 Conc#0" [stack: 0x0000000a8bd00000,0x0000000a8be00000] [id=63624]
  0x00000145fd9f22a0 ConcurrentGCThread "G1 Conc#1" [stack: 0x0000000a8e700000,0x0000000a8e800000] [id=57180]
  0x00000145fd9f1a60 ConcurrentGCThread "G1 Conc#2" [stack: 0x0000000a8e800000,0x0000000a8e900000] [id=5996]
  0x00000145fd9f14e0 ConcurrentGCThread "G1 Conc#3" [stack: 0x0000000a8e900000,0x0000000a8ea00000] [id=25348]
  0x00000145ba3357c0 ConcurrentGCThread "G1 Refine#0" [stack: 0x0000000a8be00000,0x0000000a8bf00000] [id=65012]
  0x00000145fd0588c0 ConcurrentGCThread "G1 Refine#1" [stack: 0x0000000a90200000,0x0000000a90300000] [id=56768]
  0x000001458451fff0 ConcurrentGCThread "G1 Refine#2" [stack: 0x0000000a94200000,0x0000000a94300000] [id=44084]
  0x00000145ba339fb0 ConcurrentGCThread "G1 Service" [stack: 0x0000000a8bf00000,0x0000000a8c000000] [id=4068]

Threads with active compile tasks:

VM state: at safepoint (normal execution)

VM Mutex/Monitor currently owned by a thread:  ([mutex/lock_event])
[0x00000145a36ec9a0] Threads_lock - owner thread: 0x00000145ba3f8f80
[0x00000145a36ecd00] Heap_lock - owner thread: 0x0000014584389910

Heap address: 0x0000000704000000, size: 4032 MB, Compressed Oops mode: Zero based, Oop shift amount: 3

CDS archive(s) mapped at: [0x00000145bc000000-0x00000145bcbb0000-0x00000145bcbb0000), size 12255232, SharedBaseAddress: 0x00000145bc000000, ArchiveRelocationMode: 1.
Compressed class space mapped at: 0x00000145bd000000-0x00000145fd000000, reserved size: 1073741824
Narrow klass base: 0x00000145bc000000, Narrow klass shift: 0, Narrow klass range: 0x100000000

GC Precious Log:
 CPUs: 20 total, 20 available
 Memory: 16124M
 Large Page Support: Disabled
 NUMA Support: Disabled
 Compressed Oops: Enabled (Zero based)
 Heap Region Size: 2M
 Heap Min Capacity: 8M
 Heap Initial Capacity: 252M
 Heap Max Capacity: 4032M
 Pre-touch: Disabled
 Parallel Workers: 15
 Concurrent Workers: 4
 Concurrent Refinement Workers: 15
 Periodic GC: Disabled

Heap:
 garbage-first heap   total 229376K, used 88677K [0x0000000704000000, 0x0000000800000000)
  region size 2048K, 3 young (6144K), 3 survivors (6144K)
 Metaspace       used 69118K, committed 69696K, reserved 1114112K
  class space    used 9443K, committed 9728K, reserved 1048576K

Heap Regions: E=young(eden), S=young(survivor), O=old, HS=humongous(starts), HC=humongous(continues), CS=collection set, F=free, OA=open archive, CA=closed archive, TAMS=top-at-mark-start (previous, next)
|   0|0x0000000704000000, 0x0000000704200000, 0x0000000704200000|100%| O|  |TAMS 0x0000000704200000, 0x0000000704000000| Untracked 
|   1|0x0000000704200000, 0x0000000704400000, 0x0000000704400000|100%| O|  |TAMS 0x0000000704400000, 0x0000000704200000| Untracked 
|   2|0x0000000704400000, 0x0000000704600000, 0x0000000704600000|100%| O|  |TAMS 0x0000000704600000, 0x0000000704400000| Untracked 
|   3|0x0000000704600000, 0x0000000704800000, 0x0000000704800000|100%| O|  |TAMS 0x0000000704800000, 0x0000000704600000| Untracked 
|   4|0x0000000704800000, 0x00000007048fea00, 0x0000000704a00000| 49%| O|  |TAMS 0x00000007048fea00, 0x0000000704800000| Untracked 
|   5|0x0000000704a00000, 0x0000000704c00000, 0x0000000704c00000|100%| O|  |TAMS 0x0000000704c00000, 0x0000000704a00000| Untracked 
|   6|0x0000000704c00000, 0x0000000704e00000, 0x0000000704e00000|100%| O|  |TAMS 0x0000000704e00000, 0x0000000704c00000| Untracked 
|   7|0x0000000704e00000, 0x0000000705000000, 0x0000000705000000|100%| O|  |TAMS 0x0000000705000000, 0x0000000704e00000| Untracked 
|   8|0x0000000705000000, 0x0000000705200000, 0x0000000705200000|100%| O|  |TAMS 0x0000000705200000, 0x0000000705000000| Untracked 
|   9|0x0000000705200000, 0x0000000705400000, 0x0000000705400000|100%| O|  |TAMS 0x0000000705400000, 0x0000000705200000| Untracked 
|  10|0x0000000705400000, 0x0000000705600000, 0x0000000705600000|100%| O|  |TAMS 0x0000000705600000, 0x0000000705400000| Untracked 
|  11|0x0000000705600000, 0x0000000705800000, 0x0000000705800000|100%| O|  |TAMS 0x0000000705800000, 0x0000000705600000| Untracked 
|  12|0x0000000705800000, 0x0000000705a00000, 0x0000000705a00000|100%| O|  |TAMS 0x0000000705a00000, 0x0000000705800000| Untracked 
|  13|0x0000000705a00000, 0x0000000705c00000, 0x0000000705c00000|100%| O|  |TAMS 0x0000000705c00000, 0x0000000705a00000| Untracked 
|  14|0x0000000705c00000, 0x0000000705e00000, 0x0000000705e00000|100%| O|  |TAMS 0x0000000705e00000, 0x0000000705c00000| Untracked 
|  15|0x0000000705e00000, 0x0000000706000000, 0x0000000706000000|100%| O|  |TAMS 0x0000000706000000, 0x0000000705e00000| Untracked 
|  16|0x0000000706000000, 0x0000000706000000, 0x0000000706200000|  0%| F|  |TAMS 0x0000000706000000, 0x0000000706000000| Untracked 
|  17|0x0000000706200000, 0x0000000706400000, 0x0000000706400000|100%| O|  |TAMS 0x0000000706400000, 0x0000000706200000| Untracked 
|  18|0x0000000706400000, 0x0000000706600000, 0x0000000706600000|100%| O|  |TAMS 0x0000000706600000, 0x0000000706400000| Untracked 
|  19|0x0000000706600000, 0x0000000706800000, 0x0000000706800000|100%| O|  |TAMS 0x0000000706800000, 0x0000000706600000| Untracked 
|  20|0x0000000706800000, 0x0000000706a00000, 0x0000000706a00000|100%| O|  |TAMS 0x0000000706a00000, 0x0000000706800000| Untracked 
|  21|0x0000000706a00000, 0x0000000706c00000, 0x0000000706c00000|100%| O|  |TAMS 0x0000000706c00000, 0x0000000706a00000| Untracked 
|  22|0x0000000706c00000, 0x0000000706e00000, 0x0000000706e00000|100%| O|  |TAMS 0x0000000706e00000, 0x0000000706c00000| Untracked 
|  23|0x0000000706e00000, 0x0000000707000000, 0x0000000707000000|100%| O|  |TAMS 0x0000000707000000, 0x0000000706e00000| Untracked 
|  24|0x0000000707000000, 0x0000000707200000, 0x0000000707200000|100%| O|  |TAMS 0x0000000707200000, 0x0000000707000000| Complete 
|  25|0x0000000707200000, 0x0000000707200000, 0x0000000707400000|  0%| F|  |TAMS 0x0000000707200000, 0x0000000707200000| Untracked 
|  26|0x0000000707400000, 0x0000000707600000, 0x0000000707600000|100%| O|  |TAMS 0x0000000707600000, 0x0000000707400000| Untracked 
|  27|0x0000000707600000, 0x0000000707800000, 0x0000000707800000|100%| O|  |TAMS 0x0000000707800000, 0x0000000707600000| Untracked 
|  28|0x0000000707800000, 0x0000000707a00000, 0x0000000707a00000|100%| O|  |TAMS 0x0000000707a00000, 0x0000000707800000| Untracked 
|  29|0x0000000707a00000, 0x0000000707c00000, 0x0000000707c00000|100%| O|  |TAMS 0x0000000707c00000, 0x0000000707a00000| Complete 
|  30|0x0000000707c00000, 0x0000000707e00000, 0x0000000707e00000|100%| O|  |TAMS 0x0000000707e00000, 0x0000000707c00000| Complete 
|  31|0x0000000707e00000, 0x0000000708000000, 0x0000000708000000|100%| O|  |TAMS 0x0000000708000000, 0x0000000707e00000| Complete 
|  32|0x0000000708000000, 0x0000000708200000, 0x0000000708200000|100%| O|  |TAMS 0x0000000708200000, 0x0000000708000000| Complete 
|  33|0x0000000708200000, 0x0000000708400000, 0x0000000708400000|100%| O|  |TAMS 0x0000000708400000, 0x0000000708200000| Complete 
|  34|0x0000000708400000, 0x0000000708400000, 0x0000000708600000|  0%| F|  |TAMS 0x0000000708400000, 0x0000000708400000| Untracked 
|  35|0x0000000708600000, 0x0000000708600000, 0x0000000708800000|  0%| F|  |TAMS 0x0000000708600000, 0x0000000708600000| Untracked 
|  36|0x0000000708800000, 0x0000000708a00000, 0x0000000708a00000|100%| O|  |TAMS 0x0000000708a00000, 0x0000000708800000| Complete 
|  37|0x0000000708a00000, 0x0000000708c00000, 0x0000000708c00000|100%| O|  |TAMS 0x0000000708c00000, 0x0000000708a00000| Complete 
|  38|0x0000000708c00000, 0x0000000708c00000, 0x0000000708e00000|  0%| F|  |TAMS 0x0000000708c00000, 0x0000000708c00000| Untracked 
|  39|0x0000000708e00000, 0x0000000708e00000, 0x0000000709000000|  0%| F|  |TAMS 0x0000000708e00000, 0x0000000708e00000| Untracked 
|  40|0x0000000709000000, 0x0000000709000000, 0x0000000709200000|  0%| F|  |TAMS 0x0000000709000000, 0x0000000709000000| Untracked 
|  41|0x0000000709200000, 0x0000000709400000, 0x0000000709400000|100%| O|  |TAMS 0x0000000709400000, 0x0000000709200000| Untracked 
|  42|0x0000000709400000, 0x0000000709600000, 0x0000000709600000|100%| O|  |TAMS 0x0000000709600000, 0x0000000709400000| Complete 
|  43|0x0000000709600000, 0x0000000709800000, 0x0000000709800000|100%| O|  |TAMS 0x0000000709800000, 0x0000000709600000| Complete 
|  44|0x0000000709800000, 0x0000000709a00000, 0x0000000709a00000|100%| O|  |TAMS 0x0000000709a00000, 0x0000000709800000| Complete 
|  45|0x0000000709a00000, 0x0000000709a00000, 0x0000000709c00000|  0%| F|  |TAMS 0x0000000709a00000, 0x0000000709a00000| Untracked 
|  46|0x0000000709c00000, 0x0000000709c00000, 0x0000000709e00000|  0%| F|  |TAMS 0x0000000709c00000, 0x0000000709c00000| Untracked 
|  47|0x0000000709e00000, 0x000000070a000000, 0x000000070a000000|100%| O|  |TAMS 0x000000070a000000, 0x0000000709e00000| Complete 
|  48|0x000000070a000000, 0x000000070a000000, 0x000000070a200000|  0%| F|  |TAMS 0x000000070a000000, 0x000000070a000000| Untracked 
|  49|0x000000070a200000, 0x000000070a200000, 0x000000070a400000|  0%| F|  |TAMS 0x000000070a200000, 0x000000070a200000| Untracked 
|  50|0x000000070a400000, 0x000000070a600000, 0x000000070a600000|100%| O|  |TAMS 0x000000070a600000, 0x000000070a400000| Complete 
|  51|0x000000070a600000, 0x000000070a800000, 0x000000070a800000|100%| O|  |TAMS 0x000000070a74ce00, 0x000000070a600000| Untracked 
|  52|0x000000070a800000, 0x000000070a84dc00, 0x000000070aa00000| 15%| O|  |TAMS 0x000000070a800000, 0x000000070a800000| Untracked 
|  53|0x000000070aa00000, 0x000000070aa00000, 0x000000070ac00000|  0%| F|  |TAMS 0x000000070aa00000, 0x000000070aa00000| Untracked 
|  54|0x000000070ac00000, 0x000000070ac00000, 0x000000070ae00000|  0%| F|  |TAMS 0x000000070ac00000, 0x000000070ac00000| Untracked 
|  55|0x000000070ae00000, 0x000000070ae00000, 0x000000070b000000|  0%| F|  |TAMS 0x000000070ae00000, 0x000000070ae00000| Untracked 
|  56|0x000000070b000000, 0x000000070b000000, 0x000000070b200000|  0%| F|  |TAMS 0x000000070b000000, 0x000000070b000000| Untracked 
|  57|0x000000070b200000, 0x000000070b200000, 0x000000070b400000|  0%| F|  |TAMS 0x000000070b200000, 0x000000070b200000| Untracked 
|  58|0x000000070b400000, 0x000000070b400000, 0x000000070b600000|  0%| F|  |TAMS 0x000000070b400000, 0x000000070b400000| Untracked 
|  59|0x000000070b600000, 0x000000070b600000, 0x000000070b800000|  0%| F|  |TAMS 0x000000070b600000, 0x000000070b600000| Untracked 
|  60|0x000000070b800000, 0x000000070b800000, 0x000000070ba00000|  0%| F|  |TAMS 0x000000070b800000, 0x000000070b800000| Untracked 
|  61|0x000000070ba00000, 0x000000070ba00000, 0x000000070bc00000|  0%| F|  |TAMS 0x000000070ba00000, 0x000000070ba00000| Untracked 
|  62|0x000000070bc00000, 0x000000070bc00000, 0x000000070be00000|  0%| F|  |TAMS 0x000000070bc00000, 0x000000070bc00000| Untracked 
|  63|0x000000070be00000, 0x000000070be00000, 0x000000070c000000|  0%| F|  |TAMS 0x000000070be00000, 0x000000070be00000| Untracked 
|  64|0x000000070c000000, 0x000000070c000000, 0x000000070c200000|  0%| F|  |TAMS 0x000000070c000000, 0x000000070c000000| Untracked 
|  65|0x000000070c200000, 0x000000070c200000, 0x000000070c400000|  0%| F|  |TAMS 0x000000070c200000, 0x000000070c200000| Untracked 
|  66|0x000000070c400000, 0x000000070c400000, 0x000000070c600000|  0%| F|  |TAMS 0x000000070c400000, 0x000000070c400000| Untracked 
|  67|0x000000070c600000, 0x000000070c600000, 0x000000070c800000|  0%| F|  |TAMS 0x000000070c600000, 0x000000070c600000| Untracked 
|  68|0x000000070c800000, 0x000000070c800000, 0x000000070ca00000|  0%| F|  |TAMS 0x000000070c800000, 0x000000070c800000| Untracked 
|  69|0x000000070ca00000, 0x000000070ca00000, 0x000000070cc00000|  0%| F|  |TAMS 0x000000070ca00000, 0x000000070ca00000| Untracked 
|  70|0x000000070cc00000, 0x000000070cc00000, 0x000000070ce00000|  0%| F|  |TAMS 0x000000070cc00000, 0x000000070cc00000| Untracked 
|  71|0x000000070ce00000, 0x000000070ce00000, 0x000000070d000000|  0%| F|  |TAMS 0x000000070ce00000, 0x000000070ce00000| Untracked 
|  72|0x000000070d000000, 0x000000070d000000, 0x000000070d200000|  0%| F|  |TAMS 0x000000070d000000, 0x000000070d000000| Untracked 
|  73|0x000000070d200000, 0x000000070d200000, 0x000000070d400000|  0%| F|  |TAMS 0x000000070d200000, 0x000000070d200000| Untracked 
|  74|0x000000070d400000, 0x000000070d400000, 0x000000070d600000|  0%| F|  |TAMS 0x000000070d400000, 0x000000070d400000| Untracked 
|  75|0x000000070d600000, 0x000000070d600000, 0x000000070d800000|  0%| F|  |TAMS 0x000000070d600000, 0x000000070d600000| Untracked 
|  76|0x000000070d800000, 0x000000070d94d070, 0x000000070da00000| 65%| S|CS|TAMS 0x000000070d800000, 0x000000070d800000| Complete 
|  77|0x000000070da00000, 0x000000070dc00000, 0x000000070dc00000|100%| S|CS|TAMS 0x000000070da00000, 0x000000070da00000| Complete 
|  78|0x000000070dc00000, 0x000000070de00000, 0x000000070de00000|100%| S|CS|TAMS 0x000000070dc00000, 0x000000070dc00000| Complete 
|  79|0x000000070de00000, 0x000000070de00000, 0x000000070e000000|  0%| F|  |TAMS 0x000000070de00000, 0x000000070de00000| Untracked 
|  80|0x000000070e000000, 0x000000070e000000, 0x000000070e200000|  0%| F|  |TAMS 0x000000070e000000, 0x000000070e000000| Untracked 
|  81|0x000000070e200000, 0x000000070e200000, 0x000000070e400000|  0%| F|  |TAMS 0x000000070e200000, 0x000000070e200000| Untracked 
|  82|0x000000070e400000, 0x000000070e400000, 0x000000070e600000|  0%| F|  |TAMS 0x000000070e400000, 0x000000070e400000| Untracked 
|  83|0x000000070e600000, 0x000000070e600000, 0x000000070e800000|  0%| F|  |TAMS 0x000000070e600000, 0x000000070e600000| Untracked 
|  84|0x000000070e800000, 0x000000070e800000, 0x000000070ea00000|  0%| F|  |TAMS 0x000000070e800000, 0x000000070e800000| Untracked 
|  85|0x000000070ea00000, 0x000000070ea00000, 0x000000070ec00000|  0%| F|  |TAMS 0x000000070ea00000, 0x000000070ea00000| Untracked 
|  86|0x000000070ec00000, 0x000000070ec00000, 0x000000070ee00000|  0%| F|  |TAMS 0x000000070ec00000, 0x000000070ec00000| Untracked 
|  87|0x000000070ee00000, 0x000000070ee00000, 0x000000070f000000|  0%| F|  |TAMS 0x000000070ee00000, 0x000000070ee00000| Untracked 
|  88|0x000000070f000000, 0x000000070f000000, 0x000000070f200000|  0%| F|  |TAMS 0x000000070f000000, 0x000000070f000000| Untracked 
|  89|0x000000070f200000, 0x000000070f200000, 0x000000070f400000|  0%| F|  |TAMS 0x000000070f200000, 0x000000070f200000| Untracked 
|  90|0x000000070f400000, 0x000000070f400000, 0x000000070f600000|  0%| F|  |TAMS 0x000000070f400000, 0x000000070f400000| Untracked 
|  91|0x000000070f600000, 0x000000070f600000, 0x000000070f800000|  0%| F|  |TAMS 0x000000070f600000, 0x000000070f600000| Untracked 
|  92|0x000000070f800000, 0x000000070f800000, 0x000000070fa00000|  0%| F|  |TAMS 0x000000070f800000, 0x000000070f800000| Untracked 
|  93|0x000000070fa00000, 0x000000070fa00000, 0x000000070fc00000|  0%| F|  |TAMS 0x000000070fa00000, 0x000000070fa00000| Untracked 
|  94|0x000000070fc00000, 0x000000070fc00000, 0x000000070fe00000|  0%| F|  |TAMS 0x000000070fc00000, 0x000000070fc00000| Untracked 
|  95|0x000000070fe00000, 0x000000070fe00000, 0x0000000710000000|  0%| F|  |TAMS 0x000000070fe00000, 0x000000070fe00000| Untracked 
|  96|0x0000000710000000, 0x0000000710000000, 0x0000000710200000|  0%| F|  |TAMS 0x0000000710000000, 0x0000000710000000| Untracked 
|  97|0x0000000710200000, 0x0000000710200000, 0x0000000710400000|  0%| F|  |TAMS 0x0000000710200000, 0x0000000710200000| Untracked 
|  98|0x0000000710400000, 0x0000000710400000, 0x0000000710600000|  0%| F|  |TAMS 0x0000000710400000, 0x0000000710400000| Untracked 
|  99|0x0000000710600000, 0x0000000710600000, 0x0000000710800000|  0%| F|  |TAMS 0x0000000710600000, 0x0000000710600000| Untracked 
| 100|0x0000000710800000, 0x0000000710800000, 0x0000000710a00000|  0%| F|  |TAMS 0x0000000710800000, 0x0000000710800000| Untracked 
| 101|0x0000000710a00000, 0x0000000710a00000, 0x0000000710c00000|  0%| F|  |TAMS 0x0000000710a00000, 0x0000000710a00000| Untracked 
| 102|0x0000000710c00000, 0x0000000710c00000, 0x0000000710e00000|  0%| F|  |TAMS 0x0000000710c00000, 0x0000000710c00000| Untracked 
| 103|0x0000000710e00000, 0x0000000710e00000, 0x0000000711000000|  0%| F|  |TAMS 0x0000000710e00000, 0x0000000710e00000| Untracked 
| 104|0x0000000711000000, 0x0000000711000000, 0x0000000711200000|  0%| F|  |TAMS 0x0000000711000000, 0x0000000711000000| Untracked 
| 105|0x0000000711200000, 0x0000000711200000, 0x0000000711400000|  0%| F|  |TAMS 0x0000000711200000, 0x0000000711200000| Untracked 
| 106|0x0000000711400000, 0x0000000711400000, 0x0000000711600000|  0%| F|  |TAMS 0x0000000711400000, 0x0000000711400000| Untracked 
| 107|0x0000000711600000, 0x0000000711600000, 0x0000000711800000|  0%| F|  |TAMS 0x0000000711600000, 0x0000000711600000| Untracked 
| 108|0x0000000711800000, 0x0000000711800000, 0x0000000711a00000|  0%| F|  |TAMS 0x0000000711800000, 0x0000000711800000| Untracked 
| 109|0x0000000711a00000, 0x0000000711a00000, 0x0000000711c00000|  0%| F|  |TAMS 0x0000000711a00000, 0x0000000711a00000| Untracked 
| 110|0x0000000711c00000, 0x0000000711c00000, 0x0000000711e00000|  0%| F|  |TAMS 0x0000000711c00000, 0x0000000711c00000| Untracked 
| 125|0x0000000713a00000, 0x0000000713a00000, 0x0000000713c00000|  0%| F|  |TAMS 0x0000000713a00000, 0x0000000713a00000| Untracked 

Card table byte_map: [0x00000145af260000,0x00000145afa40000] _byte_map_base: 0x00000145aba40000

Marking Bits (Prev, Next): (CMBitMap*) 0x00000145a375d9d0, (CMBitMap*) 0x00000145a375d990
 Prev Bits: [0x00000145b4120000, 0x00000145b8020000)
 Next Bits: [0x00000145b0220000, 0x00000145b4120000)

Polling page: 0x00000145a15d0000

Metaspace:

Usage:
  Non-class:     58.28 MB used.
      Class:      9.22 MB used.
       Both:     67.50 MB used.

Virtual space:
  Non-class space:       64.00 MB reserved,      58.56 MB ( 92%) committed,  1 nodes.
      Class space:        1.00 GB reserved,       9.50 MB ( <1%) committed,  1 nodes.
             Both:        1.06 GB reserved,      68.06 MB (  6%) committed. 

Chunk freelists:
   Non-Class:  4.73 MB
       Class:  6.47 MB
        Both:  11.20 MB

MaxMetaspaceSize: unlimited
CompressedClassSpaceSize: 1.00 GB
Initial GC threshold: 21.00 MB
Current GC threshold: 109.94 MB
CDS: on
MetaspaceReclaimPolicy: balanced
 - commit_granule_bytes: 65536.
 - commit_granule_words: 8192.
 - virtual_space_node_default_size: 8388608.
 - enlarge_chunks_in_place: 1.
 - new_chunks_are_fully_committed: 0.
 - uncommit_free_chunks: 1.
 - use_allocation_guard: 0.
 - handle_deallocations: 1.


Internal statistics:

num_allocs_failed_limit: 9.
num_arena_births: 676.
num_arena_deaths: 0.
num_vsnodes_births: 2.
num_vsnodes_deaths: 0.
num_space_committed: 1089.
num_space_uncommitted: 0.
num_chunks_returned_to_freelist: 9.
num_chunks_taken_from_freelist: 3166.
num_chunk_merges: 6.
num_chunk_splits: 2398.
num_chunks_enlarged: 1947.
num_inconsistent_stats: 0.

CodeCache: size=49152Kb used=16499Kb max_used=16499Kb free=32652Kb
 bounds [0x00000145ab200000, 0x00000145ac220000, 0x00000145ae200000]
 total_blobs=7940 nmethods=7263 adapters=598
 compilation: enabled
              stopped_count=0, restarted_count=0
 full_count=0

Compilation events (20 events):
Event: 9.037 Thread 0x00000145bb3a0f40 7255       1       com.fasterxml.jackson.databind.AnnotationIntrospector::findWrapperName (2 bytes)
Event: 9.037 Thread 0x00000145bb3a0f40 nmethod 7255 0x00000145ac21a590 code [0x00000145ac21a720, 0x00000145ac21a7f8]
Event: 9.037 Thread 0x00000145bb3a0f40 7256       1       com.fasterxml.jackson.databind.introspect.AnnotatedMethod::getMember (5 bytes)
Event: 9.038 Thread 0x00000145bb3a1460 7257       1       com.fasterxml.jackson.databind.introspect.POJOPropertyBuilder::fromMemberAnnotations (125 bytes)
Event: 9.038 Thread 0x00000145bb3a0f40 nmethod 7256 0x00000145ac21a890 code [0x00000145ac21aa20, 0x00000145ac21aaf8]
Event: 9.038 Thread 0x00000145bb3a1460 nmethod 7257 0x00000145ac21ab90 code [0x00000145ac21ad80, 0x00000145ac21b0d8]
Event: 9.039 Thread 0x00000145bb5777d0 7258       1       com.alibaba.nacos.shaded.io.grpc.netty.shaded.io.netty.channel.AbstractChannelHandlerContext::skipContext (34 bytes)
Event: 9.039 Thread 0x00000145ba423950 7259       1       com.alibaba.nacos.shaded.io.grpc.netty.shaded.io.netty.util.internal.ReferenceCountUpdater::initialValue (2 bytes)
Event: 9.039 Thread 0x00000145ba423950 nmethod 7259 0x00000145ac21b290 code [0x00000145ac21b420, 0x00000145ac21b4f8]
Event: 9.039 Thread 0x00000145bb5777d0 nmethod 7258 0x00000145ac21b590 code [0x00000145ac21b740, 0x00000145ac21b988]
Event: 9.040 Thread 0x00000145bb581d20 7260       1       com.alibaba.nacos.shaded.io.grpc.netty.shaded.io.netty.buffer.AbstractReferenceCountedByteBuf$1::updater (4 bytes)
Event: 9.040 Thread 0x00000145bb5777d0 7261       1       com.alibaba.nacos.shaded.io.grpc.netty.shaded.io.netty.buffer.AbstractReferenceCountedByteBuf::access$000 (4 bytes)
Event: 9.040 Thread 0x00000145bb581d20 nmethod 7260 0x00000145ac21bb90 code [0x00000145ac21bd20, 0x00000145ac21bdf8]
Event: 9.040 Thread 0x00000145bb5777d0 nmethod 7261 0x00000145ac21be90 code [0x00000145ac21c020, 0x00000145ac21c0d8]
Event: 9.041 Thread 0x00000145bb5777d0 7262       1       com.alibaba.nacos.shaded.io.grpc.netty.shaded.io.netty.channel.nio.AbstractNioChannel::javaChannel (5 bytes)
Event: 9.041 Thread 0x00000145bb5777d0 nmethod 7262 0x00000145ac21c190 code [0x00000145ac21c320, 0x00000145ac21c3f8]
Event: 9.041 Thread 0x00000145bb581d20 7263       1       com.alibaba.nacos.shaded.io.grpc.netty.shaded.io.netty.handler.codec.http2.DefaultHttp2Connection$DefaultStream::getProperty (16 bytes)
Event: 9.041 Thread 0x00000145ba423950 7264       1       com.alibaba.nacos.shaded.io.grpc.netty.shaded.io.netty.handler.codec.http2.DefaultHttp2Connection$DefaultStream$PropertyMap::get (24 bytes)
Event: 9.041 Thread 0x00000145ba423950 nmethod 7264 0x00000145ac21c490 code [0x00000145ac21c620, 0x00000145ac21c758]
Event: 9.042 Thread 0x00000145bb581d20 nmethod 7263 0x00000145ac21c810 code [0x00000145ac21c9e0, 0x00000145ac21ccd8]

GC Heap History (20 events):
Event: 6.668 GC heap after
{Heap after GC invocations=20 (full 0):
 garbage-first heap   total 141312K, used 48342K [0x0000000704000000, 0x0000000800000000)
  region size 2048K, 4 young (8192K), 4 survivors (8192K)
 Metaspace       used 63963K, committed 64384K, reserved 1114112K
  class space    used 8762K, committed 8960K, reserved 1048576K
}
Event: 6.940 GC heap before
{Heap before GC invocations=20 (full 0):
 garbage-first heap   total 141312K, used 105686K [0x0000000704000000, 0x0000000800000000)
  region size 2048K, 32 young (65536K), 4 survivors (8192K)
 Metaspace       used 65650K, committed 66176K, reserved 1114112K
  class space    used 9004K, committed 9216K, reserved 1048576K
}
Event: 6.942 GC heap after
{Heap after GC invocations=21 (full 0):
 garbage-first heap   total 141312K, used 51154K [0x0000000704000000, 0x0000000800000000)
  region size 2048K, 2 young (4096K), 2 survivors (4096K)
 Metaspace       used 65650K, committed 66176K, reserved 1114112K
  class space    used 9004K, committed 9216K, reserved 1048576K
}
Event: 7.096 GC heap before
{Heap before GC invocations=21 (full 0):
 garbage-first heap   total 141312K, used 106450K [0x0000000704000000, 0x0000000800000000)
  region size 2048K, 30 young (61440K), 2 survivors (4096K)
 Metaspace       used 66549K, committed 67008K, reserved 1114112K
  class space    used 9106K, committed 9344K, reserved 1048576K
}
Event: 7.101 GC heap after
{Heap after GC invocations=22 (full 0):
 garbage-first heap   total 141312K, used 61325K [0x0000000704000000, 0x0000000800000000)
  region size 2048K, 4 young (8192K), 4 survivors (8192K)
 Metaspace       used 66549K, committed 67008K, reserved 1114112K
  class space    used 9106K, committed 9344K, reserved 1048576K
}
Event: 7.240 GC heap before
{Heap before GC invocations=22 (full 0):
 garbage-first heap   total 141312K, used 106381K [0x0000000704000000, 0x0000000800000000)
  region size 2048K, 26 young (53248K), 4 survivors (8192K)
 Metaspace       used 66641K, committed 67136K, reserved 1114112K
  class space    used 9119K, committed 9344K, reserved 1048576K
}
Event: 7.244 GC heap after
{Heap after GC invocations=23 (full 0):
 garbage-first heap   total 141312K, used 72281K [0x0000000704000000, 0x0000000800000000)
  region size 2048K, 4 young (8192K), 4 survivors (8192K)
 Metaspace       used 66641K, committed 67136K, reserved 1114112K
  class space    used 9119K, committed 9344K, reserved 1048576K
}
Event: 7.299 GC heap before
{Heap before GC invocations=23 (full 0):
 garbage-first heap   total 141312K, used 103001K [0x0000000704000000, 0x0000000800000000)
  region size 2048K, 20 young (40960K), 4 survivors (8192K)
 Metaspace       used 66641K, committed 67136K, reserved 1114112K
  class space    used 9119K, committed 9344K, reserved 1048576K
}
Event: 7.302 GC heap after
{Heap after GC invocations=24 (full 0):
 garbage-first heap   total 141312K, used 79198K [0x0000000704000000, 0x0000000800000000)
  region size 2048K, 3 young (6144K), 3 survivors (6144K)
 Metaspace       used 66641K, committed 67136K, reserved 1114112K
  class space    used 9119K, committed 9344K, reserved 1048576K
}
Event: 7.372 GC heap before
{Heap before GC invocations=25 (full 0):
 garbage-first heap   total 157696K, used 105822K [0x0000000704000000, 0x0000000800000000)
  region size 2048K, 17 young (34816K), 3 survivors (6144K)
 Metaspace       used 66641K, committed 67136K, reserved 1114112K
  class space    used 9119K, committed 9344K, reserved 1048576K
}
Event: 7.376 GC heap after
{Heap after GC invocations=26 (full 0):
 garbage-first heap   total 157696K, used 89193K [0x0000000704000000, 0x0000000800000000)
  region size 2048K, 3 young (6144K), 3 survivors (6144K)
 Metaspace       used 66641K, committed 67136K, reserved 1114112K
  class space    used 9119K, committed 9344K, reserved 1048576K
}
Event: 7.409 GC heap before
{Heap before GC invocations=26 (full 0):
 garbage-first heap   total 157696K, used 91241K [0x0000000704000000, 0x0000000800000000)
  region size 2048K, 4 young (8192K), 3 survivors (6144K)
 Metaspace       used 66641K, committed 67136K, reserved 1114112K
  class space    used 9119K, committed 9344K, reserved 1048576K
}
Event: 7.411 GC heap after
{Heap after GC invocations=27 (full 0):
 garbage-first heap   total 229376K, used 89073K [0x0000000704000000, 0x0000000800000000)
  region size 2048K, 1 young (2048K), 1 survivors (2048K)
 Metaspace       used 66641K, committed 67136K, reserved 1114112K
  class space    used 9119K, committed 9344K, reserved 1048576K
}
Event: 7.571 GC heap before
{Heap before GC invocations=27 (full 0):
 garbage-first heap   total 229376K, used 160753K [0x0000000704000000, 0x0000000800000000)
  region size 2048K, 37 young (75776K), 1 survivors (2048K)
 Metaspace       used 66641K, committed 67136K, reserved 1114112K
  class space    used 9119K, committed 9344K, reserved 1048576K
}
Event: 7.575 GC heap after
{Heap after GC invocations=28 (full 0):
 garbage-first heap   total 229376K, used 106325K [0x0000000704000000, 0x0000000800000000)
  region size 2048K, 5 young (10240K), 5 survivors (10240K)
 Metaspace       used 66641K, committed 67136K, reserved 1114112K
  class space    used 9119K, committed 9344K, reserved 1048576K
}
Event: 7.720 GC heap before
{Heap before GC invocations=28 (full 0):
 garbage-first heap   total 229376K, used 165717K [0x0000000704000000, 0x0000000800000000)
  region size 2048K, 35 young (71680K), 5 survivors (10240K)
 Metaspace       used 66650K, committed 67136K, reserved 1114112K
  class space    used 9121K, committed 9344K, reserved 1048576K
}
Event: 7.725 GC heap after
{Heap after GC invocations=29 (full 0):
 garbage-first heap   total 229376K, used 114958K [0x0000000704000000, 0x0000000800000000)
  region size 2048K, 5 young (10240K), 5 survivors (10240K)
 Metaspace       used 66650K, committed 67136K, reserved 1114112K
  class space    used 9121K, committed 9344K, reserved 1048576K
}
Event: 8.302 GC heap before
{Heap before GC invocations=29 (full 0):
 garbage-first heap   total 229376K, used 170254K [0x0000000704000000, 0x0000000800000000)
  region size 2048K, 32 young (65536K), 5 survivors (10240K)
 Metaspace       used 66955K, committed 67456K, reserved 1114112K
  class space    used 9163K, committed 9344K, reserved 1048576K
}
Event: 8.304 GC heap after
{Heap after GC invocations=30 (full 0):
 garbage-first heap   total 229376K, used 107568K [0x0000000704000000, 0x0000000800000000)
  region size 2048K, 1 young (2048K), 1 survivors (2048K)
 Metaspace       used 66955K, committed 67456K, reserved 1114112K
  class space    used 9163K, committed 9344K, reserved 1048576K
}
Event: 9.042 GC heap before
{Heap before GC invocations=31 (full 0):
 garbage-first heap   total 229376K, used 150576K [0x0000000704000000, 0x0000000800000000)
  region size 2048K, 33 young (67584K), 1 survivors (2048K)
 Metaspace       used 69118K, committed 69696K, reserved 1114112K
  class space    used 9443K, committed 9728K, reserved 1048576K
}

Dll operation events (13 events):
Event: 0.008 Loaded shared library D:\Program Files\Java\jdk-17\bin\java.dll
Event: 0.019 Loaded shared library D:\Program Files\Java\jdk-17\bin\jsvml.dll
Event: 0.216 Loaded shared library D:\Program Files\Java\jdk-17\bin\zip.dll
Event: 0.219 Loaded shared library D:\Program Files\Java\jdk-17\bin\instrument.dll
Event: 0.224 Loaded shared library D:\Program Files\Java\jdk-17\bin\net.dll
Event: 0.226 Loaded shared library D:\Program Files\Java\jdk-17\bin\nio.dll
Event: 0.246 Loaded shared library D:\Program Files\Java\jdk-17\bin\zip.dll
Event: 0.781 Loaded shared library D:\Program Files\Java\jdk-17\bin\extnet.dll
Event: 0.795 Loaded shared library D:\Program Files\Java\jdk-17\bin\verify.dll
Event: 0.800 Loaded shared library D:\Program Files\Java\jdk-17\bin\jimage.dll
Event: 2.431 Loaded shared library D:\Program Files\Java\jdk-17\bin\management.dll
Event: 2.433 Loaded shared library D:\Program Files\Java\jdk-17\bin\management_ext.dll
Event: 2.600 Loaded shared library D:\Program Files\Java\jdk-17\bin\sunmscapi.dll

Deoptimization events (10 events):
Event: 4.826 Thread 0x00000145a36f14a0 DEOPT PACKING pc=0x00000145abcf928a sp=0x0000000a8bafa3c0
Event: 4.826 Thread 0x00000145a36f14a0 DEOPT UNPACKING pc=0x00000145ab257143 sp=0x0000000a8baf9958 mode 0
Event: 5.940 Thread 0x00000145a36f14a0 DEOPT PACKING pc=0x00000145ab97dc52 sp=0x0000000a8bafc120
Event: 5.940 Thread 0x00000145a36f14a0 DEOPT UNPACKING pc=0x00000145ab257143 sp=0x0000000a8bafb628 mode 3
Event: 8.412 Thread 0x00000145a36f14a0 DEOPT PACKING pc=0x00000145abd063b6 sp=0x0000000a8bafcf00
Event: 8.412 Thread 0x00000145a36f14a0 DEOPT UNPACKING pc=0x00000145ab257143 sp=0x0000000a8bafc520 mode 0
Event: 8.412 Thread 0x00000145a36f14a0 DEOPT PACKING pc=0x00000145abd0474c sp=0x0000000a8bafd130
Event: 8.412 Thread 0x00000145a36f14a0 DEOPT UNPACKING pc=0x00000145ab257143 sp=0x0000000a8bafc750 mode 0
Event: 8.412 Thread 0x00000145a36f14a0 DEOPT PACKING pc=0x00000145abd2feac sp=0x0000000a8bafd4e0
Event: 8.412 Thread 0x00000145a36f14a0 DEOPT UNPACKING pc=0x00000145ab257143 sp=0x0000000a8bafca68 mode 0

Classes loaded (20 events):
Event: 7.006 Loading class sun/nio/fs/WindowsFileSystemProvider$1
Event: 7.006 Loading class sun/nio/fs/WindowsFileSystemProvider$1 done
Event: 7.890 Loading class jdk/internal/reflect/UnsafeIntegerFieldAccessorImpl
Event: 7.890 Loading class jdk/internal/reflect/UnsafeIntegerFieldAccessorImpl done
Event: 8.110 Loading class jdk/internal/reflect/UnsafeBooleanFieldAccessorImpl
Event: 8.110 Loading class jdk/internal/reflect/UnsafeBooleanFieldAccessorImpl done
Event: 8.708 Loading class java/util/concurrent/ConcurrentHashMap$ValueSpliterator
Event: 8.708 Loading class java/util/concurrent/ConcurrentHashMap$ValueSpliterator done
Event: 8.748 Loading class sun/nio/ch/ServerSocketAdaptor
Event: 8.749 Loading class sun/nio/ch/ServerSocketAdaptor done
Event: 8.749 Loading class java/net/Inet4AddressImpl
Event: 8.749 Loading class java/net/Inet4AddressImpl done
Event: 8.753 Loading class java/lang/IllegalThreadStateException
Event: 8.753 Loading class java/lang/IllegalThreadStateException done
Event: 8.761 Loading class java/util/TreeMap$ValueSpliterator
Event: 8.761 Loading class java/util/TreeMap$TreeMapSpliterator
Event: 8.761 Loading class java/util/TreeMap$TreeMapSpliterator done
Event: 8.761 Loading class java/util/TreeMap$ValueSpliterator done
Event: 8.902 Loading class java/util/TimerTask
Event: 8.903 Loading class java/util/TimerTask done

Classes unloaded (0 events):
No events

Classes redefined (0 events):
No events

Internal exceptions (20 events):
Event: 7.703 Thread 0x000001458438f940 Exception <a 'sun/nio/fs/WindowsException'{0x000000070ea6af20}> (0x000000070ea6af20) 
thrown [s\src\hotspot\share\prims\jni.cpp, line 516]
Event: 7.703 Thread 0x000001458438c190 Exception <a 'sun/nio/fs/WindowsException'{0x000000070f186e98}> (0x000000070f186e98) 
thrown [s\src\hotspot\share\prims\jni.cpp, line 516]
Event: 7.703 Thread 0x000001458438a330 Exception <a 'sun/nio/fs/WindowsException'{0x000000070eb1bcc0}> (0x000000070eb1bcc0) 
thrown [s\src\hotspot\share\prims\jni.cpp, line 516]
Event: 7.703 Thread 0x000001458438f940 Exception <a 'sun/nio/fs/WindowsException'{0x000000070ea6b510}> (0x000000070ea6b510) 
thrown [s\src\hotspot\share\prims\jni.cpp, line 516]
Event: 7.703 Thread 0x000001458438c190 Exception <a 'sun/nio/fs/WindowsException'{0x000000070f187a90}> (0x000000070f187a90) 
thrown [s\src\hotspot\share\prims\jni.cpp, line 516]
Event: 7.703 Thread 0x000001458438a330 Exception <a 'sun/nio/fs/WindowsException'{0x000000070eb1c268}> (0x000000070eb1c268) 
thrown [s\src\hotspot\share\prims\jni.cpp, line 516]
Event: 7.703 Thread 0x000001458438f940 Exception <a 'sun/nio/fs/WindowsException'{0x000000070ea6c128}> (0x000000070ea6c128) 
thrown [s\src\hotspot\share\prims\jni.cpp, line 516]
Event: 7.703 Thread 0x000001458438c190 Exception <a 'sun/nio/fs/WindowsException'{0x000000070f188088}> (0x000000070f188088) 
thrown [s\src\hotspot\share\prims\jni.cpp, line 516]
Event: 7.703 Thread 0x000001458438a330 Exception <a 'sun/nio/fs/WindowsException'{0x000000070eb1ce48}> (0x000000070eb1ce48) 
thrown [s\src\hotspot\share\prims\jni.cpp, line 516]
Event: 7.704 Thread 0x000001458438f940 Exception <a 'sun/nio/fs/WindowsException'{0x000000070ea6c740}> (0x000000070ea6c740) 
thrown [s\src\hotspot\share\prims\jni.cpp, line 516]
Event: 7.704 Thread 0x000001458438a330 Exception <a 'sun/nio/fs/WindowsException'{0x000000070eb1d428}> (0x000000070eb1d428) 
thrown [s\src\hotspot\share\prims\jni.cpp, line 516]
Event: 7.704 Thread 0x000001458438c190 Exception <a 'sun/nio/fs/WindowsException'{0x000000070f188c78}> (0x000000070f188c78) 
thrown [s\src\hotspot\share\prims\jni.cpp, line 516]
Event: 7.704 Thread 0x000001458438f940 Exception <a 'sun/nio/fs/WindowsException'{0x000000070ea6d340}> (0x000000070ea6d340) 
thrown [s\src\hotspot\share\prims\jni.cpp, line 516]
Event: 7.704 Thread 0x000001458438c190 Exception <a 'sun/nio/fs/WindowsException'{0x000000070f189268}> (0x000000070f189268) 
thrown [s\src\hotspot\share\prims\jni.cpp, line 516]
Event: 7.704 Thread 0x000001458438a330 Exception <a 'sun/nio/fs/WindowsException'{0x000000070eb1e028}> (0x000000070eb1e028) 
thrown [s\src\hotspot\share\prims\jni.cpp, line 516]
Event: 7.704 Thread 0x000001458438f940 Exception <a 'sun/nio/fs/WindowsException'{0x000000070ea6d950}> (0x000000070ea6d950) 
thrown [s\src\hotspot\share\prims\jni.cpp, line 516]
Event: 7.704 Thread 0x000001458438a330 Exception <a 'sun/nio/fs/WindowsException'{0x000000070eb1e638}> (0x000000070eb1e638) 
thrown [s\src\hotspot\share\prims\jni.cpp, line 516]
Event: 7.704 Thread 0x000001458438a330 Exception <a 'sun/nio/fs/WindowsException'{0x000000070eb1f230}> (0x000000070eb1f230) 
thrown [s\src\hotspot\share\prims\jni.cpp, line 516]
Event: 7.705 Thread 0x000001458438a330 Exception <a 'sun/nio/fs/WindowsException'{0x000000070eb1f838}> (0x000000070eb1f838) 
thrown [s\src\hotspot\share\prims\jni.cpp, line 516]
Event: 7.837 Thread 0x00000145a36f14a0 Exception <a 'java/lang/NoSuchMethodError'{0x000000070fcb3da8}: 'int java.lang.invoke.DirectMethodHandle$Holder.invokeStaticInit(java.lang.Object, java.lang.Object, java.lang.Object, java.lang.Object)'> (0x000000070fcb3da8) 
thrown [s\src\hotspot\share\interpreter\linkResolver.cpp, line 759]

VM Operations (20 events):
Event: 7.331 Executing VM operation: G1PauseRemark done
Event: 7.343 Executing VM operation: G1PauseCleanup
Event: 7.343 Executing VM operation: G1PauseCleanup done
Event: 7.371 Executing VM operation: G1CollectForAllocation
Event: 7.376 Executing VM operation: G1CollectForAllocation done
Event: 7.409 Executing VM operation: G1CollectForAllocation
Event: 7.411 Executing VM operation: G1CollectForAllocation done
Event: 7.570 Executing VM operation: G1CollectForAllocation
Event: 7.575 Executing VM operation: G1CollectForAllocation done
Event: 7.720 Executing VM operation: G1CollectForAllocation
Event: 7.725 Executing VM operation: G1CollectForAllocation done
Event: 8.302 Executing VM operation: G1CollectForAllocation
Event: 8.304 Executing VM operation: G1CollectForAllocation done
Event: 8.318 Executing VM operation: G1PauseRemark
Event: 8.322 Executing VM operation: G1PauseRemark done
Event: 8.329 Executing VM operation: G1PauseCleanup
Event: 8.329 Executing VM operation: G1PauseCleanup done
Event: 8.412 Executing VM operation: HandshakeAllThreads
Event: 8.412 Executing VM operation: HandshakeAllThreads done
Event: 9.042 Executing VM operation: G1CollectForAllocation

Memory protections (0 events):
No events

Nmethod flushes (0 events):
No events

Events (20 events):
Event: 8.755 Thread 0x00000145a36f14a0 Thread added: 0x000001458409cc20
Event: 8.755 Thread 0x00000145a36f14a0 Thread added: 0x000001458409db50
Event: 8.755 Thread 0x00000145a36f14a0 Thread added: 0x000001458409d640
Event: 8.755 Thread 0x00000145a36f14a0 Thread added: 0x000001458409ea80
Event: 8.759 Thread 0x00000145a36f14a0 Thread added: 0x000001458438b770
Event: 8.760 Thread 0x00000145a36f14a0 Thread added: 0x000001458438ad50
Event: 8.900 Thread 0x00000145a36f14a0 Thread added: 0x00000145843889e0
Event: 8.902 Thread 0x00000145a36f14a0 Thread added: 0x000001458438a330
Event: 8.908 Thread 0x00000145a36f14a0 Thread added: 0x000001458438c190
Event: 8.914 Thread 0x00000145a36f14a0 Thread added: 0x000001458438bc80
Event: 8.915 Thread 0x00000145a36f14a0 Thread added: 0x0000014584388ef0
Event: 8.915 Thread 0x00000145a36f14a0 Thread added: 0x000001458438c6a0
Event: 8.916 Thread 0x00000145a36f14a0 Thread added: 0x000001458438cbb0
Event: 8.917 Thread 0x00000145fd9e4c50 Thread added: 0x0000014584389400
Event: 8.918 Thread 0x0000014584389400 Thread added: 0x000001458438d0c0
Event: 8.918 Thread 0x00000145fd9e4c50 Thread added: 0x0000014584389910
Event: 8.921 Thread 0x0000014584389910 Thread added: 0x000001458438d5d0
Event: 8.925 Thread 0x0000014584389910 Thread added: 0x000001458438a840
Event: 8.926 Thread 0x0000014584389910 Thread added: 0x0000014584389e20
Event: 9.041 Thread 0x0000014584389910 Thread added: 0x000001458438fe50


Dynamic libraries:
0x00007ff623d50000 - 0x00007ff623d5e000 	D:\Program Files\Java\jdk-17\bin\java.exe
0x00007ffd8eb20000 - 0x00007ffd8ed87000 	C:\WINDOWS\SYSTEM32\ntdll.dll
0x00007ffd8ccf0000 - 0x00007ffd8cdb9000 	C:\WINDOWS\System32\KERNEL32.DLL
0x00007ffd8c280000 - 0x00007ffd8c674000 	C:\WINDOWS\System32\KERNELBASE.dll
0x00007ffd8c680000 - 0x00007ffd8c7cb000 	C:\WINDOWS\System32\ucrtbase.dll
0x00007ffd68e30000 - 0x00007ffd68e4d000 	D:\Program Files\Java\jdk-17\bin\VCRUNTIME140.dll
0x00007ffd6ba10000 - 0x00007ffd6ba27000 	D:\Program Files\Java\jdk-17\bin\jli.dll
0x00007ffd8ca50000 - 0x00007ffd8cc15000 	C:\WINDOWS\System32\USER32.dll
0x00007ffd8c7d0000 - 0x00007ffd8c7f7000 	C:\WINDOWS\System32\win32u.dll
0x00007ffd8ca20000 - 0x00007ffd8ca4b000 	C:\WINDOWS\System32\GDI32.dll
0x00007ffd8bf20000 - 0x00007ffd8c04b000 	C:\WINDOWS\System32\gdi32full.dll
0x00007ffd8c800000 - 0x00007ffd8c8a3000 	C:\WINDOWS\System32\msvcp_win.dll
0x00007ffd707a0000 - 0x00007ffd70a33000 	C:\WINDOWS\WinSxS\amd64_microsoft.windows.common-controls_6595b64144ccf1df_6.0.26100.8115_none_3e075c82e3354f9c\COMCTL32.dll
0x00007ffd8d980000 - 0x00007ffd8da29000 	C:\WINDOWS\System32\msvcrt.dll
0x00007ffd8dec0000 - 0x00007ffd8def2000 	C:\WINDOWS\System32\IMM32.DLL
0x00007ffd76f30000 - 0x00007ffd76f3c000 	D:\Program Files\Java\jdk-17\bin\vcruntime140_1.dll
0x00007ffd561a0000 - 0x00007ffd5622d000 	D:\Program Files\Java\jdk-17\bin\msvcp140.dll
0x00007ffc5e860000 - 0x00007ffc5f4d2000 	D:\Program Files\Java\jdk-17\bin\server\jvm.dll
0x00007ffd8ea20000 - 0x00007ffd8ead6000 	C:\WINDOWS\System32\ADVAPI32.dll
0x00007ffd8e580000 - 0x00007ffd8e627000 	C:\WINDOWS\System32\sechost.dll
0x00007ffd8df00000 - 0x00007ffd8e018000 	C:\WINDOWS\System32\RPCRT4.dll
0x00007ffd8c990000 - 0x00007ffd8ca10000 	C:\WINDOWS\System32\WS2_32.dll
0x00007ffd8ade0000 - 0x00007ffd8ae3e000 	C:\WINDOWS\SYSTEM32\POWRPROF.dll
0x00007ffd801b0000 - 0x00007ffd801e6000 	C:\WINDOWS\SYSTEM32\WINMM.dll
0x00007ffd82410000 - 0x00007ffd8241b000 	C:\WINDOWS\SYSTEM32\VERSION.dll
0x00007ffd8acc0000 - 0x00007ffd8acd4000 	C:\WINDOWS\SYSTEM32\UMPDC.dll
0x00007ffd8a180000 - 0x00007ffd8a19b000 	C:\WINDOWS\SYSTEM32\kernel.appcore.dll
0x00007ffd68fd0000 - 0x00007ffd68fda000 	D:\Program Files\Java\jdk-17\bin\jimage.dll
0x00007ffd88ff0000 - 0x00007ffd89232000 	C:\WINDOWS\SYSTEM32\DBGHELP.DLL
0x00007ffd8e630000 - 0x00007ffd8e9b2000 	C:\WINDOWS\System32\combase.dll
0x00007ffd8cdc0000 - 0x00007ffd8ce98000 	C:\WINDOWS\System32\OLEAUT32.dll
0x00007ffd68ec0000 - 0x00007ffd68efb000 	C:\WINDOWS\SYSTEM32\dbgcore.DLL
0x00007ffd8bc60000 - 0x00007ffd8bd05000 	C:\WINDOWS\System32\bcryptPrimitives.dll
0x00007ffd68e20000 - 0x00007ffd68e2e000 	D:\Program Files\Java\jdk-17\bin\instrument.dll
0x00007ffd650b0000 - 0x00007ffd650d5000 	D:\Program Files\Java\jdk-17\bin\java.dll
0x00007ffd40b80000 - 0x00007ffd40c57000 	D:\Program Files\Java\jdk-17\bin\jsvml.dll
0x00007ffd8d210000 - 0x00007ffd8d977000 	C:\WINDOWS\System32\SHELL32.dll
0x00007ffd8c110000 - 0x00007ffd8c27a000 	C:\WINDOWS\System32\wintypes.dll
0x00007ffd8b3f0000 - 0x00007ffd8bc58000 	C:\WINDOWS\System32\windows.storage.dll
0x00007ffd8e330000 - 0x00007ffd8e428000 	C:\WINDOWS\System32\SHCORE.dll
0x00007ffd8d1a0000 - 0x00007ffd8d206000 	C:\WINDOWS\System32\shlwapi.dll
0x00007ffd8b310000 - 0x00007ffd8b339000 	C:\WINDOWS\SYSTEM32\profapi.dll
0x00007ffd58390000 - 0x00007ffd583a8000 	D:\Program Files\Java\jdk-17\bin\zip.dll
0x00007ffd68b10000 - 0x00007ffd68b2a000 	D:\Program Files\Java\jdk-17\bin\net.dll
0x00007ffd84080000 - 0x00007ffd841ad000 	C:\WINDOWS\SYSTEM32\WINHTTP.dll
0x00007ffd8a6f0000 - 0x00007ffd8a75c000 	C:\WINDOWS\system32\mswsock.dll
0x00007ffd67550000 - 0x00007ffd67566000 	D:\Program Files\Java\jdk-17\bin\nio.dll
0x00007ffd68ae0000 - 0x00007ffd68ae9000 	D:\Program Files\Java\jdk-17\bin\extnet.dll
0x00007ffd6ba30000 - 0x00007ffd6ba40000 	D:\Program Files\Java\jdk-17\bin\verify.dll
0x00007ffd89c80000 - 0x00007ffd89cb2000 	C:\WINDOWS\SYSTEM32\IPHLPAPI.DLL
0x00007ffd8e210000 - 0x00007ffd8e21a000 	C:\WINDOWS\System32\NSI.dll
0x00007ffd84b00000 - 0x00007ffd84b1d000 	C:\WINDOWS\SYSTEM32\dhcpcsvc6.DLL
0x00007ffd84ad0000 - 0x00007ffd84af5000 	C:\WINDOWS\SYSTEM32\dhcpcsvc.DLL
0x00007ffd89cc0000 - 0x00007ffd89df2000 	C:\WINDOWS\SYSTEM32\DNSAPI.dll
0x00007ffd8a9d0000 - 0x00007ffd8a9eb000 	C:\WINDOWS\SYSTEM32\CRYPTSP.dll
0x00007ffd8a0e0000 - 0x00007ffd8a119000 	C:\WINDOWS\system32\rsaenh.dll
0x00007ffd8a7a0000 - 0x00007ffd8a7d3000 	C:\WINDOWS\SYSTEM32\USERENV.dll
0x00007ffd8b2e0000 - 0x00007ffd8b30a000 	C:\WINDOWS\SYSTEM32\bcrypt.dll
0x00007ffd8a9f0000 - 0x00007ffd8a9fc000 	C:\WINDOWS\SYSTEM32\CRYPTBASE.dll
0x00007ffd65170000 - 0x00007ffd6517a000 	D:\Program Files\Java\jdk-17\bin\management.dll
0x00007ffd650a0000 - 0x00007ffd650ab000 	D:\Program Files\Java\jdk-17\bin\management_ext.dll
0x00007ffd8e220000 - 0x00007ffd8e228000 	C:\WINDOWS\System32\PSAPI.DLL
0x00007ffd67e50000 - 0x00007ffd67e5e000 	D:\Program Files\Java\jdk-17\bin\sunmscapi.dll
0x00007ffd8bd10000 - 0x00007ffd8be87000 	C:\WINDOWS\System32\CRYPT32.dll
0x00007ffd8ac80000 - 0x00007ffd8acb0000 	C:\WINDOWS\SYSTEM32\ncrypt.dll
0x00007ffd8ac30000 - 0x00007ffd8ac6f000 	C:\WINDOWS\SYSTEM32\NTASN1.dll
0x00007ffd5b470000 - 0x00007ffd5b478000 	C:\WINDOWS\system32\wshunix.dll
0x00007ffd5efe0000 - 0x00007ffd5eff8000 	C:\WINDOWS\system32\napinsp.dll
0x00007ffd5e1f0000 - 0x00007ffd5e203000 	C:\WINDOWS\System32\winrnr.dll
0x00007ffd5e1c0000 - 0x00007ffd5e1e2000 	C:\WINDOWS\system32\nlansp_c.dll
0x00007ffd84860000 - 0x00007ffd84876000 	C:\WINDOWS\system32\wshbth.dll
0x00007ffd830a0000 - 0x00007ffd830ab000 	C:\Windows\System32\rasadhlp.dll
0x00007ffd84e30000 - 0x00007ffd84eb6000 	C:\WINDOWS\System32\fwpuclnt.dll

dbghelp: loaded successfully - version: 4.0.5 - missing functions: none
symbol engine: initialized successfully - sym options: 0x614 - pdb path: .;D:\Program Files\Java\jdk-17\bin;C:\WINDOWS\SYSTEM32;C:\WINDOWS\WinSxS\amd64_microsoft.windows.common-controls_6595b64144ccf1df_6.0.26100.8115_none_3e075c82e3354f9c;D:\Program Files\Java\jdk-17\bin\server

VM Arguments:
jvm_args: -XX:TieredStopAtLevel=1 -Dspring.output.ansi.enabled=always -javaagent:D:\IntelliJ IDEA 2026.1\lib\idea_rt.jar=53969 -Dfile.encoding=UTF-8 
java_command: com.atguigu.daijia.WebDriverApplication
java_class_path (initial): D:\桌面\毕设\硅谷代驾\代码\daijia-parent\web\web-driver\target\classes;D:\IdeaProjects\apache-maven-3.6.1\mvn_repo\com\tencentcloudapi\tencentcloud-sdk-java-ocr\3.1.829\tencentcloud-sdk-java-ocr-3.1.829.jar;D:\IdeaProjects\apache-maven-3.6.1\mvn_repo\com\tencentcloudapi\tencentcloud-sdk-java-common\3.1.829\tencentcloud-sdk-java-common-3.1.829.jar;D:\IdeaProjects\apache-maven-3.6.1\mvn_repo\commons-logging\commons-logging\1.2\commons-logging-1.2.jar;D:\IdeaProjects\apache-maven-3.6.1\mvn_repo\com\google\code\gson\gson\2.9.1\gson-2.9.1.jar;D:\IdeaProjects\apache-maven-3.6.1\mvn_repo\javax\xml\bind\jaxb-api\2.3.0\jaxb-api-2.3.0.jar;D:\IdeaProjects\apache-maven-3.6.1\mvn_repo\com\squareup\okhttp3\logging-interceptor\4.10.0\logging-interceptor-4.10.0.jar;D:\IdeaProjects\apache-maven-3.6.1\mvn_repo\org\jetbrains\kotlin\kotlin-stdlib-jdk8\1.7.22\kotlin-stdlib-jdk8-1.7.22.jar;D:\IdeaProjects\apache-maven-3.6.1\mvn_repo\org\jetbrains\kotlin\kotlin-stdlib-jdk7\1.7.22\kotlin-stdlib-jdk7-1.7.22.jar;D:\IdeaProjects\apache-maven-3.6.1\mvn_repo\org\ini4j\ini4j\0.5.4\ini4j-0.5.4.jar;D:\IdeaProjects\apache-maven-3.6.1\mvn_repo\com\qcloud\cos_api\5.6.155\cos_api-5.6.155.jar;D:\IdeaProjects\apache-maven-3.6.1\mvn_repo\org\apache\httpcomponents\httpclient\4.5.14\httpclient-4.5.14.jar;D:\IdeaProjects\apache-maven-3.6.1\mvn_repo\org\apache\httpcomponents\httpcore\4.4.16\httpcore-4.4.16.jar;D:\IdeaProjects\apache-maven-3.6.1\mvn_repo\org\slf4j\slf4j-api\2.0.7\slf4j-api-2.0.7.jar;D:\IdeaProjects\apache-maven-3.6.1\mvn_repo\commons-codec\commons-codec\1.15\commons-codec-1.15.jar;D:\IdeaProjects\apache-maven-3.6.1\mvn_repo\joda-time\joda-time\2.10.1\joda-time-2.10.1.jar;D:\IdeaProjects\apache-maven-3.6.1\mvn_repo\com\fasterxml\jackson\core\jackson-databind\2.14.2\jackson-databind-2.14.2.jar;D:\IdeaProjects\apache-maven-3.6.1\mvn_repo\com\tencentcloudapi\tencentcloud-sdk-java-kms\3.1.213\tencentcloud-sdk-java-kms-3.1.213.jar;D:\IdeaProjects\apache-maven-3.6.1\mvn_
Launcher Type: SUN_STANDARD

[Global flags]
     intx CICompilerCount                          = 12                                        {product} {ergonomic}
     uint ConcGCThreads                            = 4                                         {product} {ergonomic}
     uint G1ConcRefinementThreads                  = 15                                        {product} {ergonomic}
   size_t G1HeapRegionSize                         = 2097152                                   {product} {ergonomic}
    uintx GCDrainStackTargetSize                   = 64                                        {product} {ergonomic}
   size_t InitialHeapSize                          = 264241152                                 {product} {ergonomic}
   size_t MarkStackSize                            = 4194304                                   {product} {ergonomic}
   size_t MaxHeapSize                              = 4227858432                                {product} {ergonomic}
   size_t MaxNewSize                               = 2535456768                                {product} {ergonomic}
   size_t MinHeapDeltaBytes                        = 2097152                                   {product} {ergonomic}
   size_t MinHeapSize                              = 8388608                                   {product} {ergonomic}
    uintx NonProfiledCodeHeapSize                  = 0                                      {pd product} {ergonomic}
     bool ProfileInterpreter                       = false                                  {pd product} {command line}
    uintx ProfiledCodeHeapSize                     = 0                                      {pd product} {ergonomic}
   size_t SoftMaxHeapSize                          = 4227858432                             {manageable} {ergonomic}
     intx TieredStopAtLevel                        = 1                                         {product} {command line}
     bool UseCompressedClassPointers               = true                           {product lp64_product} {ergonomic}
     bool UseCompressedOops                        = true                           {product lp64_product} {ergonomic}
     bool UseG1GC                                  = true                                      {product} {ergonomic}
     bool UseLargePagesIndividualAllocation        = false                                  {pd product} {ergonomic}

Logging:
Log output configuration:
 #0: stdout all=warning uptime,level,tags
 #1: stderr all=off uptime,level,tags

Environment Variables:
JAVA_HOME=D:\Program Files\Java\jdk-11
PATH=D:\Python\Python313\Scripts\;D:\Python\Python313\;C:\Program Files (x86)\Razer Chroma SDK\bin;C:\Program Files\Razer Chroma SDK\bin;D:\Program Files (x86)\VMware\VMware Workstation\bin\;D:\Program Files\Java\jdk-11\bin;C:\Program Files (x86)\Common Files\Oracle\Java\javapath;C:\Windows\system32;C:\Windows;C:\Windows\System32\Wbem;C:\Windows\System32\WindowsPowerShell\v1.0\;C:\Windows\System32\OpenSSH\;C:\Program Files (x86)\NVIDIA Corporation\PhysX\Common;C:\Program Files\NVIDIA Corporation\NVIDIA NvDLISR;C:\WINDOWS\system32;C:\WINDOWS;C:\WINDOWS\System32\Wbem;C:\WINDOWS\System32\WindowsPowerShell\v1.0\;C:\WINDOWS\System32\OpenSSH\;C:\Program Files (x86)\Microsoft SQL Server\160\Tools\Binn\;C:\Program Files\Microsoft SQL Server\160\Tools\Binn\;C:\Program Files\Microsoft SQL Server\Client SDK\ODBC\170\Tools\Binn\;C:\Program Files\Microsoft SQL Server\160\DTS\Binn\;C:\Program Files (x86)\Microsoft SQL Server\160\DTS\Binn\;C:\Program Files\Azure Data Studio\bin;d:\altera\91sp2\quartus\bin;D:\IdeaProjects\apache-maven-3.6.1\bin;D:\Program Files\Git\cmd;D:\Program Files (x86)\Tencent\微信web开发者工具\dll;C:\WINDOWS\system32\config\systemprofile\AppData\Local\Microsoft\WindowsApps;C:\Program Files (x86)\Razer\ChromaBroadcast\bin;C:\Program Files\Razer\ChromaBroadcast\bin;C:\Users\Lenovo\AppData\Local\Microsoft\WindowsApps;D:\VS\Microsoft VS Code\bin;D:\LenovoSoftstore\Install\QQliuxidating\QQGameTempest\Hall.58012\;C:\Program Files\JetBrains\IntelliJ IDEA 2021.2.2\bin;D:\Program Files\cpolar\;C:\Program Files\dotnet\;C:\WINDOWS\system32;C:\WINDOWS;C:\WINDOWS\System32\Wbem;C:\WINDOWS\System32\WindowsPowerShell\v1.0\;C:\WINDOWS\System32\OpenSSH\;D:\Anaconda;D:\Anaconda\Scripts;D:\Anaconda\Library\bin;D:\nvm;D:\nvm4w\nodejs;%ERLANG_HOME%\bin;C:\Users\Lenovo\AppData\Local\Microsoft\WindowsApps;D:\VS\Microsoft VS Code\bin;C:\Program Files\Azure Data Studio\bin;D:\LenovoSoftstore\Install\QQliuxidating\QQGameTempest\Hall.58012\;D:\IntelliJ IDEA 2026.1\bin;D:\Program Files\cpolar\;C:\Users\Lenovo\AppData\Roaming\npm;D:\Pycharm\PyCharm 2025.3.3\bin;D:\cursor\resources\app\bin;D:\nvm;D:\nvm4w\nodejs
USERNAME=Lenovo
OS=Windows_NT
PROCESSOR_IDENTIFIER=Intel64 Family 6 Model 154 Stepping 3, GenuineIntel
TMP=D:\cache\temp
TEMP=D:\cache\temp



Periodic native trim disabled


---------------  S Y S T E M  ---------------

OS:
 Windows 11 , 64 bit Build 26100 (10.0.26100.8246)
OS uptime: 2 days 10:27 hours
Hyper-V role detected

CPU: total 20 (initial active 20) (10 cores per cpu, 2 threads per core) family 6 model 154 stepping 3 microcode 0x416, cx8, cmov, fxsr, ht, mmx, 3dnowpref, sse, sse2, sse3, ssse3, sse4.1, sse4.2, popcnt, lzcnt, tsc, tscinvbit, avx, avx2, aes, erms, clmul, bmi1, bmi2, adx, sha, fma, vzeroupper, clflush, clflushopt, clwb, hv
Processor Information for processor 0
  Max Mhz: 2300, Current Mhz: 2300, Mhz Limit: 2300
Processor Information for processor 1
  Max Mhz: 2300, Current Mhz: 2300, Mhz Limit: 2300
Processor Information for processor 2
  Max Mhz: 2300, Current Mhz: 2300, Mhz Limit: 2300
Processor Information for processor 3
  Max Mhz: 2300, Current Mhz: 2300, Mhz Limit: 2300
Processor Information for processor 4
  Max Mhz: 2300, Current Mhz: 2300, Mhz Limit: 2300
Processor Information for processor 5
  Max Mhz: 2300, Current Mhz: 2300, Mhz Limit: 2300
Processor Information for processor 6
  Max Mhz: 2300, Current Mhz: 2300, Mhz Limit: 2300
Processor Information for processor 7
  Max Mhz: 2300, Current Mhz: 2300, Mhz Limit: 2300
Processor Information for processor 8
  Max Mhz: 2300, Current Mhz: 2300, Mhz Limit: 2300
Processor Information for processor 9
  Max Mhz: 2300, Current Mhz: 2300, Mhz Limit: 2300
Processor Information for processor 10
  Max Mhz: 2300, Current Mhz: 2300, Mhz Limit: 2300
Processor Information for processor 11
  Max Mhz: 2300, Current Mhz: 2300, Mhz Limit: 2300
Processor Information for processor 12
  Max Mhz: 2300, Current Mhz: 1700, Mhz Limit: 1679
Processor Information for processor 13
  Max Mhz: 2300, Current Mhz: 1700, Mhz Limit: 1679
Processor Information for processor 14
  Max Mhz: 2300, Current Mhz: 1700, Mhz Limit: 1679
Processor Information for processor 15
  Max Mhz: 2300, Current Mhz: 1700, Mhz Limit: 1679
Processor Information for processor 16
  Max Mhz: 2300, Current Mhz: 1700, Mhz Limit: 1679
Processor Information for processor 17
  Max Mhz: 2300, Current Mhz: 1700, Mhz Limit: 1679
Processor Information for processor 18
  Max Mhz: 2300, Current Mhz: 1700, Mhz Limit: 1679
Processor Information for processor 19
  Max Mhz: 2300, Current Mhz: 1700, Mhz Limit: 1679

Memory: 4k page, system-wide physical 16124M (867M free)
TotalPageFile size 48892M (AvailPageFile size 14M)
current process WorkingSet (physical memory assigned to process): 480M, peak: 480M
current process commit charge ("private bytes"): 544M, peak: 572M

vm_info: OpenJDK 64-Bit Server VM (17.0.14+7-LTS) for windows-amd64 JRE (17.0.14+7-LTS), built on Jan  8 2025 23:39:28 by "MicrosoftCorporation" with unknown MS VC++:1939

END.
