#
# There is insufficient memory for the Java Runtime Environment to continue.
# Native memory allocation (mmap) failed to map 176160768 bytes. Error detail: G1 virtual space
# Possible reasons:
#   The system is out of physical RAM or swap space
#   This process is running with CompressedOops enabled, and the Java Heap may be blocking the growth of the native heap
# Possible solutions:
#   Reduce memory load on the system
#   Increase physical memory or swap space
#   Check if swap backing store is full
#   Decrease Java heap size (-Xmx/-Xms)
#   Decrease number of Java threads
#   Decrease Java thread stack sizes (-Xss)
#   Set larger code cache with -XX:ReservedCodeCacheSize=
#   JVM is running with Zero Based Compressed Oops mode in which the Java heap is
#     placed in the first 32GB address space. The Java Heap base address is the
#     maximum limit for the native heap growth. Please use -XX:HeapBaseMinAddress
#     to set the Java Heap base and to place the Java Heap above 32GB virtual address.
# This output file may be truncated or incomplete.
#
#  Out of Memory Error (os_windows.cpp:3710), pid=35808, tid=32460
#
# JRE version: OpenJDK Runtime Environment Microsoft-10800295 (17.0.14+7) (build 17.0.14+7-LTS)
# Java VM: OpenJDK 64-Bit Server VM Microsoft-10800295 (17.0.14+7-LTS, mixed mode, emulated-client, sharing, tiered, compressed oops, compressed class ptrs, g1 gc, windows-amd64)
# No core dump will be written. Minidumps are not enabled by default on client versions of Windows
#

---------------  S U M M A R Y ------------

Command Line: -XX:TieredStopAtLevel=1 -Dspring.output.ansi.enabled=always -javaagent:D:\IntelliJ IDEA 2026.1\lib\idea_rt.jar=55544 -Dfile.encoding=UTF-8 com.atguigu.daijia.ServiceDispatchApplication

Host: 12th Gen Intel(R) Core(TM) i7-12700H, 20 cores, 15G,  Windows 11 , 64 bit Build 26100 (10.0.26100.8246)
Time: Fri Apr 24 01:04:13 2026  Windows 11 , 64 bit Build 26100 (10.0.26100.8246) elapsed time: 16.382850 seconds (0d 0h 0m 16s)

---------------  T H R E A D  ---------------

Current thread (0x000001ec7a5ca590):  VMThread "VM Thread" [stack: 0x000000a1dd000000,0x000000a1dd100000] [id=32460]

Stack: [0x000000a1dd000000,0x000000a1dd100000]
Native frames: (J=compiled Java code, j=interpreted, Vv=VM code, C=native code)
V  [jvm.dll+0x6886b9]
V  [jvm.dll+0x83f6f8]
V  [jvm.dll+0x8411a3]
V  [jvm.dll+0x841813]
V  [jvm.dll+0x2495cf]
V  [jvm.dll+0x6855f9]
V  [jvm.dll+0x679a8a]
V  [jvm.dll+0x30afc7]
V  [jvm.dll+0x312536]
V  [jvm.dll+0x362eee]
V  [jvm.dll+0x36312d]
V  [jvm.dll+0x2e225c]
V  [jvm.dll+0x2e0609]
V  [jvm.dll+0x2dfd6c]
V  [jvm.dll+0x32291b]
V  [jvm.dll+0x84604d]
V  [jvm.dll+0x846d83]
V  [jvm.dll+0x8472af]
V  [jvm.dll+0x847694]
V  [jvm.dll+0x84775e]
V  [jvm.dll+0x7ef2ac]
V  [jvm.dll+0x687597]
C  [ucrtbase.dll+0x37b0]
C  [KERNEL32.DLL+0x2e8d7]
C  [ntdll.dll+0x8c3fc]

VM_Operation (0x000000a1dcafd3c0): G1CollectForAllocation, mode: safepoint, requested by thread 0x000001ec6357bf90


---------------  P R O C E S S  ---------------

Threads class SMR info:
_java_thread_list=0x000001ec4735fe20, length=82, elements={
0x000001ec6357bf90, 0x000001ec7a5d1ae0, 0x000001ec7a5d26a0, 0x000001ec7a5e76c0,
0x000001ec7b239fd0, 0x000001ec7b23e9b0, 0x000001ec7b23f370, 0x000001ec7b240df0,
0x000001ec7b24bc10, 0x000001ec7b2b1200, 0x000001ec7b5ab6e0, 0x000001ec4550ff50,
0x000001ec45510430, 0x000001ec4578b8b0, 0x000001ec458ea8a0, 0x000001ec461d3cd0,
0x000001ec461d41b0, 0x000001ec461cabc0, 0x000001ec461cb0a0, 0x000001ec4620cce0,
0x000001ec46212b30, 0x000001ec46213010, 0x000001ec464b9990, 0x000001ec464b8550,
0x000001ec464ba8c0, 0x000001ec464b8a60, 0x000001ec464b7110, 0x000001ec464b8040,
0x000001ec464b7620, 0x000001ec464b9ea0, 0x000001ec464b9480, 0x000001ec464b7b30,
0x000001ec464b8f70, 0x000001ec464ba3b0, 0x000001ec46312570, 0x000001ec463143d0,
0x000001ec46313ec0, 0x000001ec463148e0, 0x000001ec46312060, 0x000001ec46312a80,
0x000001ec463134a0, 0x000001ec46314df0, 0x000001ec463139b0, 0x000001ec47d00e00,
0x000001ec47d01d30, 0x000001ec47d02750, 0x000001ec47cfefa0, 0x000001ec47d02c60,
0x000001ec47cff4b0, 0x000001ec47d03170, 0x000001ec47cff9c0, 0x000001ec47d03680,
0x000001ec47d01310, 0x000001ec47cffed0, 0x000001ec47d03b90, 0x000001ec47d01820,
0x000001ec47d003e0, 0x000001ec47d040a0, 0x000001ec47d008f0, 0x000001ec47d04fd0,
0x000001ec47d045b0, 0x000001ec47d059f0, 0x000001ec47d054e0, 0x000001ec47d06410,
0x000001ec47d05f00, 0x000001ec47d06920, 0x000001ec47d04ac0, 0x000001ec48473f40,
0x000001ec48473a30, 0x000001ec48473010, 0x000001ec48475890, 0x000001ec48474450,
0x000001ec48475380, 0x000001ec48474e70, 0x000001ec48473520, 0x000001ec484720e0,
0x000001ec48475da0, 0x000001ec48474960, 0x000001ec484725f0, 0x000001ec484762b0,
0x000001ec48478620, 0x000001ec48bcee90
}

Java Threads: ( => current thread )
  0x000001ec6357bf90 JavaThread "main" [_thread_blocked, id=51824, stack(0x000000a1dca00000,0x000000a1dcb00000)]
  0x000001ec7a5d1ae0 JavaThread "Reference Handler" daemon [_thread_blocked, id=8764, stack(0x000000a1dd100000,0x000000a1dd200000)]
  0x000001ec7a5d26a0 JavaThread "Finalizer" daemon [_thread_blocked, id=2768, stack(0x000000a1dd200000,0x000000a1dd300000)]
  0x000001ec7a5e76c0 JavaThread "Signal Dispatcher" daemon [_thread_blocked, id=55360, stack(0x000000a1dd300000,0x000000a1dd400000)]
  0x000001ec7b239fd0 JavaThread "Attach Listener" daemon [_thread_blocked, id=33464, stack(0x000000a1dd400000,0x000000a1dd500000)]
  0x000001ec7b23e9b0 JavaThread "Service Thread" daemon [_thread_blocked, id=59560, stack(0x000000a1dd500000,0x000000a1dd600000)]
  0x000001ec7b23f370 JavaThread "Monitor Deflation Thread" daemon [_thread_blocked, id=33648, stack(0x000000a1dd600000,0x000000a1dd700000)]
  0x000001ec7b240df0 JavaThread "C1 CompilerThread0" daemon [_thread_blocked, id=29420, stack(0x000000a1dd700000,0x000000a1dd800000)]
  0x000001ec7b24bc10 JavaThread "Sweeper thread" daemon [_thread_blocked, id=49296, stack(0x000000a1dd800000,0x000000a1dd900000)]
  0x000001ec7b2b1200 JavaThread "Common-Cleaner" daemon [_thread_blocked, id=9368, stack(0x000000a1dd900000,0x000000a1dda00000)]
  0x000001ec7b5ab6e0 JavaThread "C1 CompilerThread1" daemon [_thread_blocked, id=22292, stack(0x000000a1dda00000,0x000000a1ddb00000)]
  0x000001ec4550ff50 JavaThread "Monitor Ctrl-Break" daemon [_thread_in_native, id=35384, stack(0x000000a1ddb00000,0x000000a1ddc00000)]
  0x000001ec45510430 JavaThread "Notification Thread" daemon [_thread_blocked, id=62580, stack(0x000000a1ddc00000,0x000000a1ddd00000)]
  0x000001ec4578b8b0 JavaThread "C1 CompilerThread2" daemon [_thread_blocked, id=25512, stack(0x000000a1dde00000,0x000000a1ddf00000)]
  0x000001ec458ea8a0 JavaThread "C1 CompilerThread3" daemon [_thread_blocked, id=60156, stack(0x000000a1de400000,0x000000a1de500000)]
  0x000001ec461d3cd0 JavaThread "com.alibaba.nacos.client.auth.ram.identify.watcher.0" daemon [_thread_blocked, id=42624, stack(0x000000a1de500000,0x000000a1de600000)]
  0x000001ec461d41b0 JavaThread "com.alibaba.nacos.client.Worker" daemon [_thread_blocked, id=3272, stack(0x000000a1de700000,0x000000a1de800000)]
  0x000001ec461cabc0 JavaThread "com.alibaba.nacos.client.Worker" daemon [_thread_blocked, id=35620, stack(0x000000a1de800000,0x000000a1de900000)]
  0x000001ec461cb0a0 JavaThread "com.alibaba.nacos.client.Worker" daemon [_thread_blocked, id=35232, stack(0x000000a1de900000,0x000000a1dea00000)]
  0x000001ec4620cce0 JavaThread "nacos.publisher-com.alibaba.nacos.common.notify.SlowEvent" daemon [_thread_blocked, id=19168, stack(0x000000a1df500000,0x000000a1df600000)]
  0x000001ec46212b30 JavaThread "com.alibaba.nacos.client.remote.worker" daemon [_thread_blocked, id=30796, stack(0x000000a1df600000,0x000000a1df700000)]
  0x000001ec46213010 JavaThread "com.alibaba.nacos.client.remote.worker" daemon [_thread_blocked, id=54952, stack(0x000000a1df700000,0x000000a1df800000)]
  0x000001ec464b9990 JavaThread "grpc-nio-worker-ELG-1-1" daemon [_thread_in_native, id=34324, stack(0x000000a1df800000,0x000000a1df900000)]
  0x000001ec464b8550 JavaThread "grpc-default-executor-0" daemon [_thread_blocked, id=24268, stack(0x000000a1df900000,0x000000a1dfa00000)]
  0x000001ec464ba8c0 JavaThread "nacos-grpc-client-executor-127.0.0.1-0" daemon [_thread_blocked, id=4260, stack(0x000000a1dfa00000,0x000000a1dfb00000)]
  0x000001ec464b8a60 JavaThread "nacos-grpc-client-executor-127.0.0.1-1" daemon [_thread_blocked, id=33408, stack(0x000000a1dfb00000,0x000000a1dfc00000)]
  0x000001ec464b7110 JavaThread "grpc-nio-worker-ELG-1-2" daemon [_thread_in_native, id=47396, stack(0x000000a1dfc00000,0x000000a1dfd00000)]
  0x000001ec464b8040 JavaThread "nacos-grpc-client-executor-127.0.0.1-2" daemon [_thread_blocked, id=15188, stack(0x000000a1dfe00000,0x000000a1dff00000)]
  0x000001ec464b7620 JavaThread "nacos-grpc-client-executor-127.0.0.1-3" daemon [_thread_blocked, id=13024, stack(0x000000a1dff00000,0x000000a1e0000000)]
  0x000001ec464b9ea0 JavaThread "nacos-grpc-client-executor-127.0.0.1-4" daemon [_thread_blocked, id=34052, stack(0x000000a1e0000000,0x000000a1e0100000)]
  0x000001ec464b9480 JavaThread "nacos-grpc-client-executor-127.0.0.1-5" daemon [_thread_blocked, id=48804, stack(0x000000a1e0100000,0x000000a1e0200000)]
  0x000001ec464b7b30 JavaThread "nacos-grpc-client-executor-127.0.0.1-6" daemon [_thread_blocked, id=37428, stack(0x000000a1e0200000,0x000000a1e0300000)]
  0x000001ec464b8f70 JavaThread "nacos-grpc-client-executor-127.0.0.1-7" daemon [_thread_blocked, id=48588, stack(0x000000a1e0300000,0x000000a1e0400000)]
  0x000001ec464ba3b0 JavaThread "nacos-grpc-client-executor-127.0.0.1-8" daemon [_thread_blocked, id=31524, stack(0x000000a1e0400000,0x000000a1e0500000)]
  0x000001ec46312570 JavaThread "nacos-grpc-client-executor-127.0.0.1-9" daemon [_thread_blocked, id=3168, stack(0x000000a1e0500000,0x000000a1e0600000)]
  0x000001ec463143d0 JavaThread "nacos-grpc-client-executor-127.0.0.1-10" daemon [_thread_blocked, id=13956, stack(0x000000a1e0600000,0x000000a1e0700000)]
  0x000001ec46313ec0 JavaThread "nacos-grpc-client-executor-127.0.0.1-11" daemon [_thread_blocked, id=54208, stack(0x000000a1e0700000,0x000000a1e0800000)]
  0x000001ec463148e0 JavaThread "nacos-grpc-client-executor-127.0.0.1-12" daemon [_thread_blocked, id=4360, stack(0x000000a1e0800000,0x000000a1e0900000)]
  0x000001ec46312060 JavaThread "nacos-grpc-client-executor-127.0.0.1-13" daemon [_thread_blocked, id=15824, stack(0x000000a1e0900000,0x000000a1e0a00000)]
  0x000001ec46312a80 JavaThread "Catalina-utility-1" [_thread_blocked, id=16164, stack(0x000000a1e0a00000,0x000000a1e0b00000)]
  0x000001ec463134a0 JavaThread "Catalina-utility-2" [_thread_blocked, id=48192, stack(0x000000a1e0b00000,0x000000a1e0c00000)]
  0x000001ec46314df0 JavaThread "container-0" [_thread_blocked, id=32716, stack(0x000000a1e0c00000,0x000000a1e0d00000)]
  0x000001ec463139b0 JavaThread "mysql-cj-abandoned-connection-cleanup" daemon [_thread_blocked, id=61848, stack(0x000000a1e0d00000,0x000000a1e0e00000)]
  0x000001ec47d00e00 JavaThread "SIGINT handler" daemon [_thread_blocked, id=54464, stack(0x000000a1e0e00000,0x000000a1e0f00000)]
  0x000001ec47d01d30 JavaThread "SpringApplicationShutdownHook" [_thread_blocked, id=41084, stack(0x000000a1e0f00000,0x000000a1e1000000)]
  0x000001ec47d02750 JavaThread "Thread-11" daemon [_thread_in_native, id=38724, stack(0x000000a1e1000000,0x000000a1e1100000)]
  0x000001ec47cfefa0 JavaThread "lettuce-timer-3-1" daemon [_thread_blocked, id=9124, stack(0x000000a1e1100000,0x000000a1e1200000)]
  0x000001ec47d02c60 JavaThread "redisson-netty-4-1" [_thread_in_native, id=56396, stack(0x000000a1e1200000,0x000000a1e1300000)]
  0x000001ec47cff4b0 JavaThread "redisson-netty-4-2" [_thread_in_native, id=52480, stack(0x000000a1e1300000,0x000000a1e1400000)]
  0x000001ec47d03170 JavaThread "redisson-netty-4-3" [_thread_in_native, id=35916, stack(0x000000a1e1400000,0x000000a1e1500000)]
  0x000001ec47cff9c0 JavaThread "redisson-netty-4-4" [_thread_in_native, id=54192, stack(0x000000a1e1500000,0x000000a1e1600000)]
  0x000001ec47d03680 JavaThread "redisson-timer-6-1" [_thread_blocked, id=54580, stack(0x000000a1e1600000,0x000000a1e1700000)]
  0x000001ec47d01310 JavaThread "redisson-netty-4-5" [_thread_in_native, id=50752, stack(0x000000a1e1700000,0x000000a1e1800000)]
  0x000001ec47cffed0 JavaThread "redisson-netty-4-6" [_thread_in_native, id=55884, stack(0x000000a1e1800000,0x000000a1e1900000)]
  0x000001ec47d03b90 JavaThread "redisson-netty-4-7" [_thread_in_native, id=2484, stack(0x000000a1e1900000,0x000000a1e1a00000)]
  0x000001ec47d01820 JavaThread "redisson-netty-4-8" [_thread_in_native, id=55928, stack(0x000000a1e1a00000,0x000000a1e1b00000)]
  0x000001ec47d003e0 JavaThread "redisson-netty-4-9" [_thread_in_native, id=32372, stack(0x000000a1e1b00000,0x000000a1e1c00000)]
  0x000001ec47d040a0 JavaThread "redisson-netty-4-10" [_thread_in_native, id=65520, stack(0x000000a1e1c00000,0x000000a1e1d00000)]
  0x000001ec47d008f0 JavaThread "redisson-netty-4-11" [_thread_in_native, id=12552, stack(0x000000a1e1d00000,0x000000a1e1e00000)]
  0x000001ec47d04fd0 JavaThread "redisson-netty-4-12" [_thread_in_native, id=3884, stack(0x000000a1e1e00000,0x000000a1e1f00000)]
  0x000001ec47d045b0 JavaThread "redisson-netty-4-13" [_thread_in_native, id=2408, stack(0x000000a1e1f00000,0x000000a1e2000000)]
  0x000001ec47d059f0 JavaThread "redisson-netty-4-14" [_thread_in_native, id=5992, stack(0x000000a1e2000000,0x000000a1e2100000)]
  0x000001ec47d054e0 JavaThread "redisson-netty-4-15" [_thread_in_native, id=37256, stack(0x000000a1e2100000,0x000000a1e2200000)]
  0x000001ec47d06410 JavaThread "redisson-netty-4-16" [_thread_in_native, id=37388, stack(0x000000a1e2200000,0x000000a1e2300000)]
  0x000001ec47d05f00 JavaThread "redisson-netty-4-17" [_thread_in_native, id=55120, stack(0x000000a1e2300000,0x000000a1e2400000)]
  0x000001ec47d06920 JavaThread "redisson-netty-4-18" [_thread_in_native, id=34748, stack(0x000000a1e2400000,0x000000a1e2500000)]
  0x000001ec47d04ac0 JavaThread "redisson-netty-4-19" [_thread_in_native, id=37192, stack(0x000000a1e2500000,0x000000a1e2600000)]
  0x000001ec48473f40 JavaThread "redisson-netty-4-20" [_thread_in_native, id=34964, stack(0x000000a1e2600000,0x000000a1e2700000)]
  0x000001ec48473a30 JavaThread "redisson-netty-4-21" [_thread_in_native, id=56468, stack(0x000000a1e2700000,0x000000a1e2800000)]
  0x000001ec48473010 JavaThread "redisson-netty-4-22" [_thread_in_native, id=61948, stack(0x000000a1e2800000,0x000000a1e2900000)]
  0x000001ec48475890 JavaThread "redisson-netty-4-23" [_thread_in_native, id=50400, stack(0x000000a1e2900000,0x000000a1e2a00000)]
  0x000001ec48474450 JavaThread "redisson-netty-4-24" [_thread_in_native, id=10012, stack(0x000000a1e2a00000,0x000000a1e2b00000)]
  0x000001ec48475380 JavaThread "redisson-netty-4-25" [_thread_in_native, id=56572, stack(0x000000a1e2b00000,0x000000a1e2c00000)]
  0x000001ec48474e70 JavaThread "redisson-netty-4-26" [_thread_in_native, id=44428, stack(0x000000a1e2c00000,0x000000a1e2d00000)]
  0x000001ec48473520 JavaThread "redisson-netty-4-27" [_thread_in_native, id=3724, stack(0x000000a1e2d00000,0x000000a1e2e00000)]
  0x000001ec484720e0 JavaThread "redisson-netty-4-28" [_thread_in_native, id=48096, stack(0x000000a1e2e00000,0x000000a1e2f00000)]
  0x000001ec48475da0 JavaThread "redisson-netty-4-29" [_thread_in_native, id=58820, stack(0x000000a1e2f00000,0x000000a1e3000000)]
  0x000001ec48474960 JavaThread "redisson-netty-4-30" [_thread_in_native, id=52352, stack(0x000000a1e3000000,0x000000a1e3100000)]
  0x000001ec484725f0 JavaThread "redisson-netty-4-31" [_thread_in_native, id=43396, stack(0x000000a1e3100000,0x000000a1e3200000)]
  0x000001ec484762b0 JavaThread "redisson-netty-4-32" [_thread_in_native, id=58624, stack(0x000000a1e3200000,0x000000a1e3300000)]
  0x000001ec48478620 JavaThread "com.alibaba.nacos.client.Worker" daemon [_thread_blocked, id=52780, stack(0x000000a1e3300000,0x000000a1e3400000)]
  0x000001ec48bcee90 JavaThread "spring.cloud.inetutils" daemon [_thread_blocked, id=65688, stack(0x000000a1e3400000,0x000000a1e3500000)]

Other Threads:
=>0x000001ec7a5ca590 VMThread "VM Thread" [stack: 0x000000a1dd000000,0x000000a1dd100000] [id=32460]
  0x000001ec6357cb20 WatcherThread [stack: 0x000000a1ddd00000,0x000000a1dde00000] [id=34872]
  0x000001ec635e8ef0 GCTaskThread "GC Thread#0" [stack: 0x000000a1dcb00000,0x000000a1dcc00000] [id=40972]
  0x000001ec457f7ad0 GCTaskThread "GC Thread#1" [stack: 0x000000a1ddf00000,0x000000a1de000000] [id=51084]
  0x000001ec457f7d90 GCTaskThread "GC Thread#2" [stack: 0x000000a1de000000,0x000000a1de100000] [id=27976]
  0x000001ec457f8050 GCTaskThread "GC Thread#3" [stack: 0x000000a1de100000,0x000000a1de200000] [id=31860]
  0x000001ec457f8310 GCTaskThread "GC Thread#4" [stack: 0x000000a1de200000,0x000000a1de300000] [id=31816]
  0x000001ec457f89e0 GCTaskThread "GC Thread#5" [stack: 0x000000a1de300000,0x000000a1de400000] [id=64920]
  0x000001ec45a88b10 GCTaskThread "GC Thread#6" [stack: 0x000000a1de600000,0x000000a1de700000] [id=51140]
  0x000001ec45a87250 GCTaskThread "GC Thread#7" [stack: 0x000000a1dea00000,0x000000a1deb00000] [id=61016]
  0x000001ec45a88010 GCTaskThread "GC Thread#8" [stack: 0x000000a1deb00000,0x000000a1dec00000] [id=45208]
  0x000001ec45a882d0 GCTaskThread "GC Thread#9" [stack: 0x000000a1dec00000,0x000000a1ded00000] [id=33684]
  0x000001ec45a88850 GCTaskThread "GC Thread#10" [stack: 0x000000a1ded00000,0x000000a1dee00000] [id=16736]
  0x000001ec45a87510 GCTaskThread "GC Thread#11" [stack: 0x000000a1dee00000,0x000000a1def00000] [id=17688]
  0x000001ec45a877d0 GCTaskThread "GC Thread#12" [stack: 0x000000a1def00000,0x000000a1df000000] [id=61380]
  0x000001ec45a87a90 GCTaskThread "GC Thread#13" [stack: 0x000000a1df000000,0x000000a1df100000] [id=42720]
  0x000001ec45a87d50 GCTaskThread "GC Thread#14" [stack: 0x000000a1df100000,0x000000a1df200000] [id=29652]
  0x000001ec635f9a40 ConcurrentGCThread "G1 Main Marker" [stack: 0x000000a1dcc00000,0x000000a1dcd00000] [id=46016]
  0x000001ec635fa460 ConcurrentGCThread "G1 Conc#0" [stack: 0x000000a1dcd00000,0x000000a1dce00000] [id=54564]
  0x000001ec46125f00 ConcurrentGCThread "G1 Conc#1" [stack: 0x000000a1df200000,0x000000a1df300000] [id=47036]
  0x000001ec46126740 ConcurrentGCThread "G1 Conc#2" [stack: 0x000000a1df300000,0x000000a1df400000] [id=52044]
  0x000001ec46126f80 ConcurrentGCThread "G1 Conc#3" [stack: 0x000000a1df400000,0x000000a1df500000] [id=30384]
  0x000001ec7a4f7760 ConcurrentGCThread "G1 Refine#0" [stack: 0x000000a1dce00000,0x000000a1dcf00000] [id=24088]
  0x000001ec48723b80 ConcurrentGCThread "G1 Refine#1" [stack: 0x000000a1e5100000,0x000000a1e5200000] [id=49144]
  0x000001ec48717690 ConcurrentGCThread "G1 Refine#2" [stack: 0x000000a1e5200000,0x000000a1e5300000] [id=66164]
  0x000001ec4875b390 ConcurrentGCThread "G1 Refine#3" [stack: 0x000000a1e5300000,0x000000a1e5400000] [id=35440]
  0x000001ec48723410 ConcurrentGCThread "G1 Refine#4" [stack: 0x000000a1e5400000,0x000000a1e5500000] [id=12528]
  0x000001ec48624b80 ConcurrentGCThread "G1 Refine#5" [stack: 0x000000a1e5500000,0x000000a1e5600000] [id=30372]
  0x000001ec7a4f9040 ConcurrentGCThread "G1 Service" [stack: 0x000000a1dcf00000,0x000000a1dd000000] [id=59736]

Threads with active compile tasks:

VM state: at safepoint (normal execution)

VM Mutex/Monitor currently owned by a thread:  ([mutex/lock_event])
[0x000001ec63577eb0] Threads_lock - owner thread: 0x000001ec7a5ca590
[0x000001ec63576950] Heap_lock - owner thread: 0x000001ec6357bf90

Heap address: 0x0000000704000000, size: 4032 MB, Compressed Oops mode: Zero based, Oop shift amount: 3

CDS archive(s) mapped at: [0x000001ec00000000-0x000001ec00bb0000-0x000001ec00bb0000), size 12255232, SharedBaseAddress: 0x000001ec00000000, ArchiveRelocationMode: 1.
Compressed class space mapped at: 0x000001ec01000000-0x000001ec41000000, reserved size: 1073741824
Narrow klass base: 0x000001ec00000000, Narrow klass shift: 0, Narrow klass range: 0x100000000

GC Precious Log:
 CPUs: 20 total, 20 available
 Memory: 16124M
 Large Page Support: Disabled
 NUMA Support: Disabled
 Compressed Oops: Enabled (Zero based)
 Heap Region Size: 2M
 Heap Min Capacity: 8M
 Heap Initial Capacity: 252M
 Heap Max Capacity: 4032M
 Pre-touch: Disabled
 Parallel Workers: 15
 Concurrent Workers: 4
 Concurrent Refinement Workers: 15
 Periodic GC: Disabled

Heap:
 garbage-first heap   total 258048K, used 110580K [0x0000000704000000, 0x0000000800000000)
  region size 2048K, 2 young (4096K), 2 survivors (4096K)
 Metaspace       used 73692K, committed 74240K, reserved 1114112K
  class space    used 10045K, committed 10304K, reserved 1048576K

Heap Regions: E=young(eden), S=young(survivor), O=old, HS=humongous(starts), HC=humongous(continues), CS=collection set, F=free, OA=open archive, CA=closed archive, TAMS=top-at-mark-start (previous, next)
|   0|0x0000000704000000, 0x0000000704200000, 0x0000000704200000|100%| O|  |TAMS 0x0000000704200000, 0x0000000704000000| Untracked 
|   1|0x0000000704200000, 0x0000000704400000, 0x0000000704400000|100%| O|  |TAMS 0x0000000704400000, 0x0000000704200000| Untracked 
|   2|0x0000000704400000, 0x0000000704600000, 0x0000000704600000|100%| O|  |TAMS 0x0000000704600000, 0x0000000704400000| Untracked 
|   3|0x0000000704600000, 0x0000000704800000, 0x0000000704800000|100%| O|  |TAMS 0x0000000704800000, 0x0000000704600000| Untracked 
|   4|0x0000000704800000, 0x0000000704a00000, 0x0000000704a00000|100%| O|  |TAMS 0x0000000704a00000, 0x0000000704800000| Untracked 
|   5|0x0000000704a00000, 0x0000000704c00000, 0x0000000704c00000|100%| O|  |TAMS 0x0000000704c00000, 0x0000000704a00000| Untracked 
|   6|0x0000000704c00000, 0x0000000704e00000, 0x0000000704e00000|100%| O|  |TAMS 0x0000000704e00000, 0x0000000704c00000| Untracked 
|   7|0x0000000704e00000, 0x0000000705000000, 0x0000000705000000|100%| O|  |TAMS 0x0000000705000000, 0x0000000704e00000| Untracked 
|   8|0x0000000705000000, 0x0000000705200000, 0x0000000705200000|100%| O|  |TAMS 0x0000000705200000, 0x0000000705000000| Untracked 
|   9|0x0000000705200000, 0x0000000705400000, 0x0000000705400000|100%| O|  |TAMS 0x0000000705200000, 0x0000000705200000| Untracked 
|  10|0x0000000705400000, 0x0000000705600000, 0x0000000705600000|100%| O|  |TAMS 0x0000000705600000, 0x0000000705400000| Untracked 
|  11|0x0000000705600000, 0x0000000705800000, 0x0000000705800000|100%| O|  |TAMS 0x0000000705800000, 0x0000000705600000| Untracked 
|  12|0x0000000705800000, 0x0000000705a00000, 0x0000000705a00000|100%| O|  |TAMS 0x0000000705a00000, 0x0000000705800000| Untracked 
|  13|0x0000000705a00000, 0x0000000705c00000, 0x0000000705c00000|100%| O|  |TAMS 0x0000000705c00000, 0x0000000705a00000| Untracked 
|  14|0x0000000705c00000, 0x0000000705e00000, 0x0000000705e00000|100%| O|  |TAMS 0x0000000705e00000, 0x0000000705c00000| Untracked 
|  15|0x0000000705e00000, 0x0000000706000000, 0x0000000706000000|100%| O|  |TAMS 0x0000000706000000, 0x0000000705e00000| Untracked 
|  16|0x0000000706000000, 0x0000000706200000, 0x0000000706200000|100%| O|  |TAMS 0x0000000706200000, 0x0000000706000000| Untracked 
|  17|0x0000000706200000, 0x0000000706400000, 0x0000000706400000|100%| O|  |TAMS 0x0000000706400000, 0x0000000706200000| Untracked 
|  18|0x0000000706400000, 0x0000000706600000, 0x0000000706600000|100%| O|  |TAMS 0x0000000706600000, 0x0000000706400000| Untracked 
|  19|0x0000000706600000, 0x0000000706800000, 0x0000000706800000|100%| O|  |TAMS 0x0000000706800000, 0x0000000706600000| Untracked 
|  20|0x0000000706800000, 0x0000000706a00000, 0x0000000706a00000|100%| O|  |TAMS 0x0000000706a00000, 0x0000000706800000| Untracked 
|  21|0x0000000706a00000, 0x0000000706c00000, 0x0000000706c00000|100%| O|  |TAMS 0x0000000706c00000, 0x0000000706a00000| Untracked 
|  22|0x0000000706c00000, 0x0000000706e00000, 0x0000000706e00000|100%| O|  |TAMS 0x0000000706e00000, 0x0000000706c00000| Untracked 
|  23|0x0000000706e00000, 0x0000000707000000, 0x0000000707000000|100%| O|  |TAMS 0x0000000706e00000, 0x0000000706e00000| Untracked 
|  24|0x0000000707000000, 0x0000000707200000, 0x0000000707200000|100%| O|  |TAMS 0x0000000707000000, 0x0000000707000000| Untracked 
|  25|0x0000000707200000, 0x0000000707400000, 0x0000000707400000|100%| O|  |TAMS 0x0000000707400000, 0x0000000707200000| Untracked 
|  26|0x0000000707400000, 0x0000000707600000, 0x0000000707600000|100%| O|  |TAMS 0x0000000707600000, 0x0000000707400000| Untracked 
|  27|0x0000000707600000, 0x0000000707800000, 0x0000000707800000|100%| O|  |TAMS 0x0000000707600000, 0x0000000707600000| Untracked 
|  28|0x0000000707800000, 0x0000000707a00000, 0x0000000707a00000|100%| O|  |TAMS 0x0000000707800000, 0x0000000707800000| Untracked 
|  29|0x0000000707a00000, 0x0000000707c00000, 0x0000000707c00000|100%| O|  |TAMS 0x0000000707a00000, 0x0000000707a00000| Untracked 
|  30|0x0000000707c00000, 0x0000000707e00000, 0x0000000707e00000|100%| O|  |TAMS 0x0000000707c00000, 0x0000000707c00000| Untracked 
|  31|0x0000000707e00000, 0x0000000708000000, 0x0000000708000000|100%| O|  |TAMS 0x0000000707e00000, 0x0000000707e00000| Untracked 
|  32|0x0000000708000000, 0x0000000708200000, 0x0000000708200000|100%| O|  |TAMS 0x0000000708200000, 0x0000000708000000| Untracked 
|  33|0x0000000708200000, 0x0000000708400000, 0x0000000708400000|100%| O|  |TAMS 0x0000000708400000, 0x0000000708200000| Untracked 
|  34|0x0000000708400000, 0x0000000708600000, 0x0000000708600000|100%| O|  |TAMS 0x00000007085eae00, 0x0000000708400000| Untracked 
|  35|0x0000000708600000, 0x0000000708800000, 0x0000000708800000|100%| O|  |TAMS 0x0000000708600000, 0x0000000708600000| Untracked 
|  36|0x0000000708800000, 0x0000000708a00000, 0x0000000708a00000|100%| O|  |TAMS 0x0000000708800000, 0x0000000708800000| Untracked 
|  37|0x0000000708a00000, 0x0000000708c00000, 0x0000000708c00000|100%| O|  |TAMS 0x0000000708a00000, 0x0000000708a00000| Untracked 
|  38|0x0000000708c00000, 0x0000000708e00000, 0x0000000708e00000|100%| O|  |TAMS 0x0000000708c00000, 0x0000000708c00000| Untracked 
|  39|0x0000000708e00000, 0x0000000709000000, 0x0000000709000000|100%| O|  |TAMS 0x0000000708e00000, 0x0000000708e00000| Untracked 
|  40|0x0000000709000000, 0x0000000709200000, 0x0000000709200000|100%| O|  |TAMS 0x0000000709000000, 0x0000000709000000| Untracked 
|  41|0x0000000709200000, 0x0000000709400000, 0x0000000709400000|100%| O|  |TAMS 0x0000000709200000, 0x0000000709200000| Untracked 
|  42|0x0000000709400000, 0x0000000709600000, 0x0000000709600000|100%| O|  |TAMS 0x0000000709400000, 0x0000000709400000| Untracked 
|  43|0x0000000709600000, 0x0000000709800000, 0x0000000709800000|100%| O|  |TAMS 0x0000000709600000, 0x0000000709600000| Untracked 
|  44|0x0000000709800000, 0x0000000709a00000, 0x0000000709a00000|100%| O|  |TAMS 0x0000000709800000, 0x0000000709800000| Untracked 
|  45|0x0000000709a00000, 0x0000000709c00000, 0x0000000709c00000|100%| O|  |TAMS 0x0000000709a00000, 0x0000000709a00000| Untracked 
|  46|0x0000000709c00000, 0x0000000709e00000, 0x0000000709e00000|100%| O|  |TAMS 0x0000000709c00000, 0x0000000709c00000| Untracked 
|  47|0x0000000709e00000, 0x000000070a000000, 0x000000070a000000|100%| O|  |TAMS 0x0000000709e00000, 0x0000000709e00000| Untracked 
|  48|0x000000070a000000, 0x000000070a200000, 0x000000070a200000|100%| O|  |TAMS 0x000000070a000000, 0x000000070a000000| Untracked 
|  49|0x000000070a200000, 0x000000070a400000, 0x000000070a400000|100%| O|  |TAMS 0x000000070a200000, 0x000000070a200000| Untracked 
|  50|0x000000070a400000, 0x000000070a600000, 0x000000070a600000|100%| O|  |TAMS 0x000000070a400000, 0x000000070a400000| Untracked 
|  51|0x000000070a600000, 0x000000070a7fd000, 0x000000070a800000| 99%| O|  |TAMS 0x000000070a600000, 0x000000070a600000| Untracked 
|  52|0x000000070a800000, 0x000000070a800000, 0x000000070aa00000|  0%| F|  |TAMS 0x000000070a800000, 0x000000070a800000| Untracked 
|  53|0x000000070aa00000, 0x000000070aa00000, 0x000000070ac00000|  0%| F|  |TAMS 0x000000070aa00000, 0x000000070aa00000| Untracked 
|  54|0x000000070ac00000, 0x000000070ac00000, 0x000000070ae00000|  0%| F|  |TAMS 0x000000070ac00000, 0x000000070ac00000| Untracked 
|  55|0x000000070ae00000, 0x000000070ae00000, 0x000000070b000000|  0%| F|  |TAMS 0x000000070ae00000, 0x000000070ae00000| Untracked 
|  56|0x000000070b000000, 0x000000070b000000, 0x000000070b200000|  0%| F|  |TAMS 0x000000070b000000, 0x000000070b000000| Untracked 
|  57|0x000000070b200000, 0x000000070b200000, 0x000000070b400000|  0%| F|  |TAMS 0x000000070b200000, 0x000000070b200000| Untracked 
|  58|0x000000070b400000, 0x000000070b400000, 0x000000070b600000|  0%| F|  |TAMS 0x000000070b400000, 0x000000070b400000| Untracked 
|  59|0x000000070b600000, 0x000000070b600000, 0x000000070b800000|  0%| F|  |TAMS 0x000000070b600000, 0x000000070b600000| Untracked 
|  60|0x000000070b800000, 0x000000070b800000, 0x000000070ba00000|  0%| F|  |TAMS 0x000000070b800000, 0x000000070b800000| Untracked 
|  61|0x000000070ba00000, 0x000000070ba00000, 0x000000070bc00000|  0%| F|  |TAMS 0x000000070ba00000, 0x000000070ba00000| Untracked 
|  62|0x000000070bc00000, 0x000000070bc00000, 0x000000070be00000|  0%| F|  |TAMS 0x000000070bc00000, 0x000000070bc00000| Untracked 
|  63|0x000000070be00000, 0x000000070be00000, 0x000000070c000000|  0%| F|  |TAMS 0x000000070be00000, 0x000000070be00000| Untracked 
|  64|0x000000070c000000, 0x000000070c000000, 0x000000070c200000|  0%| F|  |TAMS 0x000000070c000000, 0x000000070c000000| Untracked 
|  65|0x000000070c200000, 0x000000070c200000, 0x000000070c400000|  0%| F|  |TAMS 0x000000070c200000, 0x000000070c200000| Untracked 
|  66|0x000000070c400000, 0x000000070c400000, 0x000000070c600000|  0%| F|  |TAMS 0x000000070c400000, 0x000000070c400000| Untracked 
|  67|0x000000070c600000, 0x000000070c600000, 0x000000070c800000|  0%| F|  |TAMS 0x000000070c600000, 0x000000070c600000| Untracked 
|  68|0x000000070c800000, 0x000000070c800000, 0x000000070ca00000|  0%| F|  |TAMS 0x000000070c800000, 0x000000070c800000| Untracked 
|  69|0x000000070ca00000, 0x000000070ca00000, 0x000000070cc00000|  0%| F|  |TAMS 0x000000070ca00000, 0x000000070ca00000| Untracked 
|  70|0x000000070cc00000, 0x000000070cc00000, 0x000000070ce00000|  0%| F|  |TAMS 0x000000070cc00000, 0x000000070cc00000| Untracked 
|  71|0x000000070ce00000, 0x000000070ce00000, 0x000000070d000000|  0%| F|  |TAMS 0x000000070ce00000, 0x000000070ce00000| Untracked 
|  72|0x000000070d000000, 0x000000070d000000, 0x000000070d200000|  0%| F|  |TAMS 0x000000070d000000, 0x000000070d000000| Untracked 
|  73|0x000000070d200000, 0x000000070d200000, 0x000000070d400000|  0%| F|  |TAMS 0x000000070d200000, 0x000000070d200000| Untracked 
|  74|0x000000070d400000, 0x000000070d400000, 0x000000070d600000|  0%| F|  |TAMS 0x000000070d400000, 0x000000070d400000| Untracked 
|  75|0x000000070d600000, 0x000000070d600000, 0x000000070d800000|  0%| F|  |TAMS 0x000000070d600000, 0x000000070d600000| Untracked 
|  76|0x000000070d800000, 0x000000070d800000, 0x000000070da00000|  0%| F|  |TAMS 0x000000070d800000, 0x000000070d800000| Untracked 
|  77|0x000000070da00000, 0x000000070dc00000, 0x000000070dc00000|100%| S|CS|TAMS 0x000000070da00000, 0x000000070da00000| Complete 
|  78|0x000000070dc00000, 0x000000070de00000, 0x000000070de00000|100%| S|CS|TAMS 0x000000070dc00000, 0x000000070dc00000| Complete 
|  79|0x000000070de00000, 0x000000070de00000, 0x000000070e000000|  0%| F|  |TAMS 0x000000070de00000, 0x000000070de00000| Untracked 
|  80|0x000000070e000000, 0x000000070e000000, 0x000000070e200000|  0%| F|  |TAMS 0x000000070e000000, 0x000000070e000000| Untracked 
|  81|0x000000070e200000, 0x000000070e200000, 0x000000070e400000|  0%| F|  |TAMS 0x000000070e200000, 0x000000070e200000| Untracked 
|  82|0x000000070e400000, 0x000000070e400000, 0x000000070e600000|  0%| F|  |TAMS 0x000000070e400000, 0x000000070e400000| Untracked 
|  83|0x000000070e600000, 0x000000070e600000, 0x000000070e800000|  0%| F|  |TAMS 0x000000070e600000, 0x000000070e600000| Untracked 
|  84|0x000000070e800000, 0x000000070e800000, 0x000000070ea00000|  0%| F|  |TAMS 0x000000070e800000, 0x000000070e800000| Untracked 
|  85|0x000000070ea00000, 0x000000070ea00000, 0x000000070ec00000|  0%| F|  |TAMS 0x000000070ea00000, 0x000000070ea00000| Untracked 
|  86|0x000000070ec00000, 0x000000070ec00000, 0x000000070ee00000|  0%| F|  |TAMS 0x000000070ec00000, 0x000000070ec00000| Untracked 
|  87|0x000000070ee00000, 0x000000070ee00000, 0x000000070f000000|  0%| F|  |TAMS 0x000000070ee00000, 0x000000070ee00000| Untracked 
|  88|0x000000070f000000, 0x000000070f000000, 0x000000070f200000|  0%| F|  |TAMS 0x000000070f000000, 0x000000070f000000| Untracked 
|  89|0x000000070f200000, 0x000000070f200000, 0x000000070f400000|  0%| F|  |TAMS 0x000000070f200000, 0x000000070f200000| Untracked 
|  90|0x000000070f400000, 0x000000070f400000, 0x000000070f600000|  0%| F|  |TAMS 0x000000070f400000, 0x000000070f400000| Untracked 
|  91|0x000000070f600000, 0x000000070f600000, 0x000000070f800000|  0%| F|  |TAMS 0x000000070f600000, 0x000000070f600000| Untracked 
|  92|0x000000070f800000, 0x000000070f800000, 0x000000070fa00000|  0%| F|  |TAMS 0x000000070f800000, 0x000000070f800000| Untracked 
|  93|0x000000070fa00000, 0x000000070fa00000, 0x000000070fc00000|  0%| F|  |TAMS 0x000000070fa00000, 0x000000070fa00000| Untracked 
|  94|0x000000070fc00000, 0x000000070fc00000, 0x000000070fe00000|  0%| F|  |TAMS 0x000000070fc00000, 0x000000070fc00000| Untracked 
|  95|0x000000070fe00000, 0x000000070fe00000, 0x0000000710000000|  0%| F|  |TAMS 0x000000070fe00000, 0x000000070fe00000| Untracked 
|  96|0x0000000710000000, 0x0000000710000000, 0x0000000710200000|  0%| F|  |TAMS 0x0000000710000000, 0x0000000710000000| Untracked 
|  97|0x0000000710200000, 0x0000000710200000, 0x0000000710400000|  0%| F|  |TAMS 0x0000000710200000, 0x0000000710200000| Untracked 
|  98|0x0000000710400000, 0x0000000710400000, 0x0000000710600000|  0%| F|  |TAMS 0x0000000710400000, 0x0000000710400000| Untracked 
|  99|0x0000000710600000, 0x0000000710600000, 0x0000000710800000|  0%| F|  |TAMS 0x0000000710600000, 0x0000000710600000| Untracked 
| 100|0x0000000710800000, 0x0000000710800000, 0x0000000710a00000|  0%| F|  |TAMS 0x0000000710800000, 0x0000000710800000| Untracked 
| 101|0x0000000710a00000, 0x0000000710a00000, 0x0000000710c00000|  0%| F|  |TAMS 0x0000000710a00000, 0x0000000710a00000| Untracked 
| 102|0x0000000710c00000, 0x0000000710c00000, 0x0000000710e00000|  0%| F|  |TAMS 0x0000000710c00000, 0x0000000710c00000| Untracked 
| 103|0x0000000710e00000, 0x0000000710e00000, 0x0000000711000000|  0%| F|  |TAMS 0x0000000710e00000, 0x0000000710e00000| Untracked 
| 104|0x0000000711000000, 0x0000000711000000, 0x0000000711200000|  0%| F|  |TAMS 0x0000000711000000, 0x0000000711000000| Untracked 
| 105|0x0000000711200000, 0x0000000711200000, 0x0000000711400000|  0%| F|  |TAMS 0x0000000711200000, 0x0000000711200000| Untracked 
| 106|0x0000000711400000, 0x0000000711400000, 0x0000000711600000|  0%| F|  |TAMS 0x0000000711400000, 0x0000000711400000| Untracked 
| 107|0x0000000711600000, 0x0000000711600000, 0x0000000711800000|  0%| F|  |TAMS 0x0000000711600000, 0x0000000711600000| Untracked 
| 108|0x0000000711800000, 0x0000000711800000, 0x0000000711a00000|  0%| F|  |TAMS 0x0000000711800000, 0x0000000711800000| Untracked 
| 109|0x0000000711a00000, 0x0000000711a00000, 0x0000000711c00000|  0%| F|  |TAMS 0x0000000711a00000, 0x0000000711a00000| Untracked 
| 110|0x0000000711c00000, 0x0000000711c00000, 0x0000000711e00000|  0%| F|  |TAMS 0x0000000711c00000, 0x0000000711c00000| Untracked 
| 111|0x0000000711e00000, 0x0000000711e00000, 0x0000000712000000|  0%| F|  |TAMS 0x0000000711e00000, 0x0000000711e00000| Untracked 
| 112|0x0000000712000000, 0x0000000712000000, 0x0000000712200000|  0%| F|  |TAMS 0x0000000712000000, 0x0000000712000000| Untracked 
| 113|0x0000000712200000, 0x0000000712200000, 0x0000000712400000|  0%| F|  |TAMS 0x0000000712200000, 0x0000000712200000| Untracked 
| 114|0x0000000712400000, 0x0000000712400000, 0x0000000712600000|  0%| F|  |TAMS 0x0000000712400000, 0x0000000712400000| Untracked 
| 115|0x0000000712600000, 0x0000000712600000, 0x0000000712800000|  0%| F|  |TAMS 0x0000000712600000, 0x0000000712600000| Untracked 
| 116|0x0000000712800000, 0x0000000712800000, 0x0000000712a00000|  0%| F|  |TAMS 0x0000000712800000, 0x0000000712800000| Untracked 
| 117|0x0000000712a00000, 0x0000000712a00000, 0x0000000712c00000|  0%| F|  |TAMS 0x0000000712a00000, 0x0000000712a00000| Untracked 
| 118|0x0000000712c00000, 0x0000000712c00000, 0x0000000712e00000|  0%| F|  |TAMS 0x0000000712c00000, 0x0000000712c00000| Untracked 
| 119|0x0000000712e00000, 0x0000000712e00000, 0x0000000713000000|  0%| F|  |TAMS 0x0000000712e00000, 0x0000000712e00000| Untracked 
| 120|0x0000000713000000, 0x0000000713000000, 0x0000000713200000|  0%| F|  |TAMS 0x0000000713000000, 0x0000000713000000| Untracked 
| 121|0x0000000713200000, 0x0000000713200000, 0x0000000713400000|  0%| F|  |TAMS 0x0000000713200000, 0x0000000713200000| Untracked 
| 122|0x0000000713400000, 0x0000000713400000, 0x0000000713600000|  0%| F|  |TAMS 0x0000000713400000, 0x0000000713400000| Untracked 
| 123|0x0000000713600000, 0x0000000713600000, 0x0000000713800000|  0%| F|  |TAMS 0x0000000713600000, 0x0000000713600000| Untracked 
| 124|0x0000000713800000, 0x0000000713800000, 0x0000000713a00000|  0%| F|  |TAMS 0x0000000713800000, 0x0000000713800000| Untracked 
| 125|0x0000000713a00000, 0x0000000713a00000, 0x0000000713c00000|  0%| F|  |TAMS 0x0000000713a00000, 0x0000000713a00000| Untracked 

Card table byte_map: [0x000001ec6f0f0000,0x000001ec6f8d0000] _byte_map_base: 0x000001ec6b8d0000

Marking Bits (Prev, Next): (CMBitMap*) 0x000001ec635e9510, (CMBitMap*) 0x000001ec635e9550
 Prev Bits: [0x000001ec700b0000, 0x000001ec73fb0000)
 Next Bits: [0x000001ec73fb0000, 0x000001ec77eb0000)

Polling page: 0x000001ec61470000

Metaspace:

Usage:
  Non-class:     62.16 MB used.
      Class:      9.81 MB used.
       Both:     71.97 MB used.

Virtual space:
  Non-class space:       64.00 MB reserved,      62.44 MB ( 98%) committed,  1 nodes.
      Class space:        1.00 GB reserved,      10.06 MB ( <1%) committed,  1 nodes.
             Both:        1.06 GB reserved,      72.50 MB (  7%) committed. 

Chunk freelists:
   Non-Class:  1.03 MB
       Class:  5.89 MB
        Both:  6.92 MB

MaxMetaspaceSize: unlimited
CompressedClassSpaceSize: 1.00 GB
Initial GC threshold: 21.00 MB
Current GC threshold: 117.94 MB
CDS: on
MetaspaceReclaimPolicy: balanced
 - commit_granule_bytes: 65536.
 - commit_granule_words: 8192.
 - virtual_space_node_default_size: 8388608.
 - enlarge_chunks_in_place: 1.
 - new_chunks_are_fully_committed: 0.
 - uncommit_free_chunks: 1.
 - use_allocation_guard: 0.
 - handle_deallocations: 1.


Internal statistics:

num_allocs_failed_limit: 9.
num_arena_births: 698.
num_arena_deaths: 0.
num_vsnodes_births: 2.
num_vsnodes_deaths: 0.
num_space_committed: 1160.
num_space_uncommitted: 0.
num_chunks_returned_to_freelist: 9.
num_chunks_taken_from_freelist: 3320.
num_chunk_merges: 9.
num_chunk_splits: 2527.
num_chunks_enlarged: 2057.
num_inconsistent_stats: 0.

CodeCache: size=49152Kb used=15730Kb max_used=15730Kb free=33421Kb
 bounds [0x000001ec6b090000, 0x000001ec6bff0000, 0x000001ec6e090000]
 total_blobs=8101 nmethods=7327 adapters=697
 compilation: enabled
              stopped_count=0, restarted_count=0
 full_count=0

Compilation events (20 events):
Event: 15.163 Thread 0x000001ec7b5ab6e0 7318       1       org.springframework.beans.GenericTypeAwarePropertyDescriptor::getWriteMethod (5 bytes)
Event: 15.163 Thread 0x000001ec7b5ab6e0 nmethod 7318 0x000001ec6bfe7e90 code [0x000001ec6bfe8020, 0x000001ec6bfe80f8]
Event: 15.167 Thread 0x000001ec7b5ab6e0 7319       1       java.beans.PropertyDescriptor::setPropertyType (9 bytes)
Event: 15.167 Thread 0x000001ec7b5ab6e0 nmethod 7319 0x000001ec6bfe8490 code [0x000001ec6bfe8640, 0x000001ec6bfe8808]
Event: 15.175 Thread 0x000001ec7b5ab6e0 7320       1       org.springframework.beans.factory.support.DefaultSingletonBeanRegistry$$Lambda$376/0x000001ec0123c488::apply (8 bytes)
Event: 15.175 Thread 0x000001ec458ea8a0 7321       1       org.springframework.beans.factory.support.DefaultSingletonBeanRegistry::lambda$registerDependentBean$2 (10 bytes)
Event: 15.175 Thread 0x000001ec458ea8a0 nmethod 7321 0x000001ec6bfe8910 code [0x000001ec6bfe8ae0, 0x000001ec6bfe8d08]
Event: 15.175 Thread 0x000001ec7b5ab6e0 nmethod 7320 0x000001ec6bfe8e10 code [0x000001ec6bfe8fe0, 0x000001ec6bfe9268]
Event: 15.183 Thread 0x000001ec7b5ab6e0 7322       1       org.springframework.beans.factory.support.DefaultSingletonBeanRegistry$$Lambda$375/0x000001ec0123c250::apply (8 bytes)
Event: 15.183 Thread 0x000001ec4578b8b0 7323       1       org.springframework.beans.factory.support.DefaultSingletonBeanRegistry::lambda$registerDependentBean$1 (10 bytes)
Event: 15.183 Thread 0x000001ec7b5ab6e0 nmethod 7322 0x000001ec6bfe9390 code [0x000001ec6bfe9560, 0x000001ec6bfe97e8]
Event: 15.183 Thread 0x000001ec4578b8b0 nmethod 7323 0x000001ec6bfe9910 code [0x000001ec6bfe9ae0, 0x000001ec6bfe9d08]
Event: 15.227 Thread 0x000001ec458ea8a0 7324   !   1       java.util.concurrent.ConcurrentHashMap$TreeBin::putTreeVal (371 bytes)
Event: 15.228 Thread 0x000001ec458ea8a0 nmethod 7324 0x000001ec6bfea210 code [0x000001ec6bfea460, 0x000001ec6bfeb0f8]
Event: 15.229 Thread 0x000001ec458ea8a0 7325       1       java.util.concurrent.ConcurrentHashMap$TreeBin::rotateRight (91 bytes)
Event: 15.229 Thread 0x000001ec458ea8a0 nmethod 7325 0x000001ec6bfeb510 code [0x000001ec6bfeb6c0, 0x000001ec6bfebab8]
Event: 15.229 Thread 0x000001ec458ea8a0 7326       1       java.util.concurrent.ConcurrentHashMap$TreeBin::rotateLeft (91 bytes)
Event: 15.230 Thread 0x000001ec458ea8a0 nmethod 7326 0x000001ec6bfebc10 code [0x000001ec6bfebdc0, 0x000001ec6bfec1b8]
Event: 15.231 Thread 0x000001ec458ea8a0 7327       1       org.aspectj.weaver.ResolvedMemberImpl::getParameterSignatureErased (67 bytes)
Event: 15.231 Thread 0x000001ec458ea8a0 nmethod 7327 0x000001ec6bfec310 code [0x000001ec6bfec4e0, 0x000001ec6bfec8e8]

GC Heap History (20 events):
Event: 13.777 GC heap after
{Heap after GC invocations=21 (full 0):
 garbage-first heap   total 116736K, used 45485K [0x0000000704000000, 0x0000000800000000)
  region size 2048K, 4 young (8192K), 4 survivors (8192K)
 Metaspace       used 69496K, committed 70016K, reserved 1114112K
  class space    used 9489K, committed 9728K, reserved 1048576K
}
Event: 14.002 GC heap before
{Heap before GC invocations=21 (full 0):
 garbage-first heap   total 116736K, used 88493K [0x0000000704000000, 0x0000000800000000)
  region size 2048K, 25 young (51200K), 4 survivors (8192K)
 Metaspace       used 71201K, committed 71680K, reserved 1114112K
  class space    used 9734K, committed 9984K, reserved 1048576K
}
Event: 14.005 GC heap after
{Heap after GC invocations=22 (full 0):
 garbage-first heap   total 116736K, used 47790K [0x0000000704000000, 0x0000000800000000)
  region size 2048K, 2 young (4096K), 2 survivors (4096K)
 Metaspace       used 71201K, committed 71680K, reserved 1114112K
  class space    used 9734K, committed 9984K, reserved 1048576K
}
Event: 14.120 GC heap before
{Heap before GC invocations=22 (full 0):
 garbage-first heap   total 116736K, used 88750K [0x0000000704000000, 0x0000000800000000)
  region size 2048K, 23 young (47104K), 2 survivors (4096K)
 Metaspace       used 71881K, committed 72384K, reserved 1114112K
  class space    used 9809K, committed 10048K, reserved 1048576K
}
Event: 14.124 GC heap after
{Heap after GC invocations=23 (full 0):
 garbage-first heap   total 141312K, used 56096K [0x0000000704000000, 0x0000000800000000)
  region size 2048K, 3 young (6144K), 3 survivors (6144K)
 Metaspace       used 71881K, committed 72384K, reserved 1114112K
  class space    used 9809K, committed 10048K, reserved 1048576K
}
Event: 14.238 GC heap before
{Heap before GC invocations=23 (full 0):
 garbage-first heap   total 141312K, used 105248K [0x0000000704000000, 0x0000000800000000)
  region size 2048K, 28 young (57344K), 3 survivors (6144K)
 Metaspace       used 71973K, committed 72448K, reserved 1114112K
  class space    used 9822K, committed 10048K, reserved 1048576K
}
Event: 14.242 GC heap after
{Heap after GC invocations=24 (full 0):
 garbage-first heap   total 141312K, used 67430K [0x0000000704000000, 0x0000000800000000)
  region size 2048K, 4 young (8192K), 4 survivors (8192K)
 Metaspace       used 71973K, committed 72448K, reserved 1114112K
  class space    used 9822K, committed 10048K, reserved 1048576K
}
Event: 14.289 GC heap before
{Heap before GC invocations=24 (full 0):
 garbage-first heap   total 141312K, used 102246K [0x0000000704000000, 0x0000000800000000)
  region size 2048K, 22 young (45056K), 4 survivors (8192K)
 Metaspace       used 71973K, committed 72448K, reserved 1114112K
  class space    used 9822K, committed 10048K, reserved 1048576K
}
Event: 14.292 GC heap after
{Heap after GC invocations=25 (full 0):
 garbage-first heap   total 141312K, used 75755K [0x0000000704000000, 0x0000000800000000)
  region size 2048K, 3 young (6144K), 3 survivors (6144K)
 Metaspace       used 71973K, committed 72448K, reserved 1114112K
  class space    used 9822K, committed 10048K, reserved 1048576K
}
Event: 14.388 GC heap before
{Heap before GC invocations=25 (full 0):
 garbage-first heap   total 141312K, used 104427K [0x0000000704000000, 0x0000000800000000)
  region size 2048K, 18 young (36864K), 3 survivors (6144K)
 Metaspace       used 71973K, committed 72448K, reserved 1114112K
  class space    used 9822K, committed 10048K, reserved 1048576K
}
Event: 14.391 GC heap after
{Heap after GC invocations=26 (full 0):
 garbage-first heap   total 141312K, used 83894K [0x0000000704000000, 0x0000000800000000)
  region size 2048K, 3 young (6144K), 3 survivors (6144K)
 Metaspace       used 71973K, committed 72448K, reserved 1114112K
  class space    used 9822K, committed 10048K, reserved 1048576K
}
Event: 14.439 GC heap before
{Heap before GC invocations=27 (full 0):
 garbage-first heap   total 161792K, used 104374K [0x0000000704000000, 0x0000000800000000)
  region size 2048K, 15 young (30720K), 3 survivors (6144K)
 Metaspace       used 71973K, committed 72448K, reserved 1114112K
  class space    used 9822K, committed 10048K, reserved 1048576K
}
Event: 14.442 GC heap after
{Heap after GC invocations=28 (full 0):
 garbage-first heap   total 215040K, used 87961K [0x0000000704000000, 0x0000000800000000)
  region size 2048K, 2 young (4096K), 2 survivors (4096K)
 Metaspace       used 71973K, committed 72448K, reserved 1114112K
  class space    used 9822K, committed 10048K, reserved 1048576K
}
Event: 14.450 GC heap before
{Heap before GC invocations=28 (full 0):
 garbage-first heap   total 215040K, used 94105K [0x0000000704000000, 0x0000000800000000)
  region size 2048K, 5 young (10240K), 2 survivors (4096K)
 Metaspace       used 71973K, committed 72448K, reserved 1114112K
  class space    used 9822K, committed 10048K, reserved 1048576K
}
Event: 14.451 GC heap after
{Heap after GC invocations=29 (full 0):
 garbage-first heap   total 215040K, used 78629K [0x0000000704000000, 0x0000000800000000)
  region size 2048K, 1 young (2048K), 1 survivors (2048K)
 Metaspace       used 71973K, committed 72448K, reserved 1114112K
  class space    used 9822K, committed 10048K, reserved 1048576K
}
Event: 14.585 GC heap before
{Heap before GC invocations=29 (full 0):
 garbage-first heap   total 215040K, used 150309K [0x0000000704000000, 0x0000000800000000)
  region size 2048K, 37 young (75776K), 1 survivors (2048K)
 Metaspace       used 71982K, committed 72576K, reserved 1114112K
  class space    used 9823K, committed 10112K, reserved 1048576K
}
Event: 14.590 GC heap after
{Heap after GC invocations=30 (full 0):
 garbage-first heap   total 215040K, used 94347K [0x0000000704000000, 0x0000000800000000)
  region size 2048K, 5 young (10240K), 5 survivors (10240K)
 Metaspace       used 71982K, committed 72576K, reserved 1114112K
  class space    used 9823K, committed 10112K, reserved 1048576K
}
Event: 14.892 GC heap before
{Heap before GC invocations=30 (full 0):
 garbage-first heap   total 215040K, used 153739K [0x0000000704000000, 0x0000000800000000)
  region size 2048K, 35 young (71680K), 5 survivors (10240K)
 Metaspace       used 72128K, committed 72640K, reserved 1114112K
  class space    used 9855K, committed 10112K, reserved 1048576K
}
Event: 14.896 GC heap after
{Heap after GC invocations=31 (full 0):
 garbage-first heap   total 215040K, used 105738K [0x0000000704000000, 0x0000000800000000)
  region size 2048K, 5 young (10240K), 5 survivors (10240K)
 Metaspace       used 72128K, committed 72640K, reserved 1114112K
  class space    used 9855K, committed 10112K, reserved 1048576K
}
Event: 15.233 GC heap before
{Heap before GC invocations=31 (full 0):
 garbage-first heap   total 215040K, used 158986K [0x0000000704000000, 0x0000000800000000)
  region size 2048K, 31 young (63488K), 5 survivors (10240K)
 Metaspace       used 73692K, committed 74240K, reserved 1114112K
  class space    used 10045K, committed 10304K, reserved 1048576K
}

Dll operation events (12 events):
Event: 0.111 Loaded shared library D:\Program Files\Java\jdk-17\bin\java.dll
Event: 0.124 Loaded shared library D:\Program Files\Java\jdk-17\bin\jsvml.dll
Event: 0.388 Loaded shared library D:\Program Files\Java\jdk-17\bin\zip.dll
Event: 0.391 Loaded shared library D:\Program Files\Java\jdk-17\bin\instrument.dll
Event: 0.395 Loaded shared library D:\Program Files\Java\jdk-17\bin\net.dll
Event: 0.396 Loaded shared library D:\Program Files\Java\jdk-17\bin\nio.dll
Event: 0.412 Loaded shared library D:\Program Files\Java\jdk-17\bin\zip.dll
Event: 7.676 Loaded shared library D:\Program Files\Java\jdk-17\bin\extnet.dll
Event: 7.705 Loaded shared library D:\Program Files\Java\jdk-17\bin\jimage.dll
Event: 9.255 Loaded shared library D:\Program Files\Java\jdk-17\bin\management.dll
Event: 9.258 Loaded shared library D:\Program Files\Java\jdk-17\bin\management_ext.dll
Event: 9.438 Loaded shared library D:\Program Files\Java\jdk-17\bin\sunmscapi.dll

Deoptimization events (12 events):
Event: 11.701 Thread 0x000001ec6357bf90 DEOPT PACKING pc=0x000001ec6bafc58a sp=0x000000a1dcafa2b0
Event: 11.701 Thread 0x000001ec6357bf90 DEOPT UNPACKING pc=0x000001ec6b0e7143 sp=0x000000a1dcaf9848 mode 0
Event: 12.812 Thread 0x000001ec6357bf90 DEOPT PACKING pc=0x000001ec6b7455d2 sp=0x000000a1dcaf9a60
Event: 12.812 Thread 0x000001ec6357bf90 DEOPT UNPACKING pc=0x000001ec6b0e7143 sp=0x000000a1dcaf8f68 mode 3
Event: 12.812 Thread 0x000001ec6357bf90 DEOPT PACKING pc=0x000001ec6b6fe1cd sp=0x000000a1dcaf9a20
Event: 12.812 Thread 0x000001ec6357bf90 DEOPT UNPACKING pc=0x000001ec6b0e7143 sp=0x000000a1dcaf8f68 mode 3
Event: 15.144 Thread 0x000001ec6357bf90 DEOPT PACKING pc=0x000001ec6bb0a136 sp=0x000000a1dcafcd40
Event: 15.144 Thread 0x000001ec6357bf90 DEOPT UNPACKING pc=0x000001ec6b0e7143 sp=0x000000a1dcafc360 mode 0
Event: 15.144 Thread 0x000001ec6357bf90 DEOPT PACKING pc=0x000001ec6bb084cc sp=0x000000a1dcafcf70
Event: 15.144 Thread 0x000001ec6357bf90 DEOPT UNPACKING pc=0x000001ec6b0e7143 sp=0x000000a1dcafc590 mode 0
Event: 15.144 Thread 0x000001ec6357bf90 DEOPT PACKING pc=0x000001ec6bb3122c sp=0x000000a1dcafd320
Event: 15.144 Thread 0x000001ec6357bf90 DEOPT UNPACKING pc=0x000001ec6b0e7143 sp=0x000000a1dcafc8a8 mode 0

Classes loaded (20 events):
Event: 13.930 Loading class java/util/Comparators$NullComparator
Event: 13.930 Loading class java/util/Comparators$NullComparator done
Event: 13.977 Loading class java/util/HashMap$EntrySpliterator
Event: 13.977 Loading class java/util/HashMap$EntrySpliterator done
Event: 14.012 Loading class java/security/DomainCombiner
Event: 14.012 Loading class java/security/DomainCombiner done
Event: 14.023 Loading class java/lang/LayerInstantiationException
Event: 14.024 Loading class java/lang/LayerInstantiationException done
Event: 14.024 Loading class jdk/internal/loader/Loader
Event: 14.024 Loading class jdk/internal/loader/Loader done
Event: 14.030 Loading class java/io/IOError
Event: 14.030 Loading class java/io/IOError done
Event: 14.046 Loading class sun/nio/fs/WindowsLinkSupport
Event: 14.046 Loading class sun/nio/fs/WindowsLinkSupport done
Event: 14.049 Loading class java/nio/file/AccessMode
Event: 14.049 Loading class java/nio/file/AccessMode done
Event: 14.049 Loading class sun/nio/fs/WindowsFileSystemProvider$1
Event: 14.049 Loading class sun/nio/fs/WindowsFileSystemProvider$1 done
Event: 14.891 Loading class jdk/internal/reflect/UnsafeBooleanFieldAccessorImpl
Event: 14.891 Loading class jdk/internal/reflect/UnsafeBooleanFieldAccessorImpl done

Classes unloaded (0 events):
No events

Classes redefined (0 events):
No events

Internal exceptions (20 events):
Event: 14.594 Thread 0x000001ec48acba10 Exception <a 'sun/nio/fs/WindowsException'{0x0000000710fea360}> (0x0000000710fea360) 
thrown [s\src\hotspot\share\prims\jni.cpp, line 516]
Event: 14.594 Thread 0x000001ec48aa4d70 Exception <a 'sun/nio/fs/WindowsException'{0x0000000710fe2160}> (0x0000000710fe2160) 
thrown [s\src\hotspot\share\prims\jni.cpp, line 516]
Event: 14.594 Thread 0x000001ec48acba10 Exception <a 'sun/nio/fs/WindowsException'{0x0000000710feaf78}> (0x0000000710feaf78) 
thrown [s\src\hotspot\share\prims\jni.cpp, line 516]
Event: 14.594 Thread 0x000001ec48af3610 Exception <a 'sun/nio/fs/WindowsException'{0x0000000710c027e0}> (0x0000000710c027e0) 
thrown [s\src\hotspot\share\prims\jni.cpp, line 516]
Event: 14.594 Thread 0x000001ec48ace7a0 Exception <a 'sun/nio/fs/WindowsException'{0x0000000710ff3640}> (0x0000000710ff3640) 
thrown [s\src\hotspot\share\prims\jni.cpp, line 516]
Event: 14.594 Thread 0x000001ec48aa4d70 Exception <a 'sun/nio/fs/WindowsException'{0x0000000710fe2738}> (0x0000000710fe2738) 
thrown [s\src\hotspot\share\prims\jni.cpp, line 516]
Event: 14.594 Thread 0x000001ec48acba10 Exception <a 'sun/nio/fs/WindowsException'{0x0000000710feb590}> (0x0000000710feb590) 
thrown [s\src\hotspot\share\prims\jni.cpp, line 516]
Event: 14.594 Thread 0x000001ec48af5470 Exception <a 'sun/nio/fs/WindowsException'{0x0000000710c243d0}> (0x0000000710c243d0) 
thrown [s\src\hotspot\share\prims\jni.cpp, line 516]
Event: 14.594 Thread 0x000001ec48af3610 Exception <a 'sun/nio/fs/WindowsException'{0x0000000710c02de8}> (0x0000000710c02de8) 
thrown [s\src\hotspot\share\prims\jni.cpp, line 516]
Event: 14.594 Thread 0x000001ec48ace7a0 Exception <a 'sun/nio/fs/WindowsException'{0x0000000710ff4230}> (0x0000000710ff4230) 
thrown [s\src\hotspot\share\prims\jni.cpp, line 516]
Event: 14.594 Thread 0x000001ec48acba10 Exception <a 'sun/nio/fs/WindowsException'{0x0000000710fec190}> (0x0000000710fec190) 
thrown [s\src\hotspot\share\prims\jni.cpp, line 516]
Event: 14.594 Thread 0x000001ec48ace7a0 Exception <a 'sun/nio/fs/WindowsException'{0x0000000710ff4820}> (0x0000000710ff4820) 
thrown [s\src\hotspot\share\prims\jni.cpp, line 516]
Event: 14.594 Thread 0x000001ec48af3610 Exception <a 'sun/nio/fs/WindowsException'{0x0000000710c039e0}> (0x0000000710c039e0) 
thrown [s\src\hotspot\share\prims\jni.cpp, line 516]
Event: 14.594 Thread 0x000001ec48af5470 Exception <a 'sun/nio/fs/WindowsException'{0x0000000710c24990}> (0x0000000710c24990) 
thrown [s\src\hotspot\share\prims\jni.cpp, line 516]
Event: 14.594 Thread 0x000001ec48acba10 Exception <a 'sun/nio/fs/WindowsException'{0x0000000710fec7a0}> (0x0000000710fec7a0) 
thrown [s\src\hotspot\share\prims\jni.cpp, line 516]
Event: 14.594 Thread 0x000001ec48af3610 Exception <a 'sun/nio/fs/WindowsException'{0x0000000710c03fd8}> (0x0000000710c03fd8) 
thrown [s\src\hotspot\share\prims\jni.cpp, line 516]
Event: 14.594 Thread 0x000001ec48af5470 Exception <a 'sun/nio/fs/WindowsException'{0x0000000710c25588}> (0x0000000710c25588) 
thrown [s\src\hotspot\share\prims\jni.cpp, line 516]
Event: 14.594 Thread 0x000001ec48af5470 Exception <a 'sun/nio/fs/WindowsException'{0x0000000710c25b80}> (0x0000000710c25b80) 
thrown [s\src\hotspot\share\prims\jni.cpp, line 516]
Event: 14.595 Thread 0x000001ec48af5470 Exception <a 'sun/nio/fs/WindowsException'{0x0000000710c26770}> (0x0000000710c26770) 
thrown [s\src\hotspot\share\prims\jni.cpp, line 516]
Event: 14.595 Thread 0x000001ec48af5470 Exception <a 'sun/nio/fs/WindowsException'{0x0000000710c26d60}> (0x0000000710c26d60) 
thrown [s\src\hotspot\share\prims\jni.cpp, line 516]

VM Operations (20 events):
Event: 14.242 Executing VM operation: G1CollectForAllocation done
Event: 14.289 Executing VM operation: G1CollectForAllocation
Event: 14.292 Executing VM operation: G1CollectForAllocation done
Event: 14.388 Executing VM operation: G1CollectForAllocation
Event: 14.391 Executing VM operation: G1CollectForAllocation done
Event: 14.409 Executing VM operation: G1PauseRemark
Event: 14.412 Executing VM operation: G1PauseRemark done
Event: 14.422 Executing VM operation: G1PauseCleanup
Event: 14.422 Executing VM operation: G1PauseCleanup done
Event: 14.439 Executing VM operation: G1CollectForAllocation
Event: 14.443 Executing VM operation: G1CollectForAllocation done
Event: 14.450 Executing VM operation: G1CollectForAllocation
Event: 14.451 Executing VM operation: G1CollectForAllocation done
Event: 14.585 Executing VM operation: G1CollectForAllocation
Event: 14.590 Executing VM operation: G1CollectForAllocation done
Event: 14.892 Executing VM operation: G1CollectForAllocation
Event: 14.896 Executing VM operation: G1CollectForAllocation done
Event: 15.144 Executing VM operation: HandshakeAllThreads
Event: 15.144 Executing VM operation: HandshakeAllThreads done
Event: 15.233 Executing VM operation: G1CollectForAllocation

Memory protections (0 events):
No events

Nmethod flushes (0 events):
No events

Events (20 events):
Event: 14.667 Thread 0x000001ec48a7c880 Thread exited: 0x000001ec48a7c880
Event: 14.667 Thread 0x000001ec48a7cd90 Thread exited: 0x000001ec48a7cd90
Event: 14.667 Thread 0x000001ec48a7b440 Thread exited: 0x000001ec48a7b440
Event: 14.667 Thread 0x000001ec48a7fdd0 Thread exited: 0x000001ec48a7fdd0
Event: 14.667 Thread 0x000001ec48af3100 Thread exited: 0x000001ec48af3100
Event: 14.667 Thread 0x000001ec48a7d2a0 Thread exited: 0x000001ec48a7d2a0
Event: 14.667 Thread 0x000001ec48bcf8b0 Thread exited: 0x000001ec48bcf8b0
Event: 14.667 Thread 0x000001ec48af5470 Thread exited: 0x000001ec48af5470
Event: 14.667 Thread 0x000001ec48af2bf0 Thread exited: 0x000001ec48af2bf0
Event: 14.667 Thread 0x000001ec48a90620 Thread exited: 0x000001ec48a90620
Event: 14.667 Thread 0x000001ec48a90b30 Thread exited: 0x000001ec48a90b30
Event: 14.667 Thread 0x000001ec48af4a50 Thread exited: 0x000001ec48af4a50
Event: 14.667 Thread 0x000001ec48af4030 Thread exited: 0x000001ec48af4030
Event: 14.667 Thread 0x000001ec48af5980 Thread exited: 0x000001ec48af5980
Event: 14.667 Thread 0x000001ec48a7a000 Thread exited: 0x000001ec48a7a000
Event: 14.667 Thread 0x000001ec48a7af30 Thread exited: 0x000001ec48a7af30
Event: 14.667 Thread 0x000001ec48a79af0 Thread exited: 0x000001ec48a79af0
Event: 14.667 Thread 0x000001ec48a90110 Thread exited: 0x000001ec48a90110
Event: 14.667 Thread 0x000001ec48a7a510 Thread exited: 0x000001ec48a7a510
Event: 14.830 Thread 0x000001ec6357bf90 Thread added: 0x000001ec48bcee90


Dynamic libraries:
0x00007ff7466f0000 - 0x00007ff7466fe000 	D:\Program Files\Java\jdk-17\bin\java.exe
0x00007ffd8eb20000 - 0x00007ffd8ed87000 	C:\WINDOWS\SYSTEM32\ntdll.dll
0x00007ffd8ccf0000 - 0x00007ffd8cdb9000 	C:\WINDOWS\System32\KERNEL32.DLL
0x00007ffd8c280000 - 0x00007ffd8c674000 	C:\WINDOWS\System32\KERNELBASE.dll
0x00007ffd8c680000 - 0x00007ffd8c7cb000 	C:\WINDOWS\System32\ucrtbase.dll
0x00007ffd68e30000 - 0x00007ffd68e47000 	D:\Program Files\Java\jdk-17\bin\jli.dll
0x00007ffd6ab50000 - 0x00007ffd6ab6d000 	D:\Program Files\Java\jdk-17\bin\VCRUNTIME140.dll
0x00007ffd8ca50000 - 0x00007ffd8cc15000 	C:\WINDOWS\System32\USER32.dll
0x00007ffd8c7d0000 - 0x00007ffd8c7f7000 	C:\WINDOWS\System32\win32u.dll
0x00007ffd8ca20000 - 0x00007ffd8ca4b000 	C:\WINDOWS\System32\GDI32.dll
0x00007ffd8bf20000 - 0x00007ffd8c04b000 	C:\WINDOWS\System32\gdi32full.dll
0x00007ffd707a0000 - 0x00007ffd70a33000 	C:\WINDOWS\WinSxS\amd64_microsoft.windows.common-controls_6595b64144ccf1df_6.0.26100.8115_none_3e075c82e3354f9c\COMCTL32.dll
0x00007ffd8c800000 - 0x00007ffd8c8a3000 	C:\WINDOWS\System32\msvcp_win.dll
0x00007ffd8d980000 - 0x00007ffd8da29000 	C:\WINDOWS\System32\msvcrt.dll
0x00007ffd8dec0000 - 0x00007ffd8def2000 	C:\WINDOWS\System32\IMM32.DLL
0x00007ffd6ba00000 - 0x00007ffd6ba0c000 	D:\Program Files\Java\jdk-17\bin\vcruntime140_1.dll
0x00007ffd561a0000 - 0x00007ffd5622d000 	D:\Program Files\Java\jdk-17\bin\msvcp140.dll
0x00007ffcefdf0000 - 0x00007ffcf0a62000 	D:\Program Files\Java\jdk-17\bin\server\jvm.dll
0x00007ffd8ea20000 - 0x00007ffd8ead6000 	C:\WINDOWS\System32\ADVAPI32.dll
0x00007ffd8e580000 - 0x00007ffd8e627000 	C:\WINDOWS\System32\sechost.dll
0x00007ffd8df00000 - 0x00007ffd8e018000 	C:\WINDOWS\System32\RPCRT4.dll
0x00007ffd8c990000 - 0x00007ffd8ca10000 	C:\WINDOWS\System32\WS2_32.dll
0x00007ffd8ade0000 - 0x00007ffd8ae3e000 	C:\WINDOWS\SYSTEM32\POWRPROF.dll
0x00007ffd82410000 - 0x00007ffd8241b000 	C:\WINDOWS\SYSTEM32\VERSION.dll
0x00007ffd801b0000 - 0x00007ffd801e6000 	C:\WINDOWS\SYSTEM32\WINMM.dll
0x00007ffd8acc0000 - 0x00007ffd8acd4000 	C:\WINDOWS\SYSTEM32\UMPDC.dll
0x00007ffd8a180000 - 0x00007ffd8a19b000 	C:\WINDOWS\SYSTEM32\kernel.appcore.dll
0x00007ffd68f00000 - 0x00007ffd68f0a000 	D:\Program Files\Java\jdk-17\bin\jimage.dll
0x00007ffd88ff0000 - 0x00007ffd89232000 	C:\WINDOWS\SYSTEM32\DBGHELP.DLL
0x00007ffd8e630000 - 0x00007ffd8e9b2000 	C:\WINDOWS\System32\combase.dll
0x00007ffd8cdc0000 - 0x00007ffd8ce98000 	C:\WINDOWS\System32\OLEAUT32.dll
0x00007ffd68ec0000 - 0x00007ffd68efb000 	C:\WINDOWS\SYSTEM32\dbgcore.DLL
0x00007ffd8bc60000 - 0x00007ffd8bd05000 	C:\WINDOWS\System32\bcryptPrimitives.dll
0x00007ffd68e20000 - 0x00007ffd68e2e000 	D:\Program Files\Java\jdk-17\bin\instrument.dll
0x00007ffd67f10000 - 0x00007ffd67f35000 	D:\Program Files\Java\jdk-17\bin\java.dll
0x00007ffd40b80000 - 0x00007ffd40c57000 	D:\Program Files\Java\jdk-17\bin\jsvml.dll
0x00007ffd8d210000 - 0x00007ffd8d977000 	C:\WINDOWS\System32\SHELL32.dll
0x00007ffd8c110000 - 0x00007ffd8c27a000 	C:\WINDOWS\System32\wintypes.dll
0x00007ffd8b3f0000 - 0x00007ffd8bc58000 	C:\WINDOWS\System32\windows.storage.dll
0x00007ffd8e330000 - 0x00007ffd8e428000 	C:\WINDOWS\System32\SHCORE.dll
0x00007ffd8d1a0000 - 0x00007ffd8d206000 	C:\WINDOWS\System32\shlwapi.dll
0x00007ffd8b310000 - 0x00007ffd8b339000 	C:\WINDOWS\SYSTEM32\profapi.dll
0x00007ffd650c0000 - 0x00007ffd650d8000 	D:\Program Files\Java\jdk-17\bin\zip.dll
0x00007ffd675b0000 - 0x00007ffd675ca000 	D:\Program Files\Java\jdk-17\bin\net.dll
0x00007ffd84080000 - 0x00007ffd841ad000 	C:\WINDOWS\SYSTEM32\WINHTTP.dll
0x00007ffd8a6f0000 - 0x00007ffd8a75c000 	C:\WINDOWS\system32\mswsock.dll
0x00007ffd67550000 - 0x00007ffd67566000 	D:\Program Files\Java\jdk-17\bin\nio.dll
0x00007ffd67f00000 - 0x00007ffd67f09000 	D:\Program Files\Java\jdk-17\bin\extnet.dll
0x00007ffd89c80000 - 0x00007ffd89cb2000 	C:\WINDOWS\SYSTEM32\IPHLPAPI.DLL
0x00007ffd8e210000 - 0x00007ffd8e21a000 	C:\WINDOWS\System32\NSI.dll
0x00007ffd84b00000 - 0x00007ffd84b1d000 	C:\WINDOWS\SYSTEM32\dhcpcsvc6.DLL
0x00007ffd84ad0000 - 0x00007ffd84af5000 	C:\WINDOWS\SYSTEM32\dhcpcsvc.DLL
0x00007ffd89cc0000 - 0x00007ffd89df2000 	C:\WINDOWS\SYSTEM32\DNSAPI.dll
0x00007ffd8a9d0000 - 0x00007ffd8a9eb000 	C:\WINDOWS\SYSTEM32\CRYPTSP.dll
0x00007ffd8a0e0000 - 0x00007ffd8a119000 	C:\WINDOWS\system32\rsaenh.dll
0x00007ffd8a7a0000 - 0x00007ffd8a7d3000 	C:\WINDOWS\SYSTEM32\USERENV.dll
0x00007ffd8b2e0000 - 0x00007ffd8b30a000 	C:\WINDOWS\SYSTEM32\bcrypt.dll
0x00007ffd8a9f0000 - 0x00007ffd8a9fc000 	C:\WINDOWS\SYSTEM32\CRYPTBASE.dll
0x00007ffd67e50000 - 0x00007ffd67e5a000 	D:\Program Files\Java\jdk-17\bin\management.dll
0x00007ffd675a0000 - 0x00007ffd675ab000 	D:\Program Files\Java\jdk-17\bin\management_ext.dll
0x00007ffd8e220000 - 0x00007ffd8e228000 	C:\WINDOWS\System32\PSAPI.DLL
0x00007ffd68ae0000 - 0x00007ffd68aee000 	D:\Program Files\Java\jdk-17\bin\sunmscapi.dll
0x00007ffd8bd10000 - 0x00007ffd8be87000 	C:\WINDOWS\System32\CRYPT32.dll
0x00007ffd8ac80000 - 0x00007ffd8acb0000 	C:\WINDOWS\SYSTEM32\ncrypt.dll
0x00007ffd8ac30000 - 0x00007ffd8ac6f000 	C:\WINDOWS\SYSTEM32\NTASN1.dll
0x00007ffd5b470000 - 0x00007ffd5b478000 	C:\WINDOWS\system32\wshunix.dll
0x00007ffd5efe0000 - 0x00007ffd5eff8000 	C:\WINDOWS\system32\napinsp.dll
0x00007ffd5e1f0000 - 0x00007ffd5e203000 	C:\WINDOWS\System32\winrnr.dll
0x00007ffd5e1c0000 - 0x00007ffd5e1e2000 	C:\WINDOWS\system32\nlansp_c.dll
0x00007ffd84860000 - 0x00007ffd84876000 	C:\WINDOWS\system32\wshbth.dll
0x00007ffd830a0000 - 0x00007ffd830ab000 	C:\Windows\System32\rasadhlp.dll
0x00007ffd84e30000 - 0x00007ffd84eb6000 	C:\WINDOWS\System32\fwpuclnt.dll

dbghelp: loaded successfully - version: 4.0.5 - missing functions: none
symbol engine: initialized successfully - sym options: 0x614 - pdb path: .;D:\Program Files\Java\jdk-17\bin;C:\WINDOWS\SYSTEM32;C:\WINDOWS\WinSxS\amd64_microsoft.windows.common-controls_6595b64144ccf1df_6.0.26100.8115_none_3e075c82e3354f9c;D:\Program Files\Java\jdk-17\bin\server

VM Arguments:
jvm_args: -XX:TieredStopAtLevel=1 -Dspring.output.ansi.enabled=always -javaagent:D:\IntelliJ IDEA 2026.1\lib\idea_rt.jar=55544 -Dfile.encoding=UTF-8 
java_command: com.atguigu.daijia.ServiceDispatchApplication
java_class_path (initial): D:\桌面\毕设\硅谷代驾\代码\daijia-parent\service\service-dispatch\target\classes;D:\IdeaProjects\apache-maven-3.6.1\mvn_repo\com\xuxueli\xxl-job-core\2.4.0\xxl-job-core-2.4.0.jar;D:\IdeaProjects\apache-maven-3.6.1\mvn_repo\io\netty\netty-codec-http\4.1.90.Final\netty-codec-http-4.1.90.Final.jar;D:\IdeaProjects\apache-maven-3.6.1\mvn_repo\io\netty\netty-common\4.1.90.Final\netty-common-4.1.90.Final.jar;D:\IdeaProjects\apache-maven-3.6.1\mvn_repo\io\netty\netty-buffer\4.1.90.Final\netty-buffer-4.1.90.Final.jar;D:\IdeaProjects\apache-maven-3.6.1\mvn_repo\io\netty\netty-transport\4.1.90.Final\netty-transport-4.1.90.Final.jar;D:\IdeaProjects\apache-maven-3.6.1\mvn_repo\io\netty\netty-codec\4.1.90.Final\netty-codec-4.1.90.Final.jar;D:\IdeaProjects\apache-maven-3.6.1\mvn_repo\io\netty\netty-handler\4.1.90.Final\netty-handler-4.1.90.Final.jar;D:\IdeaProjects\apache-maven-3.6.1\mvn_repo\io\netty\netty-transport-native-unix-common\4.1.90.Final\netty-transport-native-unix-common-4.1.90.Final.jar;D:\IdeaProjects\apache-maven-3.6.1\mvn_repo\com\google\code\gson\gson\2.9.1\gson-2.9.1.jar;D:\IdeaProjects\apache-maven-3.6.1\mvn_repo\org\apache\groovy\groovy\4.0.10\groovy-4.0.10.jar;D:\IdeaProjects\apache-maven-3.6.1\mvn_repo\org\slf4j\slf4j-api\2.0.7\slf4j-api-2.0.7.jar;D:\桌面\毕设\硅谷代驾\代码\daijia-parent\common\service-util\target\classes;D:\桌面\毕设\硅谷代驾\代码\daijia-parent\common\common-util\target\classes;D:\IdeaProjects\apache-maven-3.6.1\mvn_repo\org\projectlombok\lombok\1.18.26\lombok-1.18.26.jar;D:\IdeaProjects\apache-maven-3.6.1\mvn_repo\com\alibaba\fastjson\2.0.41\fastjson-2.0.41.jar;D:\IdeaProjects\apache-maven-3.6.1\mvn_repo\com\alibaba\fastjson2\fastjson2-extension\2.0.41\fastjson2-extension-2.0.41.jar;D:\IdeaProjects\apache-maven-3.6.1\mvn_repo\com\alibaba\fastjson2\fastjson2\2.0.41\fastjson2-2.0.41.jar;D:\IdeaProjects\apache-maven-3.6.1\mvn_repo\joda-time\joda-time\2.10.1\joda-time-2.10.1.jar;D:\IdeaProjects\apache-maven-3.6.1\mv
Launcher Type: SUN_STANDARD

[Global flags]
     intx CICompilerCount                          = 12                                        {product} {ergonomic}
     uint ConcGCThreads                            = 4                                         {product} {ergonomic}
     uint G1ConcRefinementThreads                  = 15                                        {product} {ergonomic}
   size_t G1HeapRegionSize                         = 2097152                                   {product} {ergonomic}
    uintx GCDrainStackTargetSize                   = 64                                        {product} {ergonomic}
   size_t InitialHeapSize                          = 264241152                                 {product} {ergonomic}
   size_t MarkStackSize                            = 4194304                                   {product} {ergonomic}
   size_t MaxHeapSize                              = 4227858432                                {product} {ergonomic}
   size_t MaxNewSize                               = 2535456768                                {product} {ergonomic}
   size_t MinHeapDeltaBytes                        = 2097152                                   {product} {ergonomic}
   size_t MinHeapSize                              = 8388608                                   {product} {ergonomic}
    uintx NonProfiledCodeHeapSize                  = 0                                      {pd product} {ergonomic}
     bool ProfileInterpreter                       = false                                  {pd product} {command line}
    uintx ProfiledCodeHeapSize                     = 0                                      {pd product} {ergonomic}
   size_t SoftMaxHeapSize                          = 4227858432                             {manageable} {ergonomic}
     intx TieredStopAtLevel                        = 1                                         {product} {command line}
     bool UseCompressedClassPointers               = true                           {product lp64_product} {ergonomic}
     bool UseCompressedOops                        = true                           {product lp64_product} {ergonomic}
     bool UseG1GC                                  = true                                      {product} {ergonomic}
     bool UseLargePagesIndividualAllocation        = false                                  {pd product} {ergonomic}

Logging:
Log output configuration:
 #0: stdout all=warning uptime,level,tags
 #1: stderr all=off uptime,level,tags

Environment Variables:
JAVA_HOME=D:\Program Files\Java\jdk-11
PATH=D:\Python\Python313\Scripts\;D:\Python\Python313\;C:\Program Files (x86)\Razer Chroma SDK\bin;C:\Program Files\Razer Chroma SDK\bin;D:\Program Files (x86)\VMware\VMware Workstation\bin\;D:\Program Files\Java\jdk-11\bin;C:\Program Files (x86)\Common Files\Oracle\Java\javapath;C:\Windows\system32;C:\Windows;C:\Windows\System32\Wbem;C:\Windows\System32\WindowsPowerShell\v1.0\;C:\Windows\System32\OpenSSH\;C:\Program Files (x86)\NVIDIA Corporation\PhysX\Common;C:\Program Files\NVIDIA Corporation\NVIDIA NvDLISR;C:\WINDOWS\system32;C:\WINDOWS;C:\WINDOWS\System32\Wbem;C:\WINDOWS\System32\WindowsPowerShell\v1.0\;C:\WINDOWS\System32\OpenSSH\;C:\Program Files (x86)\Microsoft SQL Server\160\Tools\Binn\;C:\Program Files\Microsoft SQL Server\160\Tools\Binn\;C:\Program Files\Microsoft SQL Server\Client SDK\ODBC\170\Tools\Binn\;C:\Program Files\Microsoft SQL Server\160\DTS\Binn\;C:\Program Files (x86)\Microsoft SQL Server\160\DTS\Binn\;C:\Program Files\Azure Data Studio\bin;d:\altera\91sp2\quartus\bin;D:\IdeaProjects\apache-maven-3.6.1\bin;D:\Program Files\Git\cmd;D:\Program Files (x86)\Tencent\微信web开发者工具\dll;C:\WINDOWS\system32\config\systemprofile\AppData\Local\Microsoft\WindowsApps;C:\Program Files (x86)\Razer\ChromaBroadcast\bin;C:\Program Files\Razer\ChromaBroadcast\bin;C:\Users\Lenovo\AppData\Local\Microsoft\WindowsApps;D:\VS\Microsoft VS Code\bin;D:\LenovoSoftstore\Install\QQliuxidating\QQGameTempest\Hall.58012\;C:\Program Files\JetBrains\IntelliJ IDEA 2021.2.2\bin;D:\Program Files\cpolar\;C:\Program Files\dotnet\;C:\WINDOWS\system32;C:\WINDOWS;C:\WINDOWS\System32\Wbem;C:\WINDOWS\System32\WindowsPowerShell\v1.0\;C:\WINDOWS\System32\OpenSSH\;D:\Anaconda;D:\Anaconda\Scripts;D:\Anaconda\Library\bin;D:\nvm;D:\nvm4w\nodejs;%ERLANG_HOME%\bin;C:\Users\Lenovo\AppData\Local\Microsoft\WindowsApps;D:\VS\Microsoft VS Code\bin;C:\Program Files\Azure Data Studio\bin;D:\LenovoSoftstore\Install\QQliuxidating\QQGameTempest\Hall.58012\;D:\IntelliJ IDEA 2026.1\bin;D:\Program Files\cpolar\;C:\Users\Lenovo\AppData\Roaming\npm;D:\Pycharm\PyCharm 2025.3.3\bin;D:\cursor\resources\app\bin;D:\nvm;D:\nvm4w\nodejs
USERNAME=Lenovo
OS=Windows_NT
PROCESSOR_IDENTIFIER=Intel64 Family 6 Model 154 Stepping 3, GenuineIntel
TMP=D:\cache\temp
TEMP=D:\cache\temp



Periodic native trim disabled


---------------  S Y S T E M  ---------------

OS:
 Windows 11 , 64 bit Build 26100 (10.0.26100.8246)
OS uptime: 2 days 10:22 hours
Hyper-V role detected

CPU: total 20 (initial active 20) (10 cores per cpu, 2 threads per core) family 6 model 154 stepping 3 microcode 0x416, cx8, cmov, fxsr, ht, mmx, 3dnowpref, sse, sse2, sse3, ssse3, sse4.1, sse4.2, popcnt, lzcnt, tsc, tscinvbit, avx, avx2, aes, erms, clmul, bmi1, bmi2, adx, sha, fma, vzeroupper, clflush, clflushopt, clwb, hv
Processor Information for processor 0
  Max Mhz: 2300, Current Mhz: 2300, Mhz Limit: 2300
Processor Information for processor 1
  Max Mhz: 2300, Current Mhz: 2300, Mhz Limit: 2300
Processor Information for processor 2
  Max Mhz: 2300, Current Mhz: 2300, Mhz Limit: 2300
Processor Information for processor 3
  Max Mhz: 2300, Current Mhz: 2300, Mhz Limit: 2300
Processor Information for processor 4
  Max Mhz: 2300, Current Mhz: 2300, Mhz Limit: 2300
Processor Information for processor 5
  Max Mhz: 2300, Current Mhz: 2300, Mhz Limit: 2300
Processor Information for processor 6
  Max Mhz: 2300, Current Mhz: 2300, Mhz Limit: 2300
Processor Information for processor 7
  Max Mhz: 2300, Current Mhz: 2300, Mhz Limit: 2300
Processor Information for processor 8
  Max Mhz: 2300, Current Mhz: 2300, Mhz Limit: 2300
Processor Information for processor 9
  Max Mhz: 2300, Current Mhz: 2300, Mhz Limit: 2300
Processor Information for processor 10
  Max Mhz: 2300, Current Mhz: 2300, Mhz Limit: 2300
Processor Information for processor 11
  Max Mhz: 2300, Current Mhz: 2300, Mhz Limit: 2300
Processor Information for processor 12
  Max Mhz: 2300, Current Mhz: 1700, Mhz Limit: 1679
Processor Information for processor 13
  Max Mhz: 2300, Current Mhz: 1700, Mhz Limit: 1679
Processor Information for processor 14
  Max Mhz: 2300, Current Mhz: 1700, Mhz Limit: 1679
Processor Information for processor 15
  Max Mhz: 2300, Current Mhz: 1700, Mhz Limit: 1679
Processor Information for processor 16
  Max Mhz: 2300, Current Mhz: 1700, Mhz Limit: 1679
Processor Information for processor 17
  Max Mhz: 2300, Current Mhz: 1700, Mhz Limit: 1679
Processor Information for processor 18
  Max Mhz: 2300, Current Mhz: 1700, Mhz Limit: 1679
Processor Information for processor 19
  Max Mhz: 2300, Current Mhz: 1700, Mhz Limit: 1679

Memory: 4k page, system-wide physical 16124M (709M free)
TotalPageFile size 48892M (AvailPageFile size 114M)
current process WorkingSet (physical memory assigned to process): 469M, peak: 469M
current process commit charge ("private bytes"): 572M, peak: 740M

vm_info: OpenJDK 64-Bit Server VM (17.0.14+7-LTS) for windows-amd64 JRE (17.0.14+7-LTS), built on Jan  8 2025 23:39:28 by "MicrosoftCorporation" with unknown MS VC++:1939

END.
